<?xml version="1.0" encoding="ISO-8859-1" ?>
<link_info>
   <banner>TMS320C2000 Linker PC v20.2.2.LTS</banner>
   <copyright>Copyright (c) 1996-2018 Texas Instruments Incorporated</copyright>
   <link_time>0x5fb067db</link_time>
   <link_errors>0x1</link_errors>
   <output_file>DSP_28004x_02_TS_CLA.out</output_file>
   <entry_point>
      <name>_c_int00</name>
      <address>0x9f8b</address>
   </entry_point>
   <input_file_list>
      <input_file id="fl-2">
         <path>.\</path>
         <kind>object</kind>
         <file>f28004x_globalvariabledefs.obj</file>
         <name>f28004x_globalvariabledefs.obj</name>
      </input_file>
      <input_file id="fl-3">
         <path>.\TS_SysMng\Src\</path>
         <kind>object</kind>
         <file>cla_ex1_adc_fir_cla.obj</file>
         <name>cla_ex1_adc_fir_cla.obj</name>
      </input_file>
      <input_file id="fl-4">
         <path>.\TS_SysMng\Src\</path>
         <kind>object</kind>
         <file>main.obj</file>
         <name>main.obj</name>
      </input_file>
      <input_file id="fl-5">
         <path>.\driverlib\f28004x\driverlib\</path>
         <kind>object</kind>
         <file>adc.obj</file>
         <name>adc.obj</name>
      </input_file>
      <input_file id="fl-6">
         <path>.\driverlib\f28004x\driverlib\</path>
         <kind>object</kind>
         <file>asysctl.obj</file>
         <name>asysctl.obj</name>
      </input_file>
      <input_file id="fl-7">
         <path>.\driverlib\f28004x\driverlib\</path>
         <kind>object</kind>
         <file>can.obj</file>
         <name>can.obj</name>
      </input_file>
      <input_file id="fl-8">
         <path>.\driverlib\f28004x\driverlib\</path>
         <kind>object</kind>
         <file>cla.obj</file>
         <name>cla.obj</name>
      </input_file>
      <input_file id="fl-9">
         <path>.\driverlib\f28004x\driverlib\</path>
         <kind>object</kind>
         <file>clapromcrc.obj</file>
         <name>clapromcrc.obj</name>
      </input_file>
      <input_file id="fl-a">
         <path>.\driverlib\f28004x\driverlib\</path>
         <kind>object</kind>
         <file>clb.obj</file>
         <name>clb.obj</name>
      </input_file>
      <input_file id="fl-b">
         <path>.\driverlib\f28004x\driverlib\</path>
         <kind>object</kind>
         <file>cmpss.obj</file>
         <name>cmpss.obj</name>
      </input_file>
      <input_file id="fl-c">
         <path>.\driverlib\f28004x\driverlib\</path>
         <kind>object</kind>
         <file>cputimer.obj</file>
         <name>cputimer.obj</name>
      </input_file>
      <input_file id="fl-d">
         <path>.\driverlib\f28004x\driverlib\</path>
         <kind>object</kind>
         <file>dac.obj</file>
         <name>dac.obj</name>
      </input_file>
      <input_file id="fl-e">
         <path>.\driverlib\f28004x\driverlib\</path>
         <kind>object</kind>
         <file>dcc.obj</file>
         <name>dcc.obj</name>
      </input_file>
      <input_file id="fl-f">
         <path>.\driverlib\f28004x\driverlib\</path>
         <kind>object</kind>
         <file>dcsm.obj</file>
         <name>dcsm.obj</name>
      </input_file>
      <input_file id="fl-10">
         <path>.\driverlib\f28004x\driverlib\</path>
         <kind>object</kind>
         <file>dma.obj</file>
         <name>dma.obj</name>
      </input_file>
      <input_file id="fl-11">
         <path>.\driverlib\f28004x\driverlib\</path>
         <kind>object</kind>
         <file>ecap.obj</file>
         <name>ecap.obj</name>
      </input_file>
      <input_file id="fl-12">
         <path>.\driverlib\f28004x\driverlib\</path>
         <kind>object</kind>
         <file>epwm.obj</file>
         <name>epwm.obj</name>
      </input_file>
      <input_file id="fl-13">
         <path>.\driverlib\f28004x\driverlib\</path>
         <kind>object</kind>
         <file>eqep.obj</file>
         <name>eqep.obj</name>
      </input_file>
      <input_file id="fl-14">
         <path>.\driverlib\f28004x\driverlib\</path>
         <kind>object</kind>
         <file>flash.obj</file>
         <name>flash.obj</name>
      </input_file>
      <input_file id="fl-15">
         <path>.\driverlib\f28004x\driverlib\</path>
         <kind>object</kind>
         <file>fsi.obj</file>
         <name>fsi.obj</name>
      </input_file>
      <input_file id="fl-16">
         <path>.\driverlib\f28004x\driverlib\</path>
         <kind>object</kind>
         <file>gpio.obj</file>
         <name>gpio.obj</name>
      </input_file>
      <input_file id="fl-17">
         <path>.\driverlib\f28004x\driverlib\</path>
         <kind>object</kind>
         <file>hrcap.obj</file>
         <name>hrcap.obj</name>
      </input_file>
      <input_file id="fl-18">
         <path>.\driverlib\f28004x\driverlib\</path>
         <kind>object</kind>
         <file>hrpwm.obj</file>
         <name>hrpwm.obj</name>
      </input_file>
      <input_file id="fl-19">
         <path>.\driverlib\f28004x\driverlib\</path>
         <kind>object</kind>
         <file>i2c.obj</file>
         <name>i2c.obj</name>
      </input_file>
      <input_file id="fl-1a">
         <path>.\driverlib\f28004x\driverlib\</path>
         <kind>object</kind>
         <file>interrupt.obj</file>
         <name>interrupt.obj</name>
      </input_file>
      <input_file id="fl-1b">
         <path>.\driverlib\f28004x\driverlib\</path>
         <kind>object</kind>
         <file>lin.obj</file>
         <name>lin.obj</name>
      </input_file>
      <input_file id="fl-1c">
         <path>.\driverlib\f28004x\driverlib\</path>
         <kind>object</kind>
         <file>memcfg.obj</file>
         <name>memcfg.obj</name>
      </input_file>
      <input_file id="fl-1d">
         <path>.\driverlib\f28004x\driverlib\</path>
         <kind>object</kind>
         <file>pga.obj</file>
         <name>pga.obj</name>
      </input_file>
      <input_file id="fl-1e">
         <path>.\driverlib\f28004x\driverlib\</path>
         <kind>object</kind>
         <file>pmbus.obj</file>
         <name>pmbus.obj</name>
      </input_file>
      <input_file id="fl-1f">
         <path>.\driverlib\f28004x\driverlib\</path>
         <kind>object</kind>
         <file>sci.obj</file>
         <name>sci.obj</name>
      </input_file>
      <input_file id="fl-20">
         <path>.\driverlib\f28004x\driverlib\</path>
         <kind>object</kind>
         <file>sdfm.obj</file>
         <name>sdfm.obj</name>
      </input_file>
      <input_file id="fl-21">
         <path>.\driverlib\f28004x\driverlib\</path>
         <kind>object</kind>
         <file>spi.obj</file>
         <name>spi.obj</name>
      </input_file>
      <input_file id="fl-22">
         <path>.\driverlib\f28004x\driverlib\</path>
         <kind>object</kind>
         <file>sysctl.obj</file>
         <name>sysctl.obj</name>
      </input_file>
      <input_file id="fl-23">
         <path>.\driverlib\f28004x\driverlib\</path>
         <kind>object</kind>
         <file>version.obj</file>
         <name>version.obj</name>
      </input_file>
      <input_file id="fl-24">
         <path>.\driverlib\f28004x\driverlib\</path>
         <kind>object</kind>
         <file>xbar.obj</file>
         <name>xbar.obj</name>
      </input_file>
      <input_file id="fl-25">
         <path>.\source\</path>
         <kind>object</kind>
         <file>device.obj</file>
         <name>device.obj</name>
      </input_file>
      <input_file id="fl-26">
         <path>.\source\</path>
         <kind>object</kind>
         <file>f28004x_adc.obj</file>
         <name>f28004x_adc.obj</name>
      </input_file>
      <input_file id="fl-27">
         <path>.\source\</path>
         <kind>object</kind>
         <file>f28004x_codestartbranch.obj</file>
         <name>f28004x_codestartbranch.obj</name>
      </input_file>
      <input_file id="fl-28">
         <path>.\source\</path>
         <kind>object</kind>
         <file>f28004x_cputimers.obj</file>
         <name>f28004x_cputimers.obj</name>
      </input_file>
      <input_file id="fl-29">
         <path>.\source\</path>
         <kind>object</kind>
         <file>f28004x_dcsm_z1otp.obj</file>
         <name>f28004x_dcsm_z1otp.obj</name>
      </input_file>
      <input_file id="fl-2a">
         <path>.\source\</path>
         <kind>object</kind>
         <file>f28004x_dcsm_z2otp.obj</file>
         <name>f28004x_dcsm_z2otp.obj</name>
      </input_file>
      <input_file id="fl-2b">
         <path>.\source\</path>
         <kind>object</kind>
         <file>f28004x_defaultisr.obj</file>
         <name>f28004x_defaultisr.obj</name>
      </input_file>
      <input_file id="fl-2c">
         <path>.\source\</path>
         <kind>object</kind>
         <file>f28004x_dma.obj</file>
         <name>f28004x_dma.obj</name>
      </input_file>
      <input_file id="fl-2d">
         <path>.\source\</path>
         <kind>object</kind>
         <file>f28004x_gpio.obj</file>
         <name>f28004x_gpio.obj</name>
      </input_file>
      <input_file id="fl-2e">
         <path>.\source\</path>
         <kind>object</kind>
         <file>f28004x_piectrl.obj</file>
         <name>f28004x_piectrl.obj</name>
      </input_file>
      <input_file id="fl-2f">
         <path>.\source\</path>
         <kind>object</kind>
         <file>f28004x_pievect.obj</file>
         <name>f28004x_pievect.obj</name>
      </input_file>
      <input_file id="fl-30">
         <path>.\source\</path>
         <kind>object</kind>
         <file>f28004x_spi.obj</file>
         <name>f28004x_spi.obj</name>
      </input_file>
      <input_file id="fl-31">
         <path>.\source\</path>
         <kind>object</kind>
         <file>f28004x_sysctrl.obj</file>
         <name>f28004x_sysctrl.obj</name>
      </input_file>
      <input_file id="fl-32">
         <path>.\source\</path>
         <kind>object</kind>
         <file>f28004x_usdelay.obj</file>
         <name>f28004x_usdelay.obj</name>
      </input_file>
      <input_file id="fl-37">
         <kind>object</kind>
         <file>&lt;internal&gt;</file>
         <name>&lt;internal&gt;</name>
      </input_file>
      <input_file id="fl-43">
         <path>C:\ti\ccs1000\ccs\tools\compiler\ti-cgt-c2000_20.2.2.LTS\lib\</path>
         <kind>archive</kind>
         <file>rts2800_fpu32.lib</file>
         <name>boot28.asm.obj</name>
      </input_file>
      <input_file id="fl-44">
         <path>C:\ti\ccs1000\ccs\tools\compiler\ti-cgt-c2000_20.2.2.LTS\lib\</path>
         <kind>archive</kind>
         <file>rts2800_fpu32.lib</file>
         <name>fs_div28.asm.obj</name>
      </input_file>
      <input_file id="fl-45">
         <path>C:\ti\ccs1000\ccs\tools\compiler\ti-cgt-c2000_20.2.2.LTS\lib\</path>
         <kind>archive</kind>
         <file>rts2800_fpu32.lib</file>
         <name>cpy_tbl.c.obj</name>
      </input_file>
      <input_file id="fl-46">
         <path>C:\ti\ccs1000\ccs\tools\compiler\ti-cgt-c2000_20.2.2.LTS\lib\</path>
         <kind>archive</kind>
         <file>rts2800_fpu32.lib</file>
         <name>memcpy.c.obj</name>
      </input_file>
      <input_file id="fl-47">
         <path>C:\ti\ccs1000\ccs\tools\compiler\ti-cgt-c2000_20.2.2.LTS\lib\</path>
         <kind>archive</kind>
         <file>rts2800_fpu32.lib</file>
         <name>pre_init.c.obj</name>
      </input_file>
      <input_file id="fl-48">
         <path>C:\ti\ccs1000\ccs\tools\compiler\ti-cgt-c2000_20.2.2.LTS\lib\</path>
         <kind>archive</kind>
         <file>rts2800_fpu32.lib</file>
         <name>startup.c.obj</name>
      </input_file>
      <input_file id="fl-49">
         <path>C:\ti\ccs1000\ccs\tools\compiler\ti-cgt-c2000_20.2.2.LTS\lib\</path>
         <kind>archive</kind>
         <file>rts2800_fpu32.lib</file>
         <name>exit.c.obj</name>
      </input_file>
      <input_file id="fl-4a">
         <path>C:\ti\ccs1000\ccs\tools\compiler\ti-cgt-c2000_20.2.2.LTS\lib\</path>
         <kind>archive</kind>
         <file>rts2800_fpu32.lib</file>
         <name>_lock.c.obj</name>
      </input_file>
      <input_file id="fl-4b">
         <path>C:\ti\ccs1000\ccs\tools\compiler\ti-cgt-c2000_20.2.2.LTS\lib\</path>
         <kind>archive</kind>
         <file>rts2800_fpu32.lib</file>
         <name>args_main.c.obj</name>
      </input_file>
   </input_file_list>
   <object_component_list>
      <object_component id="oc-1a3">
         <name>codestart</name>
         <load_address>0x0</load_address>
         <run_address>0x0</run_address>
         <size>0x2</size>
         <input_file_ref idref="fl-27"/>
      </object_component>
      <object_component id="oc-100">
         <name>.TI.ramfunc:retain</name>
         <load_address>0xf3</load_address>
         <run_address>0xf3</run_address>
         <size>0x4a</size>
         <input_file_ref idref="fl-4"/>
      </object_component>
      <object_component id="oc-1d2">
         <name>.TI.ramfunc</name>
         <load_address>0x13d</load_address>
         <run_address>0x13d</run_address>
         <size>0x4</size>
         <input_file_ref idref="fl-32"/>
      </object_component>
      <object_component id="oc-188">
         <name>.TI.ramfunc</name>
         <load_address>0x141</load_address>
         <run_address>0x141</run_address>
         <size>0x4</size>
         <input_file_ref idref="fl-22"/>
      </object_component>
      <object_component id="oc-213">
         <name>.text</name>
         <load_address>0x0</load_address>
         <run_address>0x0</run_address>
         <size>0x187</size>
         <input_file_ref idref="fl-25"/>
      </object_component>
      <object_component id="oc-214">
         <name>.text</name>
         <load_address>0x16d</load_address>
         <run_address>0x16d</run_address>
         <size>0x1eb</size>
         <input_file_ref idref="fl-16"/>
      </object_component>
      <object_component id="oc-215">
         <name>.text</name>
         <load_address>0x187</load_address>
         <run_address>0x187</run_address>
         <size>0x187</size>
         <input_file_ref idref="fl-1a"/>
      </object_component>
      <object_component id="oc-208">
         <name>.text</name>
         <load_address>0x30e</load_address>
         <run_address>0x30e</run_address>
         <size>0x24</size>
         <input_file_ref idref="fl-45"/>
      </object_component>
      <object_component id="oc-1dd">
         <name>.text</name>
         <load_address>0x358</load_address>
         <run_address>0x358</run_address>
         <size>0x88</size>
         <input_file_ref idref="fl-44"/>
      </object_component>
      <object_component id="oc-21a">
         <name>.text</name>
         <load_address>0x3e0</load_address>
         <run_address>0x3e0</run_address>
         <size>0x9</size>
         <input_file_ref idref="fl-4a"/>
      </object_component>
      <object_component id="oc-209">
         <name>.text</name>
         <load_address>0x3e9</load_address>
         <run_address>0x3e9</run_address>
         <size>0x1</size>
         <input_file_ref idref="fl-48"/>
      </object_component>
      <object_component id="oc-1af">
         <name>.text:retain</name>
         <load_address>0x9800</load_address>
         <run_address>0x9800</run_address>
         <size>0x4b3</size>
         <input_file_ref idref="fl-2b"/>
      </object_component>
      <object_component id="oc-218">
         <name>.text</name>
         <load_address>0x9cb3</load_address>
         <run_address>0x9cb3</run_address>
         <size>0x2d8</size>
         <input_file_ref idref="fl-1c"/>
      </object_component>
      <object_component id="oc-85">
         <name>.text</name>
         <load_address>0x9f8b</load_address>
         <run_address>0x9f8b</run_address>
         <size>0x56</size>
         <input_file_ref idref="fl-43"/>
      </object_component>
      <object_component id="oc-210">
         <name>.text</name>
         <load_address>0x9fe1</load_address>
         <run_address>0x9fe1</run_address>
         <size>0x1d</size>
         <input_file_ref idref="fl-46"/>
      </object_component>
      <object_component id="oc-207">
         <name>.text</name>
         <load_address>0x9ffe</load_address>
         <run_address>0x9ffe</run_address>
         <size>0x2</size>
         <input_file_ref idref="fl-47"/>
      </object_component>
      <object_component id="oc-21c">
         <name>.text</name>
         <load_address>0xa000</load_address>
         <run_address>0xa000</run_address>
         <size>0x394</size>
         <input_file_ref idref="fl-22"/>
      </object_component>
      <object_component id="oc-20e">
         <name>.text</name>
         <load_address>0xa394</load_address>
         <run_address>0xa394</run_address>
         <size>0x371</size>
         <input_file_ref idref="fl-4"/>
      </object_component>
      <object_component id="oc-216">
         <name>.text</name>
         <load_address>0xa705</load_address>
         <run_address>0xa705</run_address>
         <size>0x8d</size>
         <input_file_ref idref="fl-5"/>
      </object_component>
      <object_component id="oc-20b">
         <name>.text</name>
         <load_address>0xa792</load_address>
         <run_address>0xa792</run_address>
         <size>0x29</size>
         <input_file_ref idref="fl-49"/>
      </object_component>
      <object_component id="oc-219">
         <name>.text</name>
         <load_address>0xa7bb</load_address>
         <run_address>0xa7bb</run_address>
         <size>0x26</size>
         <input_file_ref idref="fl-8"/>
      </object_component>
      <object_component id="oc-20a">
         <name>.text</name>
         <load_address>0xa7e1</load_address>
         <run_address>0xa7e1</run_address>
         <size>0x12</size>
         <input_file_ref idref="fl-4b"/>
      </object_component>
      <object_component id="oc-217">
         <name>.text</name>
         <load_address>0xa7f3</load_address>
         <run_address>0xa7f3</run_address>
         <size>0xd</size>
         <input_file_ref idref="fl-12"/>
      </object_component>
      <object_component id="oc-1f7">
         <name>.cinit</name>
         <load_address>0x145</load_address>
         <run_address>0x145</run_address>
         <size>0xe</size>
         <input_file_ref idref="fl-49"/>
      </object_component>
      <object_component id="oc-198">
         <name>.cinit</name>
         <load_address>0x153</load_address>
         <run_address>0x153</run_address>
         <size>0xa</size>
         <input_file_ref idref="fl-25"/>
      </object_component>
      <object_component id="oc-212">
         <name>.cinit:__lock</name>
         <load_address>0x15d</load_address>
         <run_address>0x15d</run_address>
         <size>0x5</size>
         <input_file_ref idref="fl-4a"/>
      </object_component>
      <object_component id="oc-21b">
         <name>.cinit:__unlock</name>
         <load_address>0x162</load_address>
         <run_address>0x162</run_address>
         <size>0x5</size>
         <input_file_ref idref="fl-4a"/>
      </object_component>
      <object_component id="oc-fd">
         <name>.cinit</name>
         <load_address>0x167</load_address>
         <run_address>0x167</run_address>
         <size>0x4</size>
         <input_file_ref idref="fl-4"/>
      </object_component>
      <object_component id="oc-1d8">
         <name>.reset</name>
         <load_address>0x3fffc0</load_address>
         <run_address>0x3fffc0</run_address>
         <size>0x2</size>
         <input_file_ref idref="fl-43"/>
      </object_component>
      <object_component id="oc-1d7">
         <name>.stack</name>
         <uninitialized>true</uninitialized>
         <run_address>0x400</run_address>
         <size>0x0</size>
         <input_file_ref idref="fl-43"/>
      </object_component>
      <object_component id="oc-2aa">
         <name>.stack</name>
         <uninitialized>true</uninitialized>
         <run_address>0x400</run_address>
         <size>0x0</size>
      </object_component>
      <object_component id="oc-20f">
         <name>.ebss:_buffer</name>
         <uninitialized>true</uninitialized>
         <run_address>0xa800</run_address>
         <size>0x800</size>
         <input_file_ref idref="fl-4"/>
      </object_component>
      <object_component id="oc-1a9">
         <name>.ebss</name>
         <uninitialized>true</uninitialized>
         <run_address>0xb000</run_address>
         <size>0x18</size>
         <input_file_ref idref="fl-28"/>
      </object_component>
      <object_component id="oc-1f8">
         <name>.ebss</name>
         <uninitialized>true</uninitialized>
         <run_address>0xb018</run_address>
         <size>0x6</size>
         <input_file_ref idref="fl-49"/>
      </object_component>
      <object_component id="oc-199">
         <name>.ebss</name>
         <uninitialized>true</uninitialized>
         <run_address>0xb01e</run_address>
         <size>0x4</size>
         <input_file_ref idref="fl-25"/>
      </object_component>
      <object_component id="oc-211">
         <name>.ebss:__lock</name>
         <uninitialized>true</uninitialized>
         <run_address>0xb022</run_address>
         <size>0x2</size>
         <input_file_ref idref="fl-4a"/>
      </object_component>
      <object_component id="oc-21d">
         <name>.ebss:__unlock</name>
         <uninitialized>true</uninitialized>
         <run_address>0xb024</run_address>
         <size>0x2</size>
         <input_file_ref idref="fl-4a"/>
      </object_component>
      <object_component id="oc-fe">
         <name>.ebss</name>
         <uninitialized>true</uninitialized>
         <run_address>0xb026</run_address>
         <size>0x1</size>
         <input_file_ref idref="fl-4"/>
      </object_component>
      <object_component id="oc-ee">
         <name>Cla1Prog:_Cla1Task1</name>
         <load_address>0x8000</load_address>
         <run_address>0x8000</run_address>
         <size>0xde</size>
         <input_file_ref idref="fl-3"/>
      </object_component>
      <object_component id="oc-f6">
         <name>Cla1Prog:_Cla1Task8</name>
         <load_address>0x80de</load_address>
         <run_address>0x80de</run_address>
         <size>0x6e</size>
         <input_file_ref idref="fl-3"/>
      </object_component>
      <object_component id="oc-f0">
         <name>Cla1Prog:_Cla1Task2</name>
         <load_address>0x814c</load_address>
         <run_address>0x814c</run_address>
         <size>0x8</size>
         <input_file_ref idref="fl-3"/>
      </object_component>
      <object_component id="oc-f1">
         <name>Cla1Prog:_Cla1Task3</name>
         <load_address>0x8154</load_address>
         <run_address>0x8154</run_address>
         <size>0x8</size>
         <input_file_ref idref="fl-3"/>
      </object_component>
      <object_component id="oc-f2">
         <name>Cla1Prog:_Cla1Task4</name>
         <load_address>0x815c</load_address>
         <run_address>0x815c</run_address>
         <size>0x8</size>
         <input_file_ref idref="fl-3"/>
      </object_component>
      <object_component id="oc-f3">
         <name>Cla1Prog:_Cla1Task5</name>
         <load_address>0x8164</load_address>
         <run_address>0x8164</run_address>
         <size>0x8</size>
         <input_file_ref idref="fl-3"/>
      </object_component>
      <object_component id="oc-f4">
         <name>Cla1Prog:_Cla1Task6</name>
         <load_address>0x816c</load_address>
         <run_address>0x816c</run_address>
         <size>0x8</size>
         <input_file_ref idref="fl-3"/>
      </object_component>
      <object_component id="oc-f5">
         <name>Cla1Prog:_Cla1Task7</name>
         <load_address>0x8174</load_address>
         <run_address>0x8174</run_address>
         <size>0x8</size>
         <input_file_ref idref="fl-3"/>
      </object_component>
      <object_component id="oc-ef">
         <name>.scratchpad:Cla1Prog:_Cla1Task1</name>
         <uninitialized>true</uninitialized>
         <run_address>0x8990</run_address>
         <size>0x2</size>
         <input_file_ref idref="fl-3"/>
      </object_component>
      <object_component id="oc-f7">
         <name>.scratchpad:Cla1Prog:_Cla1Task8</name>
         <uninitialized>true</uninitialized>
         <run_address>0x8990</run_address>
         <size>0x2</size>
         <input_file_ref idref="fl-3"/>
      </object_component>
      <object_component id="oc-20c">
         <name>.bss_cla:_D</name>
         <uninitialized>true</uninitialized>
         <run_address>0x8800</run_address>
         <size>0xc8</size>
         <input_file_ref idref="fl-3"/>
      </object_component>
      <object_component id="oc-20d">
         <name>.const_cla:_coeffs</name>
         <load_address>0x88c8</load_address>
         <run_address>0x88c8</run_address>
         <size>0xc8</size>
         <input_file_ref idref="fl-3"/>
      </object_component>
      <object_component id="oc-ff">
         <name>Cla1ToCpuMsgRAM</name>
         <uninitialized>true</uninitialized>
         <run_address>0x1480</run_address>
         <size>0x2</size>
         <input_file_ref idref="fl-4"/>
      </object_component>
      <object_component id="oc-e7">
         <name>PieVectTableFile</name>
         <uninitialized>true</uninitialized>
         <run_address>0xd00</run_address>
         <size>0x1c0</size>
         <input_file_ref idref="fl-2"/>
      </object_component>
      <object_component id="oc-a9">
         <name>AdcaResultFile</name>
         <uninitialized>true</uninitialized>
         <run_address>0xb00</run_address>
         <size>0x18</size>
         <input_file_ref idref="fl-2"/>
      </object_component>
      <object_component id="oc-aa">
         <name>AdcbResultFile</name>
         <uninitialized>true</uninitialized>
         <run_address>0xb20</run_address>
         <size>0x18</size>
         <input_file_ref idref="fl-2"/>
      </object_component>
      <object_component id="oc-ab">
         <name>AdccResultFile</name>
         <uninitialized>true</uninitialized>
         <run_address>0xb40</run_address>
         <size>0x18</size>
         <input_file_ref idref="fl-2"/>
      </object_component>
      <object_component id="oc-d3">
         <name>AdcaRegsFile</name>
         <uninitialized>true</uninitialized>
         <run_address>0x7400</run_address>
         <size>0x80</size>
         <input_file_ref idref="fl-2"/>
      </object_component>
      <object_component id="oc-d4">
         <name>AdcbRegsFile</name>
         <uninitialized>true</uninitialized>
         <run_address>0x7480</run_address>
         <size>0x80</size>
         <input_file_ref idref="fl-2"/>
      </object_component>
      <object_component id="oc-d5">
         <name>AdccRegsFile</name>
         <uninitialized>true</uninitialized>
         <run_address>0x7500</run_address>
         <size>0x80</size>
         <input_file_ref idref="fl-2"/>
      </object_component>
      <object_component id="oc-d9">
         <name>AnalogSubsysRegsFile</name>
         <uninitialized>true</uninitialized>
         <run_address>0x5d700</run_address>
         <size>0x90</size>
         <input_file_ref idref="fl-2"/>
      </object_component>
      <object_component id="oc-e8">
         <name>CanaRegsFile</name>
         <uninitialized>true</uninitialized>
         <run_address>0x48000</run_address>
         <size>0x200</size>
         <input_file_ref idref="fl-2"/>
      </object_component>
      <object_component id="oc-e9">
         <name>CanbRegsFile</name>
         <uninitialized>true</uninitialized>
         <run_address>0x4a000</run_address>
         <size>0x200</size>
         <input_file_ref idref="fl-2"/>
      </object_component>
      <object_component id="oc-d6">
         <name>Cla1RegsFile</name>
         <uninitialized>true</uninitialized>
         <run_address>0x1400</run_address>
         <size>0x80</size>
         <input_file_ref idref="fl-2"/>
      </object_component>
      <object_component id="oc-97">
         <name>Cla1SoftIntRegsFile</name>
         <uninitialized>true</uninitialized>
         <run_address>0xce0</run_address>
         <size>0xf</size>
         <input_file_ref idref="fl-2"/>
      </object_component>
      <object_component id="oc-ae">
         <name>ClaPromCrc0RegsFile</name>
         <uninitialized>true</uninitialized>
         <run_address>0x61c0</run_address>
         <size>0x20</size>
         <input_file_ref idref="fl-2"/>
      </object_component>
      <object_component id="oc-af">
         <name>Cmpss1RegsFile</name>
         <uninitialized>true</uninitialized>
         <run_address>0x5c80</run_address>
         <size>0x20</size>
         <input_file_ref idref="fl-2"/>
      </object_component>
      <object_component id="oc-b0">
         <name>Cmpss2RegsFile</name>
         <uninitialized>true</uninitialized>
         <run_address>0x5ca0</run_address>
         <size>0x20</size>
         <input_file_ref idref="fl-2"/>
      </object_component>
      <object_component id="oc-b1">
         <name>Cmpss3RegsFile</name>
         <uninitialized>true</uninitialized>
         <run_address>0x5cc0</run_address>
         <size>0x20</size>
         <input_file_ref idref="fl-2"/>
      </object_component>
      <object_component id="oc-b2">
         <name>Cmpss4RegsFile</name>
         <uninitialized>true</uninitialized>
         <run_address>0x5ce0</run_address>
         <size>0x20</size>
         <input_file_ref idref="fl-2"/>
      </object_component>
      <object_component id="oc-b3">
         <name>Cmpss5RegsFile</name>
         <uninitialized>true</uninitialized>
         <run_address>0x5d00</run_address>
         <size>0x20</size>
         <input_file_ref idref="fl-2"/>
      </object_component>
      <object_component id="oc-b4">
         <name>Cmpss6RegsFile</name>
         <uninitialized>true</uninitialized>
         <run_address>0x5d20</run_address>
         <size>0x20</size>
         <input_file_ref idref="fl-2"/>
      </object_component>
      <object_component id="oc-b5">
         <name>Cmpss7RegsFile</name>
         <uninitialized>true</uninitialized>
         <run_address>0x5d40</run_address>
         <size>0x20</size>
         <input_file_ref idref="fl-2"/>
      </object_component>
      <object_component id="oc-89">
         <name>CpuTimer0RegsFile</name>
         <uninitialized>true</uninitialized>
         <run_address>0xc00</run_address>
         <size>0x8</size>
         <input_file_ref idref="fl-2"/>
      </object_component>
      <object_component id="oc-8a">
         <name>CpuTimer1RegsFile</name>
         <uninitialized>true</uninitialized>
         <run_address>0xc08</run_address>
         <size>0x8</size>
         <input_file_ref idref="fl-2"/>
      </object_component>
      <object_component id="oc-8b">
         <name>CpuTimer2RegsFile</name>
         <uninitialized>true</uninitialized>
         <run_address>0xc10</run_address>
         <size>0x8</size>
         <input_file_ref idref="fl-2"/>
      </object_component>
      <object_component id="oc-8c">
         <name>DacaRegsFile</name>
         <uninitialized>true</uninitialized>
         <run_address>0x5c00</run_address>
         <size>0x8</size>
         <input_file_ref idref="fl-2"/>
      </object_component>
      <object_component id="oc-8d">
         <name>DacbRegsFile</name>
         <uninitialized>true</uninitialized>
         <run_address>0x5c10</run_address>
         <size>0x8</size>
         <input_file_ref idref="fl-2"/>
      </object_component>
      <object_component id="oc-c7">
         <name>Dcc0RegsFile</name>
         <uninitialized>true</uninitialized>
         <run_address>0x5e700</run_address>
         <size>0x2c</size>
         <input_file_ref idref="fl-2"/>
      </object_component>
      <object_component id="oc-c1">
         <name>DcsmBank0Z1RegsFile</name>
         <uninitialized>true</uninitialized>
         <run_address>0x5f000</run_address>
         <size>0x24</size>
         <input_file_ref idref="fl-2"/>
      </object_component>
      <object_component id="oc-c2">
         <name>DcsmBank0Z2RegsFile</name>
         <uninitialized>true</uninitialized>
         <run_address>0x5f040</run_address>
         <size>0x24</size>
         <input_file_ref idref="fl-2"/>
      </object_component>
      <object_component id="oc-c3">
         <name>DcsmBank1Z1RegsFile</name>
         <uninitialized>true</uninitialized>
         <run_address>0x5f100</run_address>
         <size>0x24</size>
         <input_file_ref idref="fl-2"/>
      </object_component>
      <object_component id="oc-c4">
         <name>DcsmBank1Z2RegsFile</name>
         <uninitialized>true</uninitialized>
         <run_address>0x5f140</run_address>
         <size>0x24</size>
         <input_file_ref idref="fl-2"/>
      </object_component>
      <object_component id="oc-98">
         <name>DcsmCommonRegsFile</name>
         <uninitialized>true</uninitialized>
         <run_address>0x5f070</run_address>
         <size>0x10</size>
         <input_file_ref idref="fl-2"/>
      </object_component>
      <object_component id="oc-da">
         <name>DmaRegsFile</name>
         <uninitialized>true</uninitialized>
         <run_address>0x1000</run_address>
         <size>0xe0</size>
         <input_file_ref idref="fl-2"/>
      </object_component>
      <object_component id="oc-b6">
         <name>ECap1RegsFile</name>
         <uninitialized>true</uninitialized>
         <run_address>0x5200</run_address>
         <size>0x20</size>
         <input_file_ref idref="fl-2"/>
      </object_component>
      <object_component id="oc-b7">
         <name>ECap2RegsFile</name>
         <uninitialized>true</uninitialized>
         <run_address>0x5240</run_address>
         <size>0x20</size>
         <input_file_ref idref="fl-2"/>
      </object_component>
      <object_component id="oc-b8">
         <name>ECap3RegsFile</name>
         <uninitialized>true</uninitialized>
         <run_address>0x5280</run_address>
         <size>0x20</size>
         <input_file_ref idref="fl-2"/>
      </object_component>
      <object_component id="oc-b9">
         <name>ECap4RegsFile</name>
         <uninitialized>true</uninitialized>
         <run_address>0x52c0</run_address>
         <size>0x20</size>
         <input_file_ref idref="fl-2"/>
      </object_component>
      <object_component id="oc-ba">
         <name>ECap5RegsFile</name>
         <uninitialized>true</uninitialized>
         <run_address>0x5300</run_address>
         <size>0x20</size>
         <input_file_ref idref="fl-2"/>
      </object_component>
      <object_component id="oc-bb">
         <name>ECap6RegsFile</name>
         <uninitialized>true</uninitialized>
         <run_address>0x5340</run_address>
         <size>0x20</size>
         <input_file_ref idref="fl-2"/>
      </object_component>
      <object_component id="oc-bc">
         <name>ECap7RegsFile</name>
         <uninitialized>true</uninitialized>
         <run_address>0x5380</run_address>
         <size>0x20</size>
         <input_file_ref idref="fl-2"/>
      </object_component>
      <object_component id="oc-99">
         <name>Pga1RegsFile</name>
         <uninitialized>true</uninitialized>
         <run_address>0x5b00</run_address>
         <size>0x10</size>
         <input_file_ref idref="fl-2"/>
      </object_component>
      <object_component id="oc-9a">
         <name>Pga2RegsFile</name>
         <uninitialized>true</uninitialized>
         <run_address>0x5b10</run_address>
         <size>0x10</size>
         <input_file_ref idref="fl-2"/>
      </object_component>
      <object_component id="oc-9b">
         <name>Pga3RegsFile</name>
         <uninitialized>true</uninitialized>
         <run_address>0x5b20</run_address>
         <size>0x10</size>
         <input_file_ref idref="fl-2"/>
      </object_component>
      <object_component id="oc-9c">
         <name>Pga4RegsFile</name>
         <uninitialized>true</uninitialized>
         <run_address>0x5b30</run_address>
         <size>0x10</size>
         <input_file_ref idref="fl-2"/>
      </object_component>
      <object_component id="oc-9d">
         <name>Pga5RegsFile</name>
         <uninitialized>true</uninitialized>
         <run_address>0x5b40</run_address>
         <size>0x10</size>
         <input_file_ref idref="fl-2"/>
      </object_component>
      <object_component id="oc-9e">
         <name>Pga6RegsFile</name>
         <uninitialized>true</uninitialized>
         <run_address>0x5b50</run_address>
         <size>0x10</size>
         <input_file_ref idref="fl-2"/>
      </object_component>
      <object_component id="oc-9f">
         <name>Pga7RegsFile</name>
         <uninitialized>true</uninitialized>
         <run_address>0x5b60</run_address>
         <size>0x10</size>
         <input_file_ref idref="fl-2"/>
      </object_component>
      <object_component id="oc-dd">
         <name>EPwm1RegsFile</name>
         <uninitialized>true</uninitialized>
         <run_address>0x4000</run_address>
         <size>0x100</size>
         <input_file_ref idref="fl-2"/>
      </object_component>
      <object_component id="oc-de">
         <name>EPwm2RegsFile</name>
         <uninitialized>true</uninitialized>
         <run_address>0x4100</run_address>
         <size>0x100</size>
         <input_file_ref idref="fl-2"/>
      </object_component>
      <object_component id="oc-df">
         <name>EPwm3RegsFile</name>
         <uninitialized>true</uninitialized>
         <run_address>0x4200</run_address>
         <size>0x100</size>
         <input_file_ref idref="fl-2"/>
      </object_component>
      <object_component id="oc-e0">
         <name>EPwm4RegsFile</name>
         <uninitialized>true</uninitialized>
         <run_address>0x4300</run_address>
         <size>0x100</size>
         <input_file_ref idref="fl-2"/>
      </object_component>
      <object_component id="oc-e1">
         <name>EPwm5RegsFile</name>
         <uninitialized>true</uninitialized>
         <run_address>0x4400</run_address>
         <size>0x100</size>
         <input_file_ref idref="fl-2"/>
      </object_component>
      <object_component id="oc-e2">
         <name>EPwm6RegsFile</name>
         <uninitialized>true</uninitialized>
         <run_address>0x4500</run_address>
         <size>0x100</size>
         <input_file_ref idref="fl-2"/>
      </object_component>
      <object_component id="oc-e3">
         <name>EPwm7RegsFile</name>
         <uninitialized>true</uninitialized>
         <run_address>0x4600</run_address>
         <size>0x100</size>
         <input_file_ref idref="fl-2"/>
      </object_component>
      <object_component id="oc-e4">
         <name>EPwm8RegsFile</name>
         <uninitialized>true</uninitialized>
         <run_address>0x4700</run_address>
         <size>0x100</size>
         <input_file_ref idref="fl-2"/>
      </object_component>
      <object_component id="oc-ca">
         <name>EPwmXbarRegsFile</name>
         <uninitialized>true</uninitialized>
         <run_address>0x7a00</run_address>
         <size>0x40</size>
         <input_file_ref idref="fl-2"/>
      </object_component>
      <object_component id="oc-cb">
         <name>EQep1RegsFile</name>
         <uninitialized>true</uninitialized>
         <run_address>0x5100</run_address>
         <size>0x40</size>
         <input_file_ref idref="fl-2"/>
      </object_component>
      <object_component id="oc-cc">
         <name>EQep2RegsFile</name>
         <uninitialized>true</uninitialized>
         <run_address>0x5140</run_address>
         <size>0x40</size>
         <input_file_ref idref="fl-2"/>
      </object_component>
      <object_component id="oc-a8">
         <name>EradGlobalRegsFile</name>
         <uninitialized>true</uninitialized>
         <run_address>0x5e800</run_address>
         <size>0x13</size>
         <input_file_ref idref="fl-2"/>
      </object_component>
      <object_component id="oc-8e">
         <name>EradHWBP1RegsFile</name>
         <uninitialized>true</uninitialized>
         <run_address>0x5e900</run_address>
         <size>0x8</size>
         <input_file_ref idref="fl-2"/>
      </object_component>
      <object_component id="oc-8f">
         <name>EradHWBP2RegsFile</name>
         <uninitialized>true</uninitialized>
         <run_address>0x5e908</run_address>
         <size>0x8</size>
         <input_file_ref idref="fl-2"/>
      </object_component>
      <object_component id="oc-90">
         <name>EradHWBP3RegsFile</name>
         <uninitialized>true</uninitialized>
         <run_address>0x5e910</run_address>
         <size>0x8</size>
         <input_file_ref idref="fl-2"/>
      </object_component>
      <object_component id="oc-91">
         <name>EradHWBP4RegsFile</name>
         <uninitialized>true</uninitialized>
         <run_address>0x5e918</run_address>
         <size>0x8</size>
         <input_file_ref idref="fl-2"/>
      </object_component>
      <object_component id="oc-92">
         <name>EradHWBP5RegsFile</name>
         <uninitialized>true</uninitialized>
         <run_address>0x5e920</run_address>
         <size>0x8</size>
         <input_file_ref idref="fl-2"/>
      </object_component>
      <object_component id="oc-93">
         <name>EradHWBP6RegsFile</name>
         <uninitialized>true</uninitialized>
         <run_address>0x5e928</run_address>
         <size>0x8</size>
         <input_file_ref idref="fl-2"/>
      </object_component>
      <object_component id="oc-94">
         <name>EradHWBP7RegsFile</name>
         <uninitialized>true</uninitialized>
         <run_address>0x5e930</run_address>
         <size>0x8</size>
         <input_file_ref idref="fl-2"/>
      </object_component>
      <object_component id="oc-95">
         <name>EradHWBP8RegsFile</name>
         <uninitialized>true</uninitialized>
         <run_address>0x5e938</run_address>
         <size>0x8</size>
         <input_file_ref idref="fl-2"/>
      </object_component>
      <object_component id="oc-a4">
         <name>EradCounter1RegsFile</name>
         <uninitialized>true</uninitialized>
         <run_address>0x5e980</run_address>
         <size>0x10</size>
         <input_file_ref idref="fl-2"/>
      </object_component>
      <object_component id="oc-a5">
         <name>EradCounter2RegsFile</name>
         <uninitialized>true</uninitialized>
         <run_address>0x5e990</run_address>
         <size>0x10</size>
         <input_file_ref idref="fl-2"/>
      </object_component>
      <object_component id="oc-a6">
         <name>EradCounter3RegsFile</name>
         <uninitialized>true</uninitialized>
         <run_address>0x5e9a0</run_address>
         <size>0x10</size>
         <input_file_ref idref="fl-2"/>
      </object_component>
      <object_component id="oc-a7">
         <name>EradCounter4RegsFile</name>
         <uninitialized>true</uninitialized>
         <run_address>0x5e9b0</run_address>
         <size>0x10</size>
         <input_file_ref idref="fl-2"/>
      </object_component>
      <object_component id="oc-e6">
         <name>Flash0CtrlRegsFile</name>
         <uninitialized>true</uninitialized>
         <run_address>0x5f800</run_address>
         <size>0x182</size>
         <input_file_ref idref="fl-2"/>
      </object_component>
      <object_component id="oc-c5">
         <name>Flash0EccRegsFile</name>
         <uninitialized>true</uninitialized>
         <run_address>0x5fb00</run_address>
         <size>0x28</size>
         <input_file_ref idref="fl-2"/>
      </object_component>
      <object_component id="oc-d0">
         <name>FsiTxaRegsFile</name>
         <uninitialized>true</uninitialized>
         <run_address>0x6600</run_address>
         <size>0x42</size>
         <input_file_ref idref="fl-2"/>
      </object_component>
      <object_component id="oc-d1">
         <name>FsiRxaRegsFile</name>
         <uninitialized>true</uninitialized>
         <run_address>0x6680</run_address>
         <size>0x42</size>
         <input_file_ref idref="fl-2"/>
      </object_component>
      <object_component id="oc-ea">
         <name>GpioCtrlRegsFile</name>
         <uninitialized>true</uninitialized>
         <run_address>0x7c00</run_address>
         <size>0x200</size>
         <input_file_ref idref="fl-2"/>
      </object_component>
      <object_component id="oc-c9">
         <name>GpioDataRegsFile</name>
         <uninitialized>true</uninitialized>
         <run_address>0x7f00</run_address>
         <size>0x3a</size>
         <input_file_ref idref="fl-2"/>
      </object_component>
      <object_component id="oc-c0">
         <name>I2caRegsFile</name>
         <uninitialized>true</uninitialized>
         <run_address>0x7300</run_address>
         <size>0x22</size>
         <input_file_ref idref="fl-2"/>
      </object_component>
      <object_component id="oc-be">
         <name>InputXbarRegsFile</name>
         <uninitialized>true</uninitialized>
         <run_address>0x7900</run_address>
         <size>0x20</size>
         <input_file_ref idref="fl-2"/>
      </object_component>
      <object_component id="oc-bd">
         <name>XbarRegsFile</name>
         <uninitialized>true</uninitialized>
         <run_address>0x7920</run_address>
         <size>0x20</size>
         <input_file_ref idref="fl-2"/>
      </object_component>
      <object_component id="oc-db">
         <name>LinaRegsFile</name>
         <uninitialized>true</uninitialized>
         <run_address>0x6a00</run_address>
         <size>0xec</size>
         <input_file_ref idref="fl-2"/>
      </object_component>
      <object_component id="oc-dc">
         <name>LinbRegsFile</name>
         <uninitialized>true</uninitialized>
         <run_address>0x6b00</run_address>
         <size>0xec</size>
         <input_file_ref idref="fl-2"/>
      </object_component>
      <object_component id="oc-d7">
         <name>MemCfgRegsFile</name>
         <uninitialized>true</uninitialized>
         <run_address>0x5f400</run_address>
         <size>0x80</size>
         <input_file_ref idref="fl-2"/>
      </object_component>
      <object_component id="oc-cd">
         <name>AccessProtectionRegsFile</name>
         <uninitialized>true</uninitialized>
         <run_address>0x5f4c0</run_address>
         <size>0x40</size>
         <input_file_ref idref="fl-2"/>
      </object_component>
      <object_component id="oc-ce">
         <name>MemoryErrorRegsFile</name>
         <uninitialized>true</uninitialized>
         <run_address>0x5f500</run_address>
         <size>0x40</size>
         <input_file_ref idref="fl-2"/>
      </object_component>
      <object_component id="oc-88">
         <name>NmiIntruptRegsFile</name>
         <uninitialized>true</uninitialized>
         <run_address>0x7060</run_address>
         <size>0x7</size>
         <input_file_ref idref="fl-2"/>
      </object_component>
      <object_component id="oc-cf">
         <name>OutputXbarRegsFile</name>
         <uninitialized>true</uninitialized>
         <run_address>0x7a80</run_address>
         <size>0x40</size>
         <input_file_ref idref="fl-2"/>
      </object_component>
      <object_component id="oc-ac">
         <name>PieCtrlRegsFile</name>
         <uninitialized>true</uninitialized>
         <run_address>0xce0</run_address>
         <size>0x1a</size>
         <input_file_ref idref="fl-2"/>
      </object_component>
      <object_component id="oc-bf">
         <name>PmbusaRegsFile</name>
         <uninitialized>true</uninitialized>
         <run_address>0x6400</run_address>
         <size>0x20</size>
         <input_file_ref idref="fl-2"/>
      </object_component>
      <object_component id="oc-a0">
         <name>SciaRegsFile</name>
         <uninitialized>true</uninitialized>
         <run_address>0x7200</run_address>
         <size>0x10</size>
         <input_file_ref idref="fl-2"/>
      </object_component>
      <object_component id="oc-a1">
         <name>ScibRegsFile</name>
         <uninitialized>true</uninitialized>
         <run_address>0x7210</run_address>
         <size>0x10</size>
         <input_file_ref idref="fl-2"/>
      </object_component>
      <object_component id="oc-d2">
         <name>Sdfm1RegsFile</name>
         <uninitialized>true</uninitialized>
         <run_address>0x5e00</run_address>
         <size>0x70</size>
         <input_file_ref idref="fl-2"/>
      </object_component>
      <object_component id="oc-a2">
         <name>SpiaRegsFile</name>
         <uninitialized>true</uninitialized>
         <run_address>0x6100</run_address>
         <size>0x10</size>
         <input_file_ref idref="fl-2"/>
      </object_component>
      <object_component id="oc-a3">
         <name>SpibRegsFile</name>
         <uninitialized>true</uninitialized>
         <run_address>0x6110</run_address>
         <size>0x10</size>
         <input_file_ref idref="fl-2"/>
      </object_component>
      <object_component id="oc-c6">
         <name>WdRegsFile</name>
         <uninitialized>true</uninitialized>
         <run_address>0x7000</run_address>
         <size>0x2b</size>
         <input_file_ref idref="fl-2"/>
      </object_component>
      <object_component id="oc-ad">
         <name>DmaClaSrcSelRegsFile</name>
         <uninitialized>true</uninitialized>
         <run_address>0x7980</run_address>
         <size>0x1a</size>
         <input_file_ref idref="fl-2"/>
      </object_component>
      <object_component id="oc-e5">
         <name>DevCfgRegsFile</name>
         <uninitialized>true</uninitialized>
         <run_address>0x5d000</run_address>
         <size>0x132</size>
         <input_file_ref idref="fl-2"/>
      </object_component>
      <object_component id="oc-c8">
         <name>ClkCfgRegsFile</name>
         <uninitialized>true</uninitialized>
         <run_address>0x5d200</run_address>
         <size>0x34</size>
         <input_file_ref idref="fl-2"/>
      </object_component>
      <object_component id="oc-d8">
         <name>CpuSysRegsFile</name>
         <uninitialized>true</uninitialized>
         <run_address>0x5d300</run_address>
         <size>0x82</size>
         <input_file_ref idref="fl-2"/>
      </object_component>
      <object_component id="oc-eb">
         <name>SysPeriphAcRegsFile</name>
         <uninitialized>true</uninitialized>
         <run_address>0x5d500</run_address>
         <size>0x200</size>
         <input_file_ref idref="fl-2"/>
      </object_component>
      <object_component id="oc-87">
         <name>SyncSocRegsFile</name>
         <uninitialized>true</uninitialized>
         <run_address>0x7940</run_address>
         <size>0x6</size>
         <input_file_ref idref="fl-2"/>
      </object_component>
      <object_component id="oc-96">
         <name>XintRegsFile</name>
         <uninitialized>true</uninitialized>
         <run_address>0x7070</run_address>
         <size>0xb</size>
         <input_file_ref idref="fl-2"/>
      </object_component>
      <object_component id="oc-86">
         <name>.debug_info</name>
         <load_address>0x0</load_address>
         <run_address>0x0</run_address>
         <size>0x4c69a</size>
         <input_file_ref idref="fl-2"/>
      </object_component>
      <object_component id="oc-ed">
         <name>.debug_info</name>
         <load_address>0x4c69a</load_address>
         <run_address>0x4c69a</run_address>
         <size>0xc45</size>
         <input_file_ref idref="fl-3"/>
      </object_component>
      <object_component id="oc-fc">
         <name>.debug_info</name>
         <load_address>0x4d2df</load_address>
         <run_address>0x4d2df</run_address>
         <size>0x5893</size>
         <input_file_ref idref="fl-4"/>
      </object_component>
      <object_component id="oc-105">
         <name>.debug_info</name>
         <load_address>0x52b72</load_address>
         <run_address>0x52b72</run_address>
         <size>0x95e</size>
         <input_file_ref idref="fl-5"/>
      </object_component>
      <object_component id="oc-10a">
         <name>.debug_info</name>
         <load_address>0x534d0</load_address>
         <run_address>0x534d0</run_address>
         <size>0x21c</size>
         <input_file_ref idref="fl-6"/>
      </object_component>
      <object_component id="oc-10c">
         <name>.debug_info</name>
         <load_address>0x536ec</load_address>
         <run_address>0x536ec</run_address>
         <size>0x553</size>
         <input_file_ref idref="fl-7"/>
      </object_component>
      <object_component id="oc-111">
         <name>.debug_info</name>
         <load_address>0x53c3f</load_address>
         <run_address>0x53c3f</run_address>
         <size>0xbfb</size>
         <input_file_ref idref="fl-8"/>
      </object_component>
      <object_component id="oc-116">
         <name>.debug_info</name>
         <load_address>0x5483a</load_address>
         <run_address>0x5483a</run_address>
         <size>0x21f</size>
         <input_file_ref idref="fl-9"/>
      </object_component>
      <object_component id="oc-118">
         <name>.debug_info</name>
         <load_address>0x54a59</load_address>
         <run_address>0x54a59</run_address>
         <size>0x459</size>
         <input_file_ref idref="fl-a"/>
      </object_component>
      <object_component id="oc-11d">
         <name>.debug_info</name>
         <load_address>0x54eb2</load_address>
         <run_address>0x54eb2</run_address>
         <size>0x41b</size>
         <input_file_ref idref="fl-b"/>
      </object_component>
      <object_component id="oc-122">
         <name>.debug_info</name>
         <load_address>0x552cd</load_address>
         <run_address>0x552cd</run_address>
         <size>0x4a8</size>
         <input_file_ref idref="fl-c"/>
      </object_component>
      <object_component id="oc-127">
         <name>.debug_info</name>
         <load_address>0x55775</load_address>
         <run_address>0x55775</run_address>
         <size>0x436</size>
         <input_file_ref idref="fl-d"/>
      </object_component>
      <object_component id="oc-12c">
         <name>.debug_info</name>
         <load_address>0x55bab</load_address>
         <run_address>0x55bab</run_address>
         <size>0x452</size>
         <input_file_ref idref="fl-e"/>
      </object_component>
      <object_component id="oc-131">
         <name>.debug_info</name>
         <load_address>0x55ffd</load_address>
         <run_address>0x55ffd</run_address>
         <size>0x948</size>
         <input_file_ref idref="fl-f"/>
      </object_component>
      <object_component id="oc-136">
         <name>.debug_info</name>
         <load_address>0x56945</load_address>
         <run_address>0x56945</run_address>
         <size>0xa28</size>
         <input_file_ref idref="fl-10"/>
      </object_component>
      <object_component id="oc-13b">
         <name>.debug_info</name>
         <load_address>0x5736d</load_address>
         <run_address>0x5736d</run_address>
         <size>0x476</size>
         <input_file_ref idref="fl-11"/>
      </object_component>
      <object_component id="oc-140">
         <name>.debug_info</name>
         <load_address>0x577e3</load_address>
         <run_address>0x577e3</run_address>
         <size>0x635</size>
         <input_file_ref idref="fl-12"/>
      </object_component>
      <object_component id="oc-145">
         <name>.debug_info</name>
         <load_address>0x57e18</load_address>
         <run_address>0x57e18</run_address>
         <size>0x41a</size>
         <input_file_ref idref="fl-13"/>
      </object_component>
      <object_component id="oc-14a">
         <name>.debug_info</name>
         <load_address>0x58232</load_address>
         <run_address>0x58232</run_address>
         <size>0x4fd</size>
         <input_file_ref idref="fl-14"/>
      </object_component>
      <object_component id="oc-14f">
         <name>.debug_info</name>
         <load_address>0x5872f</load_address>
         <run_address>0x5872f</run_address>
         <size>0x55f</size>
         <input_file_ref idref="fl-15"/>
      </object_component>
      <object_component id="oc-154">
         <name>.debug_info</name>
         <load_address>0x58c8e</load_address>
         <run_address>0x58c8e</run_address>
         <size>0x1be3</size>
         <input_file_ref idref="fl-16"/>
      </object_component>
      <object_component id="oc-159">
         <name>.debug_info</name>
         <load_address>0x5a871</load_address>
         <run_address>0x5a871</run_address>
         <size>0x21a</size>
         <input_file_ref idref="fl-17"/>
      </object_component>
      <object_component id="oc-15b">
         <name>.debug_info</name>
         <load_address>0x5aa8b</load_address>
         <run_address>0x5aa8b</run_address>
         <size>0x21a</size>
         <input_file_ref idref="fl-18"/>
      </object_component>
      <object_component id="oc-15d">
         <name>.debug_info</name>
         <load_address>0x5aca5</load_address>
         <run_address>0x5aca5</run_address>
         <size>0x449</size>
         <input_file_ref idref="fl-19"/>
      </object_component>
      <object_component id="oc-162">
         <name>.debug_info</name>
         <load_address>0x5b0ee</load_address>
         <run_address>0x5b0ee</run_address>
         <size>0x1393</size>
         <input_file_ref idref="fl-1a"/>
      </object_component>
      <object_component id="oc-167">
         <name>.debug_info</name>
         <load_address>0x5c481</load_address>
         <run_address>0x5c481</run_address>
         <size>0x5ca</size>
         <input_file_ref idref="fl-1b"/>
      </object_component>
      <object_component id="oc-16c">
         <name>.debug_info</name>
         <load_address>0x5ca4b</load_address>
         <run_address>0x5ca4b</run_address>
         <size>0x175c</size>
         <input_file_ref idref="fl-1c"/>
      </object_component>
      <object_component id="oc-171">
         <name>.debug_info</name>
         <load_address>0x5e1a7</load_address>
         <run_address>0x5e1a7</run_address>
         <size>0x218</size>
         <input_file_ref idref="fl-1d"/>
      </object_component>
      <object_component id="oc-173">
         <name>.debug_info</name>
         <load_address>0x5e3bf</load_address>
         <run_address>0x5e3bf</run_address>
         <size>0x4b7</size>
         <input_file_ref idref="fl-1e"/>
      </object_component>
      <object_component id="oc-178">
         <name>.debug_info</name>
         <load_address>0x5e876</load_address>
         <run_address>0x5e876</run_address>
         <size>0x689</size>
         <input_file_ref idref="fl-1f"/>
      </object_component>
      <object_component id="oc-17d">
         <name>.debug_info</name>
         <load_address>0x5eeff</load_address>
         <run_address>0x5eeff</run_address>
         <size>0x533</size>
         <input_file_ref idref="fl-20"/>
      </object_component>
      <object_component id="oc-182">
         <name>.debug_info</name>
         <load_address>0x5f432</load_address>
         <run_address>0x5f432</run_address>
         <size>0x4dc</size>
         <input_file_ref idref="fl-21"/>
      </object_component>
      <object_component id="oc-187">
         <name>.debug_info</name>
         <load_address>0x5f90e</load_address>
         <run_address>0x5f90e</run_address>
         <size>0x3408</size>
         <input_file_ref idref="fl-22"/>
      </object_component>
      <object_component id="oc-18d">
         <name>.debug_info</name>
         <load_address>0x62d16</load_address>
         <run_address>0x62d16</run_address>
         <size>0x3ec</size>
         <input_file_ref idref="fl-23"/>
      </object_component>
      <object_component id="oc-192">
         <name>.debug_info</name>
         <load_address>0x63102</load_address>
         <run_address>0x63102</run_address>
         <size>0x2e2b</size>
         <input_file_ref idref="fl-24"/>
      </object_component>
      <object_component id="oc-197">
         <name>.debug_info</name>
         <load_address>0x65f2d</load_address>
         <run_address>0x65f2d</run_address>
         <size>0x241c</size>
         <input_file_ref idref="fl-25"/>
      </object_component>
      <object_component id="oc-19e">
         <name>.debug_info</name>
         <load_address>0x68349</load_address>
         <run_address>0x68349</run_address>
         <size>0x53cd</size>
         <input_file_ref idref="fl-26"/>
      </object_component>
      <object_component id="oc-1a5">
         <name>.debug_info</name>
         <load_address>0x6d716</load_address>
         <run_address>0x6d716</run_address>
         <size>0x1f3</size>
         <input_file_ref idref="fl-27"/>
      </object_component>
      <object_component id="oc-1a8">
         <name>.debug_info</name>
         <load_address>0x6d909</load_address>
         <run_address>0x6d909</run_address>
         <size>0x8b4</size>
         <input_file_ref idref="fl-28"/>
      </object_component>
      <object_component id="oc-1ae">
         <name>.debug_info</name>
         <load_address>0x6e1bd</load_address>
         <run_address>0x6e1bd</run_address>
         <size>0x9081</size>
         <input_file_ref idref="fl-2b"/>
      </object_component>
      <object_component id="oc-1b4">
         <name>.debug_info</name>
         <load_address>0x7723e</load_address>
         <run_address>0x7723e</run_address>
         <size>0x479b</size>
         <input_file_ref idref="fl-2c"/>
      </object_component>
      <object_component id="oc-1b9">
         <name>.debug_info</name>
         <load_address>0x7b9d9</load_address>
         <run_address>0x7b9d9</run_address>
         <size>0x95ff</size>
         <input_file_ref idref="fl-2d"/>
      </object_component>
      <object_component id="oc-1be">
         <name>.debug_info</name>
         <load_address>0x84fd8</load_address>
         <run_address>0x84fd8</run_address>
         <size>0x351a</size>
         <input_file_ref idref="fl-2e"/>
      </object_component>
      <object_component id="oc-1c3">
         <name>.debug_info</name>
         <load_address>0x884f2</load_address>
         <run_address>0x884f2</run_address>
         <size>0x6633</size>
         <input_file_ref idref="fl-2f"/>
      </object_component>
      <object_component id="oc-1c8">
         <name>.debug_info</name>
         <load_address>0x8eb25</load_address>
         <run_address>0x8eb25</run_address>
         <size>0x783d</size>
         <input_file_ref idref="fl-30"/>
      </object_component>
      <object_component id="oc-1cd">
         <name>.debug_info</name>
         <load_address>0x96362</load_address>
         <run_address>0x96362</run_address>
         <size>0x783d</size>
         <input_file_ref idref="fl-31"/>
      </object_component>
      <object_component id="oc-1d4">
         <name>.debug_info</name>
         <load_address>0x9db9f</load_address>
         <run_address>0x9db9f</run_address>
         <size>0x1ed</size>
         <input_file_ref idref="fl-32"/>
      </object_component>
      <object_component id="oc-1d9">
         <name>.debug_info</name>
         <load_address>0x9dd8c</load_address>
         <run_address>0x9dd8c</run_address>
         <size>0x173</size>
         <input_file_ref idref="fl-43"/>
      </object_component>
      <object_component id="oc-1de">
         <name>.debug_info</name>
         <load_address>0x9deff</load_address>
         <run_address>0x9deff</run_address>
         <size>0x114</size>
         <input_file_ref idref="fl-44"/>
      </object_component>
      <object_component id="oc-1e2">
         <name>.debug_info</name>
         <load_address>0x9e013</load_address>
         <run_address>0x9e013</run_address>
         <size>0x561</size>
         <input_file_ref idref="fl-45"/>
      </object_component>
      <object_component id="oc-1e7">
         <name>.debug_info</name>
         <load_address>0x9e574</load_address>
         <run_address>0x9e574</run_address>
         <size>0x43a</size>
         <input_file_ref idref="fl-46"/>
      </object_component>
      <object_component id="oc-1ec">
         <name>.debug_info</name>
         <load_address>0x9e9ae</load_address>
         <run_address>0x9e9ae</run_address>
         <size>0x3ad</size>
         <input_file_ref idref="fl-47"/>
      </object_component>
      <object_component id="oc-1f1">
         <name>.debug_info</name>
         <load_address>0x9ed5b</load_address>
         <run_address>0x9ed5b</run_address>
         <size>0x3aa</size>
         <input_file_ref idref="fl-48"/>
      </object_component>
      <object_component id="oc-1f6">
         <name>.debug_info</name>
         <load_address>0x9f105</load_address>
         <run_address>0x9f105</run_address>
         <size>0x544</size>
         <input_file_ref idref="fl-49"/>
      </object_component>
      <object_component id="oc-1fd">
         <name>.debug_info</name>
         <load_address>0x9f649</load_address>
         <run_address>0x9f649</run_address>
         <size>0x4cc</size>
         <input_file_ref idref="fl-4a"/>
      </object_component>
      <object_component id="oc-202">
         <name>.debug_info</name>
         <load_address>0x9fb15</load_address>
         <run_address>0x9fb15</run_address>
         <size>0x467</size>
         <input_file_ref idref="fl-4b"/>
      </object_component>
      <object_component id="oc-2b3">
         <name>.debug_info</name>
         <load_address>0x9ff7c</load_address>
         <run_address>0x9ff7c</run_address>
         <size>0xd6</size>
      </object_component>
      <object_component id="oc-ec">
         <name>.debug_abbrev</name>
         <load_address>0x0</load_address>
         <run_address>0x0</run_address>
         <size>0xcb</size>
         <input_file_ref idref="fl-2"/>
      </object_component>
      <object_component id="oc-fa">
         <name>.debug_abbrev</name>
         <load_address>0xcb</load_address>
         <run_address>0xcb</run_address>
         <size>0x12e</size>
         <input_file_ref idref="fl-3"/>
      </object_component>
      <object_component id="oc-103">
         <name>.debug_abbrev</name>
         <load_address>0x1f9</load_address>
         <run_address>0x1f9</run_address>
         <size>0x1b9</size>
         <input_file_ref idref="fl-4"/>
      </object_component>
      <object_component id="oc-108">
         <name>.debug_abbrev</name>
         <load_address>0x3b2</load_address>
         <run_address>0x3b2</run_address>
         <size>0xa5</size>
         <input_file_ref idref="fl-5"/>
      </object_component>
      <object_component id="oc-10b">
         <name>.debug_abbrev</name>
         <load_address>0x457</load_address>
         <run_address>0x457</run_address>
         <size>0x21</size>
         <input_file_ref idref="fl-6"/>
      </object_component>
      <object_component id="oc-10f">
         <name>.debug_abbrev</name>
         <load_address>0x478</load_address>
         <run_address>0x478</run_address>
         <size>0x176</size>
         <input_file_ref idref="fl-7"/>
      </object_component>
      <object_component id="oc-114">
         <name>.debug_abbrev</name>
         <load_address>0x5ee</load_address>
         <run_address>0x5ee</run_address>
         <size>0x9c</size>
         <input_file_ref idref="fl-8"/>
      </object_component>
      <object_component id="oc-117">
         <name>.debug_abbrev</name>
         <load_address>0x68a</load_address>
         <run_address>0x68a</run_address>
         <size>0x21</size>
         <input_file_ref idref="fl-9"/>
      </object_component>
      <object_component id="oc-11b">
         <name>.debug_abbrev</name>
         <load_address>0x6ab</load_address>
         <run_address>0x6ab</run_address>
         <size>0xe8</size>
         <input_file_ref idref="fl-a"/>
      </object_component>
      <object_component id="oc-120">
         <name>.debug_abbrev</name>
         <load_address>0x793</load_address>
         <run_address>0x793</run_address>
         <size>0x8a</size>
         <input_file_ref idref="fl-b"/>
      </object_component>
      <object_component id="oc-125">
         <name>.debug_abbrev</name>
         <load_address>0x81d</load_address>
         <run_address>0x81d</run_address>
         <size>0xa5</size>
         <input_file_ref idref="fl-c"/>
      </object_component>
      <object_component id="oc-12a">
         <name>.debug_abbrev</name>
         <load_address>0x8c2</load_address>
         <run_address>0x8c2</run_address>
         <size>0x98</size>
         <input_file_ref idref="fl-d"/>
      </object_component>
      <object_component id="oc-12f">
         <name>.debug_abbrev</name>
         <load_address>0x95a</load_address>
         <run_address>0x95a</run_address>
         <size>0x9e</size>
         <input_file_ref idref="fl-e"/>
      </object_component>
      <object_component id="oc-134">
         <name>.debug_abbrev</name>
         <load_address>0x9f8</load_address>
         <run_address>0x9f8</run_address>
         <size>0x17e</size>
         <input_file_ref idref="fl-f"/>
      </object_component>
      <object_component id="oc-139">
         <name>.debug_abbrev</name>
         <load_address>0xb76</load_address>
         <run_address>0xb76</run_address>
         <size>0xdc</size>
         <input_file_ref idref="fl-10"/>
      </object_component>
      <object_component id="oc-13e">
         <name>.debug_abbrev</name>
         <load_address>0xc52</load_address>
         <run_address>0xc52</run_address>
         <size>0x9c</size>
         <input_file_ref idref="fl-11"/>
      </object_component>
      <object_component id="oc-143">
         <name>.debug_abbrev</name>
         <load_address>0xcee</load_address>
         <run_address>0xcee</run_address>
         <size>0x9c</size>
         <input_file_ref idref="fl-12"/>
      </object_component>
      <object_component id="oc-148">
         <name>.debug_abbrev</name>
         <load_address>0xd8a</load_address>
         <run_address>0xd8a</run_address>
         <size>0x8a</size>
         <input_file_ref idref="fl-13"/>
      </object_component>
      <object_component id="oc-14d">
         <name>.debug_abbrev</name>
         <load_address>0xe14</load_address>
         <run_address>0xe14</run_address>
         <size>0xf4</size>
         <input_file_ref idref="fl-14"/>
      </object_component>
      <object_component id="oc-152">
         <name>.debug_abbrev</name>
         <load_address>0xf08</load_address>
         <run_address>0xf08</run_address>
         <size>0x15b</size>
         <input_file_ref idref="fl-15"/>
      </object_component>
      <object_component id="oc-157">
         <name>.debug_abbrev</name>
         <load_address>0x1063</load_address>
         <run_address>0x1063</run_address>
         <size>0x18a</size>
         <input_file_ref idref="fl-16"/>
      </object_component>
      <object_component id="oc-15a">
         <name>.debug_abbrev</name>
         <load_address>0x11ed</load_address>
         <run_address>0x11ed</run_address>
         <size>0x21</size>
         <input_file_ref idref="fl-17"/>
      </object_component>
      <object_component id="oc-15c">
         <name>.debug_abbrev</name>
         <load_address>0x120e</load_address>
         <run_address>0x120e</run_address>
         <size>0x21</size>
         <input_file_ref idref="fl-18"/>
      </object_component>
      <object_component id="oc-160">
         <name>.debug_abbrev</name>
         <load_address>0x122f</load_address>
         <run_address>0x122f</run_address>
         <size>0xc5</size>
         <input_file_ref idref="fl-19"/>
      </object_component>
      <object_component id="oc-165">
         <name>.debug_abbrev</name>
         <load_address>0x12f4</load_address>
         <run_address>0x12f4</run_address>
         <size>0x17c</size>
         <input_file_ref idref="fl-1a"/>
      </object_component>
      <object_component id="oc-16a">
         <name>.debug_abbrev</name>
         <load_address>0x1470</load_address>
         <run_address>0x1470</run_address>
         <size>0xe8</size>
         <input_file_ref idref="fl-1b"/>
      </object_component>
      <object_component id="oc-16f">
         <name>.debug_abbrev</name>
         <load_address>0x1558</load_address>
         <run_address>0x1558</run_address>
         <size>0xec</size>
         <input_file_ref idref="fl-1c"/>
      </object_component>
      <object_component id="oc-172">
         <name>.debug_abbrev</name>
         <load_address>0x1644</load_address>
         <run_address>0x1644</run_address>
         <size>0x21</size>
         <input_file_ref idref="fl-1d"/>
      </object_component>
      <object_component id="oc-176">
         <name>.debug_abbrev</name>
         <load_address>0x1665</load_address>
         <run_address>0x1665</run_address>
         <size>0x187</size>
         <input_file_ref idref="fl-1e"/>
      </object_component>
      <object_component id="oc-17b">
         <name>.debug_abbrev</name>
         <load_address>0x17ec</load_address>
         <run_address>0x17ec</run_address>
         <size>0x15f</size>
         <input_file_ref idref="fl-1f"/>
      </object_component>
      <object_component id="oc-180">
         <name>.debug_abbrev</name>
         <load_address>0x194b</load_address>
         <run_address>0x194b</run_address>
         <size>0xf6</size>
         <input_file_ref idref="fl-20"/>
      </object_component>
      <object_component id="oc-185">
         <name>.debug_abbrev</name>
         <load_address>0x1a41</load_address>
         <run_address>0x1a41</run_address>
         <size>0xec</size>
         <input_file_ref idref="fl-21"/>
      </object_component>
      <object_component id="oc-18b">
         <name>.debug_abbrev</name>
         <load_address>0x1b2d</load_address>
         <run_address>0x1b2d</run_address>
         <size>0x1db</size>
         <input_file_ref idref="fl-22"/>
      </object_component>
      <object_component id="oc-190">
         <name>.debug_abbrev</name>
         <load_address>0x1d08</load_address>
         <run_address>0x1d08</run_address>
         <size>0x70</size>
         <input_file_ref idref="fl-23"/>
      </object_component>
      <object_component id="oc-195">
         <name>.debug_abbrev</name>
         <load_address>0x1d78</load_address>
         <run_address>0x1d78</run_address>
         <size>0xf5</size>
         <input_file_ref idref="fl-24"/>
      </object_component>
      <object_component id="oc-19c">
         <name>.debug_abbrev</name>
         <load_address>0x1e6d</load_address>
         <run_address>0x1e6d</run_address>
         <size>0x160</size>
         <input_file_ref idref="fl-25"/>
      </object_component>
      <object_component id="oc-1a1">
         <name>.debug_abbrev</name>
         <load_address>0x1fcd</load_address>
         <run_address>0x1fcd</run_address>
         <size>0x101</size>
         <input_file_ref idref="fl-26"/>
      </object_component>
      <object_component id="oc-1a6">
         <name>.debug_abbrev</name>
         <load_address>0x20ce</load_address>
         <run_address>0x20ce</run_address>
         <size>0x21</size>
         <input_file_ref idref="fl-27"/>
      </object_component>
      <object_component id="oc-1ac">
         <name>.debug_abbrev</name>
         <load_address>0x20ef</load_address>
         <run_address>0x20ef</run_address>
         <size>0xfd</size>
         <input_file_ref idref="fl-28"/>
      </object_component>
      <object_component id="oc-1b2">
         <name>.debug_abbrev</name>
         <load_address>0x21ec</load_address>
         <run_address>0x21ec</run_address>
         <size>0xde</size>
         <input_file_ref idref="fl-2b"/>
      </object_component>
      <object_component id="oc-1b7">
         <name>.debug_abbrev</name>
         <load_address>0x22ca</load_address>
         <run_address>0x22ca</run_address>
         <size>0x14f</size>
         <input_file_ref idref="fl-2c"/>
      </object_component>
      <object_component id="oc-1bc">
         <name>.debug_abbrev</name>
         <load_address>0x2419</load_address>
         <run_address>0x2419</run_address>
         <size>0x197</size>
         <input_file_ref idref="fl-2d"/>
      </object_component>
      <object_component id="oc-1c1">
         <name>.debug_abbrev</name>
         <load_address>0x25b0</load_address>
         <run_address>0x25b0</run_address>
         <size>0xc8</size>
         <input_file_ref idref="fl-2e"/>
      </object_component>
      <object_component id="oc-1c6">
         <name>.debug_abbrev</name>
         <load_address>0x2678</load_address>
         <run_address>0x2678</run_address>
         <size>0x116</size>
         <input_file_ref idref="fl-2f"/>
      </object_component>
      <object_component id="oc-1cb">
         <name>.debug_abbrev</name>
         <load_address>0x278e</load_address>
         <run_address>0x278e</run_address>
         <size>0x109</size>
         <input_file_ref idref="fl-30"/>
      </object_component>
      <object_component id="oc-1d0">
         <name>.debug_abbrev</name>
         <load_address>0x2897</load_address>
         <run_address>0x2897</run_address>
         <size>0x1c0</size>
         <input_file_ref idref="fl-31"/>
      </object_component>
      <object_component id="oc-1d5">
         <name>.debug_abbrev</name>
         <load_address>0x2a57</load_address>
         <run_address>0x2a57</run_address>
         <size>0x2f</size>
         <input_file_ref idref="fl-32"/>
      </object_component>
      <object_component id="oc-1db">
         <name>.debug_abbrev</name>
         <load_address>0x2a86</load_address>
         <run_address>0x2a86</run_address>
         <size>0x46</size>
         <input_file_ref idref="fl-43"/>
      </object_component>
      <object_component id="oc-1e0">
         <name>.debug_abbrev</name>
         <load_address>0x2acc</load_address>
         <run_address>0x2acc</run_address>
         <size>0x38</size>
         <input_file_ref idref="fl-44"/>
      </object_component>
      <object_component id="oc-1e5">
         <name>.debug_abbrev</name>
         <load_address>0x2b04</load_address>
         <run_address>0x2b04</run_address>
         <size>0xe3</size>
         <input_file_ref idref="fl-45"/>
      </object_component>
      <object_component id="oc-1ea">
         <name>.debug_abbrev</name>
         <load_address>0x2be7</load_address>
         <run_address>0x2be7</run_address>
         <size>0xa8</size>
         <input_file_ref idref="fl-46"/>
      </object_component>
      <object_component id="oc-1ef">
         <name>.debug_abbrev</name>
         <load_address>0x2c8f</load_address>
         <run_address>0x2c8f</run_address>
         <size>0x68</size>
         <input_file_ref idref="fl-47"/>
      </object_component>
      <object_component id="oc-1f4">
         <name>.debug_abbrev</name>
         <load_address>0x2cf7</load_address>
         <run_address>0x2cf7</run_address>
         <size>0x66</size>
         <input_file_ref idref="fl-48"/>
      </object_component>
      <object_component id="oc-1fb">
         <name>.debug_abbrev</name>
         <load_address>0x2d5d</load_address>
         <run_address>0x2d5d</run_address>
         <size>0x130</size>
         <input_file_ref idref="fl-49"/>
      </object_component>
      <object_component id="oc-200">
         <name>.debug_abbrev</name>
         <load_address>0x2e8d</load_address>
         <run_address>0x2e8d</run_address>
         <size>0xb2</size>
         <input_file_ref idref="fl-4a"/>
      </object_component>
      <object_component id="oc-205">
         <name>.debug_abbrev</name>
         <load_address>0x2f3f</load_address>
         <run_address>0x2f3f</run_address>
         <size>0xee</size>
         <input_file_ref idref="fl-4b"/>
      </object_component>
      <object_component id="oc-2b4">
         <name>.debug_abbrev</name>
         <load_address>0x302d</load_address>
         <run_address>0x302d</run_address>
         <size>0xf</size>
      </object_component>
      <object_component id="oc-f8">
         <name>.debug_frame</name>
         <load_address>0x0</load_address>
         <run_address>0x0</run_address>
[...]
      <symbol id="sm-613">
         <name>_EQEP1_ISR</name>
         <value>0x99fe</value>
         <object_component_ref idref="oc-1af"/>
      </symbol>
      <symbol id="sm-615">
         <name>_XINT4_ISR</name>
         <value>0x9b84</value>
         <object_component_ref idref="oc-1af"/>
      </symbol>
      <symbol id="sm-617">
         <name>_CLA1_1_ISR</name>
         <value>0x9b2a</value>
         <object_component_ref idref="oc-1af"/>
      </symbol>
      <symbol id="sm-619">
         <name>_EPWM6_TZ_ISR</name>
         <value>0x9936</value>
         <object_component_ref idref="oc-1af"/>
      </symbol>
      <symbol id="sm-61b">
         <name>_EPWM8_TZ_ISR</name>
         <value>0x994a</value>
         <object_component_ref idref="oc-1af"/>
      </symbol>
      <symbol id="sm-61d">
         <name>_ECAP7_ISR</name>
         <value>0x99e0</value>
         <object_component_ref idref="oc-1af"/>
      </symbol>
      <symbol id="sm-61f">
         <name>_TIMER0_ISR</name>
         <value>0x98f0</value>
         <object_component_ref idref="oc-1af"/>
      </symbol>
      <symbol id="sm-621">
         <name>_I2CA_ISR</name>
         <value>0x9a76</value>
         <object_component_ref idref="oc-1af"/>
      </symbol>
      <symbol id="sm-623">
         <name>_SCIA_RX_ISR</name>
         <value>0x9a8a</value>
         <object_component_ref idref="oc-1af"/>
      </symbol>
      <symbol id="sm-625">
         <name>_SCIA_TX_ISR</name>
         <value>0x9a94</value>
         <object_component_ref idref="oc-1af"/>
      </symbol>
      <symbol id="sm-627">
         <name>_EPWM5_ISR</name>
         <value>0x997c</value>
         <object_component_ref idref="oc-1af"/>
      </symbol>
      <symbol id="sm-629">
         <name>_FSITXA2_ISR</name>
         <value>0x9be8</value>
         <object_component_ref idref="oc-1af"/>
      </symbol>
      <symbol id="sm-62b">
         <name>_CLA1_8_ISR</name>
         <value>0x9b70</value>
         <object_component_ref idref="oc-1af"/>
      </symbol>
      <symbol id="sm-62d">
         <name>_USER5_ISR</name>
         <value>0x986e</value>
         <object_component_ref idref="oc-1af"/>
      </symbol>
      <symbol id="sm-62f">
         <name>_EQEP2_ISR</name>
         <value>0x9a08</value>
         <object_component_ref idref="oc-1af"/>
      </symbol>
      <symbol id="sm-631">
         <name>_EMPTY_ISR</name>
         <value>0x9c9c</value>
         <object_component_ref idref="oc-1af"/>
      </symbol>
      <symbol id="sm-633">
         <name>_CLA1_2_ISR</name>
         <value>0x9b34</value>
         <object_component_ref idref="oc-1af"/>
      </symbol>
      <symbol id="sm-635">
         <name>_DMA_CH4_ISR</name>
         <value>0x9a58</value>
         <object_component_ref idref="oc-1af"/>
      </symbol>
      <symbol id="sm-637">
         <name>_FLASH_CORRECTABLE_ERROR_ISR</name>
         <value>0x9c60</value>
         <object_component_ref idref="oc-1af"/>
      </symbol>
      <symbol id="sm-639">
         <name>_TIMER1_ISR</name>
         <value>0x9800</value>
         <object_component_ref idref="oc-1af"/>
      </symbol>
      <symbol id="sm-63b">
         <name>_ECAP6_2_ISR</name>
         <value>0x99ea</value>
         <object_component_ref idref="oc-1af"/>
      </symbol>
      <symbol id="sm-63d">
         <name>_SD1DR1_ISR</name>
         <value>0x9bb6</value>
         <object_component_ref idref="oc-1af"/>
      </symbol>
      <symbol id="sm-63f">
         <name>_EPWM6_ISR</name>
         <value>0x9986</value>
         <object_component_ref idref="oc-1af"/>
      </symbol>
      <symbol id="sm-641">
         <name>_USER11_ISR</name>
         <value>0x98aa</value>
         <object_component_ref idref="oc-1af"/>
      </symbol>
      <symbol id="sm-643">
         <name>_FPU_OVERFLOW_ISR</name>
         <value>0x9b98</value>
         <object_component_ref idref="oc-1af"/>
      </symbol>
      <symbol id="sm-645">
         <name>_USER4_ISR</name>
         <value>0x9864</value>
         <object_component_ref idref="oc-1af"/>
      </symbol>
      <symbol id="sm-647">
         <name>_EPWM7_TZ_ISR</name>
         <value>0x9940</value>
         <object_component_ref idref="oc-1af"/>
      </symbol>
      <symbol id="sm-649">
         <name>_CLA1_3_ISR</name>
         <value>0x9b3e</value>
         <object_component_ref idref="oc-1af"/>
      </symbol>
      <symbol id="sm-64b">
         <name>_EPWM2_TZ_ISR</name>
         <value>0x990e</value>
         <object_component_ref idref="oc-1af"/>
      </symbol>
      <symbol id="sm-64d">
         <name>_DMA_CH5_ISR</name>
         <value>0x9a62</value>
         <object_component_ref idref="oc-1af"/>
      </symbol>
      <symbol id="sm-64f">
         <name>_ECAP1_ISR</name>
         <value>0x99a4</value>
         <object_component_ref idref="oc-1af"/>
      </symbol>
      <symbol id="sm-651">
         <name>_TIMER2_ISR</name>
         <value>0x980a</value>
         <object_component_ref idref="oc-1af"/>
      </symbol>
      <symbol id="sm-653">
         <name>_ADCA4_ISR</name>
         <value>0x9af8</value>
         <object_component_ref idref="oc-1af"/>
      </symbol>
      <symbol id="sm-655">
         <name>_ADCB4_ISR</name>
         <value>0x9b20</value>
         <object_component_ref idref="oc-1af"/>
      </symbol>
      <symbol id="sm-657">
         <name>_ADCC4_ISR</name>
         <value>0x9c4c</value>
         <object_component_ref idref="oc-1af"/>
      </symbol>
      <symbol id="sm-659">
         <name>_SD1DR2_ISR</name>
         <value>0x9bc0</value>
         <object_component_ref idref="oc-1af"/>
      </symbol>
      <symbol id="sm-65b">
         <name>_EPWM7_ISR</name>
         <value>0x9990</value>
         <object_component_ref idref="oc-1af"/>
      </symbol>
      <symbol id="sm-65d">
         <name>_USER10_ISR</name>
         <value>0x98a0</value>
         <object_component_ref idref="oc-1af"/>
      </symbol>
      <symbol id="sm-65f">
         <name>_USER7_ISR</name>
         <value>0x9882</value>
         <object_component_ref idref="oc-1af"/>
      </symbol>
      <symbol id="sm-661">
         <name>_PMBUSA_ISR</name>
         <value>0x9c24</value>
         <object_component_ref idref="oc-1af"/>
      </symbol>
      <symbol id="sm-663">
         <name>_XINT1_ISR</name>
         <value>0x98dc</value>
         <object_component_ref idref="oc-1af"/>
      </symbol>
      <symbol id="sm-665">
         <name>_DMA_CH6_ISR</name>
         <value>0x9a6c</value>
         <object_component_ref idref="oc-1af"/>
      </symbol>
      <symbol id="sm-667">
         <name>_ECAP2_ISR</name>
         <value>0x99ae</value>
         <object_component_ref idref="oc-1af"/>
      </symbol>
      <symbol id="sm-669">
         <name>_SD1DR3_ISR</name>
         <value>0x9bca</value>
         <object_component_ref idref="oc-1af"/>
      </symbol>
      <symbol id="sm-66b">
         <name>_USER6_ISR</name>
         <value>0x9878</value>
         <object_component_ref idref="oc-1af"/>
      </symbol>
      <symbol id="sm-66d">
         <name>_EPWM4_TZ_ISR</name>
         <value>0x9922</value>
         <object_component_ref idref="oc-1af"/>
      </symbol>
      <symbol id="sm-66f">
         <name>_EPWM3_TZ_ISR</name>
         <value>0x9918</value>
         <object_component_ref idref="oc-1af"/>
      </symbol>
      <symbol id="sm-671">
         <name>_I2CA_FIFO_ISR</name>
         <value>0x9a80</value>
         <object_component_ref idref="oc-1af"/>
      </symbol>
      <symbol id="sm-673">
         <name>_ECAP3_ISR</name>
         <value>0x99b8</value>
         <object_component_ref idref="oc-1af"/>
      </symbol>
      <symbol id="sm-675">
         <name>_RTOS_ISR</name>
         <value>0x981e</value>
         <object_component_ref idref="oc-1af"/>
      </symbol>
      <symbol id="sm-677">
         <name>_EPWM1_ISR</name>
         <value>0x9954</value>
         <object_component_ref idref="oc-1af"/>
      </symbol>
      <symbol id="sm-679">
         <name>_USER12_ISR</name>
         <value>0x98b4</value>
         <object_component_ref idref="oc-1af"/>
      </symbol>
      <symbol id="sm-67b">
         <name>_CLA1_4_ISR</name>
         <value>0x9b48</value>
         <object_component_ref idref="oc-1af"/>
      </symbol>
      <symbol id="sm-67d">
         <name>_USER1_ISR</name>
         <value>0x9846</value>
         <object_component_ref idref="oc-1af"/>
      </symbol>
      <symbol id="sm-67f">
         <name>_CLA_UNDERFLOW_ISR</name>
         <value>0x9c88</value>
         <object_component_ref idref="oc-1af"/>
      </symbol>
      <symbol id="sm-681">
         <name>_ADCC_EVT_ISR</name>
         <value>0x9c2e</value>
         <object_component_ref idref="oc-1af"/>
      </symbol>
      <symbol id="sm-683">
         <name>_SYS_PLL_SLIP_ISR</name>
         <value>0x9c74</value>
         <object_component_ref idref="oc-1af"/>
      </symbol>
      <symbol id="sm-685">
         <name>_XINT3_ISR</name>
         <value>0x9b7a</value>
         <object_component_ref idref="oc-1af"/>
      </symbol>
      <symbol id="sm-687">
         <name>_NMI_ISR</name>
         <value>0x9832</value>
         <object_component_ref idref="oc-1af"/>
      </symbol>
      <symbol id="sm-689">
         <name>_CANA0_ISR</name>
         <value>0x9ab2</value>
         <object_component_ref idref="oc-1af"/>
      </symbol>
      <symbol id="sm-68b">
         <name>_CANB0_ISR</name>
         <value>0x9ac6</value>
         <object_component_ref idref="oc-1af"/>
      </symbol>
      <symbol id="sm-68d">
         <name>_EPWM8_ISR</name>
         <value>0x999a</value>
         <object_component_ref idref="oc-1af"/>
      </symbol>
      <symbol id="sm-68f">
         <name>_EPWM2_ISR</name>
         <value>0x995e</value>
         <object_component_ref idref="oc-1af"/>
      </symbol>
      <symbol id="sm-691">
         <name>_CLA1_5_ISR</name>
         <value>0x9b52</value>
         <object_component_ref idref="oc-1af"/>
      </symbol>
      <symbol id="sm-693">
         <name>_EPWM5_TZ_ISR</name>
         <value>0x992c</value>
         <object_component_ref idref="oc-1af"/>
      </symbol>
      <symbol id="sm-695">
         <name>_WAKE_ISR</name>
         <value>0x98fa</value>
         <object_component_ref idref="oc-1af"/>
      </symbol>
      <symbol id="sm-697">
         <name>_XINT2_ISR</name>
         <value>0x98e6</value>
         <object_component_ref idref="oc-1af"/>
      </symbol>
      <symbol id="sm-699">
         <name>_LINA_0_ISR</name>
         <value>0x9c10</value>
         <object_component_ref idref="oc-1af"/>
      </symbol>
      <symbol id="sm-69b">
         <name>_DMA_CH1_ISR</name>
         <value>0x9a3a</value>
         <object_component_ref idref="oc-1af"/>
      </symbol>
      <symbol id="sm-69d">
         <name>_CANA1_ISR</name>
         <value>0x9abc</value>
         <object_component_ref idref="oc-1af"/>
      </symbol>
      <symbol id="sm-69f">
         <name>_CANB1_ISR</name>
         <value>0x9ad0</value>
         <object_component_ref idref="oc-1af"/>
      </symbol>
      <symbol id="sm-6a1">
         <name>_ADCA_EVT_ISR</name>
         <value>0x9ada</value>
         <object_component_ref idref="oc-1af"/>
      </symbol>
      <symbol id="sm-6a3">
         <name>_SD1DR4_ISR</name>
         <value>0x9bd4</value>
         <object_component_ref idref="oc-1af"/>
      </symbol>
      <symbol id="sm-6a5">
         <name>_SPIB_RX_ISR</name>
         <value>0x9a26</value>
         <object_component_ref idref="oc-1af"/>
      </symbol>
      <symbol id="sm-6a7">
         <name>_CLA1PROMCRC_ISR</name>
         <value>0x9c06</value>
         <object_component_ref idref="oc-1af"/>
      </symbol>
      <symbol id="sm-6a9">
         <name>_SPIB_TX_ISR</name>
         <value>0x9a30</value>
         <object_component_ref idref="oc-1af"/>
      </symbol>
      <symbol id="sm-6ab">
         <name>_EPWM3_ISR</name>
         <value>0x9968</value>
         <object_component_ref idref="oc-1af"/>
      </symbol>
      <symbol id="sm-6ad">
         <name>_USER9_ISR</name>
         <value>0x9896</value>
         <object_component_ref idref="oc-1af"/>
      </symbol>
      <symbol id="sm-6af">
         <name>_CLA1_6_ISR</name>
         <value>0x9b5c</value>
         <object_component_ref idref="oc-1af"/>
      </symbol>
      <symbol id="sm-6b1">
         <name>_USER3_ISR</name>
         <value>0x985a</value>
         <object_component_ref idref="oc-1af"/>
      </symbol>
      <symbol id="sm-6b3">
         <name>_NOTUSED_ISR</name>
         <value>0x9ca9</value>
         <object_component_ref idref="oc-1af"/>
      </symbol>
      <symbol id="sm-6b5">
         <name>_LINA_1_ISR</name>
         <value>0x9c1a</value>
         <object_component_ref idref="oc-1af"/>
      </symbol>
      <symbol id="sm-6b7">
         <name>_RAM_ACCESS_VIOLATION_ISR</name>
         <value>0x9c6a</value>
         <object_component_ref idref="oc-1af"/>
      </symbol>
      <symbol id="sm-6b9">
         <name>_DMA_CH2_ISR</name>
         <value>0x9a44</value>
         <object_component_ref idref="oc-1af"/>
      </symbol>
      <symbol id="sm-6bb">
         <name>_ECAP4_ISR</name>
         <value>0x99c2</value>
         <object_component_ref idref="oc-1af"/>
      </symbol>
      <symbol id="sm-6bd">
         <name>_ADCA1_ISR</name>
         <value>0x98be</value>
         <object_component_ref idref="oc-1af"/>
      </symbol>
      <symbol id="sm-6bf">
         <name>_FPU_UNDERFLOW_ISR</name>
         <value>0x9ba2</value>
         <object_component_ref idref="oc-1af"/>
      </symbol>
      <symbol id="sm-6c1">
         <name>_ADCB1_ISR</name>
         <value>0x98c8</value>
         <object_component_ref idref="oc-1af"/>
      </symbol>
      <symbol id="sm-6c3">
         <name>_ADCC1_ISR</name>
         <value>0x98d2</value>
         <object_component_ref idref="oc-1af"/>
      </symbol>
      <symbol id="sm-6c5">
         <name>_FSIRXA1_ISR</name>
         <value>0x9bf2</value>
         <object_component_ref idref="oc-1af"/>
      </symbol>
      <symbol id="sm-6c7">
         <name>_USER8_ISR</name>
         <value>0x988c</value>
         <object_component_ref idref="oc-1af"/>
      </symbol>
      <symbol id="sm-6c9">
         <name>_CLA1_7_ISR</name>
         <value>0x9b66</value>
         <object_component_ref idref="oc-1af"/>
      </symbol>
      <symbol id="sm-6cb">
         <name>_USER2_ISR</name>
         <value>0x9850</value>
         <object_component_ref idref="oc-1af"/>
      </symbol>
      <symbol id="sm-6cd">
         <name>_EPWM1_TZ_ISR</name>
         <value>0x9904</value>
         <object_component_ref idref="oc-1af"/>
      </symbol>
      <symbol id="sm-6cf">
         <name>_DMA_CH3_ISR</name>
         <value>0x9a4e</value>
         <object_component_ref idref="oc-1af"/>
      </symbol>
      <symbol id="sm-6d1">
         <name>_ECAP5_ISR</name>
         <value>0x99cc</value>
         <object_component_ref idref="oc-1af"/>
      </symbol>
      <symbol id="sm-6d3">
         <name>_ADCA2_ISR</name>
         <value>0x9ae4</value>
         <object_component_ref idref="oc-1af"/>
      </symbol>
      <symbol id="sm-6d5">
         <name>_ADCB2_ISR</name>
         <value>0x9b0c</value>
         <object_component_ref idref="oc-1af"/>
      </symbol>
      <symbol id="sm-6d7">
         <name>_ADCC2_ISR</name>
         <value>0x9c38</value>
         <object_component_ref idref="oc-1af"/>
      </symbol>
      <symbol id="sm-6d9">
         <name>_SCIB_RX_ISR</name>
         <value>0x9a9e</value>
         <object_component_ref idref="oc-1af"/>
      </symbol>
      <symbol id="sm-6db">
         <name>_EMU_ISR</name>
         <value>0x9828</value>
         <object_component_ref idref="oc-1af"/>
      </symbol>
      <symbol id="sm-6dd">
         <name>_SCIB_TX_ISR</name>
         <value>0x9aa8</value>
         <object_component_ref idref="oc-1af"/>
      </symbol>
      <symbol id="sm-6df">
         <name>_SPIA_RX_ISR</name>
         <value>0x9a12</value>
         <object_component_ref idref="oc-1af"/>
      </symbol>
      <symbol id="sm-6e1">
         <name>_SPIA_TX_ISR</name>
         <value>0x9a1c</value>
         <object_component_ref idref="oc-1af"/>
      </symbol>
      <symbol id="sm-6e3">
         <name>_FSIRXA2_ISR</name>
         <value>0x9bfc</value>
         <object_component_ref idref="oc-1af"/>
      </symbol>
      <symbol id="sm-6e5">
         <name>_XINT5_ISR</name>
         <value>0x9b8e</value>
         <object_component_ref idref="oc-1af"/>
      </symbol>
      <symbol id="sm-6e7">
         <name>_CLA_OVERFLOW_ISR</name>
         <value>0x9c7e</value>
         <object_component_ref idref="oc-1af"/>
      </symbol>
      <symbol id="sm-72a">
         <name>_F28x_usDelay</name>
         <value>0x13d</value>
         <object_component_ref idref="oc-1d2"/>
      </symbol>
      <symbol id="sm-745">
         <name>_c_int00</name>
         <value>0x9f8b</value>
         <object_component_ref idref="oc-85"/>
      </symbol>
      <symbol id="sm-746">
         <name>__stack</name>
         <value>0x400</value>
         <object_component_ref idref="oc-1d7"/>
      </symbol>
      <symbol id="sm-757">
         <name>FS$$DIV</name>
         <value>0x358</value>
         <object_component_ref idref="oc-1dd"/>
      </symbol>
      <symbol id="sm-766">
         <name>_copy_in</name>
         <value>0x30e</value>
         <object_component_ref idref="oc-208"/>
      </symbol>
      <symbol id="sm-778">
         <name>_memcpy</name>
         <value>0x9fe1</value>
         <object_component_ref idref="oc-210"/>
      </symbol>
      <symbol id="sm-785">
         <name>__system_pre_init</name>
         <value>0x9ffe</value>
         <object_component_ref idref="oc-207"/>
      </symbol>
      <symbol id="sm-793">
         <name>__system_post_cinit</name>
         <value>0x3e9</value>
         <object_component_ref idref="oc-209"/>
      </symbol>
      <symbol id="sm-7a8">
         <name>C$$EXIT</name>
         <value>0xa792</value>
         <object_component_ref idref="oc-20b"/>
      </symbol>
      <symbol id="sm-7a9">
         <name>_exit</name>
         <value>0xa794</value>
         <object_component_ref idref="oc-20b"/>
      </symbol>
      <symbol id="sm-7ab">
         <name>___TI_cleanup_ptr</name>
         <value>0xb01a</value>
         <object_component_ref idref="oc-1f8"/>
      </symbol>
      <symbol id="sm-7ac">
         <name>___TI_enable_exit_profile_output</name>
         <value>0xb018</value>
         <object_component_ref idref="oc-1f8"/>
      </symbol>
      <symbol id="sm-7ad">
         <name>_abort</name>
         <value>0xa792</value>
         <object_component_ref idref="oc-20b"/>
      </symbol>
      <symbol id="sm-7af">
         <name>___TI_dtors_ptr</name>
         <value>0xb01c</value>
         <object_component_ref idref="oc-1f8"/>
      </symbol>
      <symbol id="sm-7c3">
         <name>__unlock</name>
         <value>0xb024</value>
         <object_component_ref idref="oc-21d"/>
      </symbol>
      <symbol id="sm-7c4">
         <name>__lock</name>
         <value>0xb022</value>
         <object_component_ref idref="oc-211"/>
      </symbol>
      <symbol id="sm-7c5">
         <name>__register_lock</name>
         <value>0x3e4</value>
         <object_component_ref idref="oc-21a"/>
      </symbol>
      <symbol id="sm-7c7">
         <name>__nop</name>
         <value>0x3e8</value>
         <object_component_ref idref="oc-21a"/>
      </symbol>
      <symbol id="sm-7c9">
         <name>__register_unlock</name>
         <value>0x3e0</value>
         <object_component_ref idref="oc-21a"/>
      </symbol>
      <symbol id="sm-7d9">
         <name>__args_main</name>
         <value>0xa7e1</value>
         <object_component_ref idref="oc-20a"/>
      </symbol>
   </symbol_table>
   <title>Link errors: red sections failed placement,available memory ranges in purple</title>
</link_info>
