<?xml version="1.0" encoding="ISO-8859-1" ?>
<link_info>
   <banner>TMS320C2000 Linker PC v20.2.2.LTS</banner>
   <copyright>Copyright (c) 1996-2018 Texas Instruments Incorporated</copyright>
   <link_time>0x5fb011d2</link_time>
   <link_errors>0x0</link_errors>
   <output_file>DSP_28004x_00_TS_SCI.out</output_file>
   <entry_point>
      <name>_c_int00</name>
      <address>0x8e8f</address>
   </entry_point>
   <input_file_list>
      <input_file id="fl-2">
         <path>.\</path>
         <kind>object</kind>
         <file>f28004x_globalvariabledefs.obj</file>
         <name>f28004x_globalvariabledefs.obj</name>
      </input_file>
      <input_file id="fl-3">
         <path>.\TS_SysMng\Src\</path>
         <kind>object</kind>
         <file>main.obj</file>
         <name>main.obj</name>
      </input_file>
      <input_file id="fl-4">
         <path>.\driverlib\f28004x\driverlib\</path>
         <kind>object</kind>
         <file>adc.obj</file>
         <name>adc.obj</name>
      </input_file>
      <input_file id="fl-5">
         <path>.\driverlib\f28004x\driverlib\</path>
         <kind>object</kind>
         <file>asysctl.obj</file>
         <name>asysctl.obj</name>
      </input_file>
      <input_file id="fl-6">
         <path>.\driverlib\f28004x\driverlib\</path>
         <kind>object</kind>
         <file>can.obj</file>
         <name>can.obj</name>
      </input_file>
      <input_file id="fl-7">
         <path>.\driverlib\f28004x\driverlib\</path>
         <kind>object</kind>
         <file>cla.obj</file>
         <name>cla.obj</name>
      </input_file>
      <input_file id="fl-8">
         <path>.\driverlib\f28004x\driverlib\</path>
         <kind>object</kind>
         <file>clapromcrc.obj</file>
         <name>clapromcrc.obj</name>
      </input_file>
      <input_file id="fl-9">
         <path>.\driverlib\f28004x\driverlib\</path>
         <kind>object</kind>
         <file>clb.obj</file>
         <name>clb.obj</name>
      </input_file>
      <input_file id="fl-a">
         <path>.\driverlib\f28004x\driverlib\</path>
         <kind>object</kind>
         <file>cmpss.obj</file>
         <name>cmpss.obj</name>
      </input_file>
      <input_file id="fl-b">
         <path>.\driverlib\f28004x\driverlib\</path>
         <kind>object</kind>
         <file>cputimer.obj</file>
         <name>cputimer.obj</name>
      </input_file>
      <input_file id="fl-c">
         <path>.\driverlib\f28004x\driverlib\</path>
         <kind>object</kind>
         <file>dac.obj</file>
         <name>dac.obj</name>
      </input_file>
      <input_file id="fl-d">
         <path>.\driverlib\f28004x\driverlib\</path>
         <kind>object</kind>
         <file>dcc.obj</file>
         <name>dcc.obj</name>
      </input_file>
      <input_file id="fl-e">
         <path>.\driverlib\f28004x\driverlib\</path>
         <kind>object</kind>
         <file>dcsm.obj</file>
         <name>dcsm.obj</name>
      </input_file>
      <input_file id="fl-f">
         <path>.\driverlib\f28004x\driverlib\</path>
         <kind>object</kind>
         <file>dma.obj</file>
         <name>dma.obj</name>
      </input_file>
      <input_file id="fl-10">
         <path>.\driverlib\f28004x\driverlib\</path>
         <kind>object</kind>
         <file>ecap.obj</file>
         <name>ecap.obj</name>
      </input_file>
      <input_file id="fl-11">
         <path>.\driverlib\f28004x\driverlib\</path>
         <kind>object</kind>
         <file>epwm.obj</file>
         <name>epwm.obj</name>
      </input_file>
      <input_file id="fl-12">
         <path>.\driverlib\f28004x\driverlib\</path>
         <kind>object</kind>
         <file>eqep.obj</file>
         <name>eqep.obj</name>
      </input_file>
      <input_file id="fl-13">
         <path>.\driverlib\f28004x\driverlib\</path>
         <kind>object</kind>
         <file>flash.obj</file>
         <name>flash.obj</name>
      </input_file>
      <input_file id="fl-14">
         <path>.\driverlib\f28004x\driverlib\</path>
         <kind>object</kind>
         <file>fsi.obj</file>
         <name>fsi.obj</name>
      </input_file>
      <input_file id="fl-15">
         <path>.\driverlib\f28004x\driverlib\</path>
         <kind>object</kind>
         <file>gpio.obj</file>
         <name>gpio.obj</name>
      </input_file>
      <input_file id="fl-16">
         <path>.\driverlib\f28004x\driverlib\</path>
         <kind>object</kind>
         <file>hrcap.obj</file>
         <name>hrcap.obj</name>
      </input_file>
      <input_file id="fl-17">
         <path>.\driverlib\f28004x\driverlib\</path>
         <kind>object</kind>
         <file>hrpwm.obj</file>
         <name>hrpwm.obj</name>
      </input_file>
      <input_file id="fl-18">
         <path>.\driverlib\f28004x\driverlib\</path>
         <kind>object</kind>
         <file>i2c.obj</file>
         <name>i2c.obj</name>
      </input_file>
      <input_file id="fl-19">
         <path>.\driverlib\f28004x\driverlib\</path>
         <kind>object</kind>
         <file>interrupt.obj</file>
         <name>interrupt.obj</name>
      </input_file>
      <input_file id="fl-1a">
         <path>.\driverlib\f28004x\driverlib\</path>
         <kind>object</kind>
         <file>lin.obj</file>
         <name>lin.obj</name>
      </input_file>
      <input_file id="fl-1b">
         <path>.\driverlib\f28004x\driverlib\</path>
         <kind>object</kind>
         <file>memcfg.obj</file>
         <name>memcfg.obj</name>
      </input_file>
      <input_file id="fl-1c">
         <path>.\driverlib\f28004x\driverlib\</path>
         <kind>object</kind>
         <file>pga.obj</file>
         <name>pga.obj</name>
      </input_file>
      <input_file id="fl-1d">
         <path>.\driverlib\f28004x\driverlib\</path>
         <kind>object</kind>
         <file>pmbus.obj</file>
         <name>pmbus.obj</name>
      </input_file>
      <input_file id="fl-1e">
         <path>.\driverlib\f28004x\driverlib\</path>
         <kind>object</kind>
         <file>sci.obj</file>
         <name>sci.obj</name>
      </input_file>
      <input_file id="fl-1f">
         <path>.\driverlib\f28004x\driverlib\</path>
         <kind>object</kind>
         <file>sdfm.obj</file>
         <name>sdfm.obj</name>
      </input_file>
      <input_file id="fl-20">
         <path>.\driverlib\f28004x\driverlib\</path>
         <kind>object</kind>
         <file>spi.obj</file>
         <name>spi.obj</name>
      </input_file>
      <input_file id="fl-21">
         <path>.\driverlib\f28004x\driverlib\</path>
         <kind>object</kind>
         <file>sysctl.obj</file>
         <name>sysctl.obj</name>
      </input_file>
      <input_file id="fl-22">
         <path>.\driverlib\f28004x\driverlib\</path>
         <kind>object</kind>
         <file>version.obj</file>
         <name>version.obj</name>
      </input_file>
      <input_file id="fl-23">
         <path>.\driverlib\f28004x\driverlib\</path>
         <kind>object</kind>
         <file>xbar.obj</file>
         <name>xbar.obj</name>
      </input_file>
      <input_file id="fl-24">
         <path>.\source\</path>
         <kind>object</kind>
         <file>device.obj</file>
         <name>device.obj</name>
      </input_file>
      <input_file id="fl-25">
         <path>.\source\</path>
         <kind>object</kind>
         <file>f28004x_adc.obj</file>
         <name>f28004x_adc.obj</name>
      </input_file>
      <input_file id="fl-26">
         <path>.\source\</path>
         <kind>object</kind>
         <file>f28004x_codestartbranch.obj</file>
         <name>f28004x_codestartbranch.obj</name>
      </input_file>
      <input_file id="fl-27">
         <path>.\source\</path>
         <kind>object</kind>
         <file>f28004x_cputimers.obj</file>
         <name>f28004x_cputimers.obj</name>
      </input_file>
      <input_file id="fl-28">
         <path>.\source\</path>
         <kind>object</kind>
         <file>f28004x_dcsm_z1otp.obj</file>
         <name>f28004x_dcsm_z1otp.obj</name>
      </input_file>
      <input_file id="fl-29">
         <path>.\source\</path>
         <kind>object</kind>
         <file>f28004x_dcsm_z2otp.obj</file>
         <name>f28004x_dcsm_z2otp.obj</name>
      </input_file>
      <input_file id="fl-2a">
         <path>.\source\</path>
         <kind>object</kind>
         <file>f28004x_defaultisr.obj</file>
         <name>f28004x_defaultisr.obj</name>
      </input_file>
      <input_file id="fl-2b">
         <path>.\source\</path>
         <kind>object</kind>
         <file>f28004x_dma.obj</file>
         <name>f28004x_dma.obj</name>
      </input_file>
      <input_file id="fl-2c">
         <path>.\source\</path>
         <kind>object</kind>
         <file>f28004x_gpio.obj</file>
         <name>f28004x_gpio.obj</name>
      </input_file>
      <input_file id="fl-2d">
         <path>.\source\</path>
         <kind>object</kind>
         <file>f28004x_piectrl.obj</file>
         <name>f28004x_piectrl.obj</name>
      </input_file>
      <input_file id="fl-2e">
         <path>.\source\</path>
         <kind>object</kind>
         <file>f28004x_pievect.obj</file>
         <name>f28004x_pievect.obj</name>
      </input_file>
      <input_file id="fl-2f">
         <path>.\source\</path>
         <kind>object</kind>
         <file>f28004x_spi.obj</file>
         <name>f28004x_spi.obj</name>
      </input_file>
      <input_file id="fl-30">
         <path>.\source\</path>
         <kind>object</kind>
         <file>f28004x_sysctrl.obj</file>
         <name>f28004x_sysctrl.obj</name>
      </input_file>
      <input_file id="fl-31">
         <path>.\source\</path>
         <kind>object</kind>
         <file>f28004x_usdelay.obj</file>
         <name>f28004x_usdelay.obj</name>
      </input_file>
      <input_file id="fl-36">
         <kind>object</kind>
         <file>&lt;internal&gt;</file>
         <name>&lt;internal&gt;</name>
      </input_file>
      <input_file id="fl-42">
         <path>C:\ti\ccs1000\ccs\tools\compiler\ti-cgt-c2000_20.2.2.LTS\lib\</path>
         <kind>archive</kind>
         <file>rts2800_fpu32.lib</file>
         <name>boot28.asm.obj</name>
      </input_file>
      <input_file id="fl-43">
         <path>C:\ti\ccs1000\ccs\tools\compiler\ti-cgt-c2000_20.2.2.LTS\lib\</path>
         <kind>archive</kind>
         <file>rts2800_fpu32.lib</file>
         <name>fs_div28.asm.obj</name>
      </input_file>
      <input_file id="fl-44">
         <path>C:\ti\ccs1000\ccs\tools\compiler\ti-cgt-c2000_20.2.2.LTS\lib\</path>
         <kind>archive</kind>
         <file>rts2800_fpu32.lib</file>
         <name>cpy_tbl.c.obj</name>
      </input_file>
      <input_file id="fl-45">
         <path>C:\ti\ccs1000\ccs\tools\compiler\ti-cgt-c2000_20.2.2.LTS\lib\</path>
         <kind>archive</kind>
         <file>rts2800_fpu32.lib</file>
         <name>memcpy.c.obj</name>
      </input_file>
      <input_file id="fl-46">
         <path>C:\ti\ccs1000\ccs\tools\compiler\ti-cgt-c2000_20.2.2.LTS\lib\</path>
         <kind>archive</kind>
         <file>rts2800_fpu32.lib</file>
         <name>pre_init.c.obj</name>
      </input_file>
      <input_file id="fl-47">
         <path>C:\ti\ccs1000\ccs\tools\compiler\ti-cgt-c2000_20.2.2.LTS\lib\</path>
         <kind>archive</kind>
         <file>rts2800_fpu32.lib</file>
         <name>startup.c.obj</name>
      </input_file>
      <input_file id="fl-48">
         <path>C:\ti\ccs1000\ccs\tools\compiler\ti-cgt-c2000_20.2.2.LTS\lib\</path>
         <kind>archive</kind>
         <file>rts2800_fpu32.lib</file>
         <name>exit.c.obj</name>
      </input_file>
      <input_file id="fl-49">
         <path>C:\ti\ccs1000\ccs\tools\compiler\ti-cgt-c2000_20.2.2.LTS\lib\</path>
         <kind>archive</kind>
         <file>rts2800_fpu32.lib</file>
         <name>_lock.c.obj</name>
      </input_file>
      <input_file id="fl-4a">
         <path>C:\ti\ccs1000\ccs\tools\compiler\ti-cgt-c2000_20.2.2.LTS\lib\</path>
         <kind>archive</kind>
         <file>rts2800_fpu32.lib</file>
         <name>args_main.c.obj</name>
      </input_file>
   </input_file_list>
   <object_component_list>
      <object_component id="oc-18b">
         <name>codestart</name>
         <load_address>0x0</load_address>
         <run_address>0x0</run_address>
         <size>0x2</size>
         <input_file_ref idref="fl-26"/>
      </object_component>
      <object_component id="oc-1ba">
         <name>.TI.ramfunc</name>
         <load_address>0x11d</load_address>
         <run_address>0x11d</run_address>
         <size>0x4</size>
         <input_file_ref idref="fl-31"/>
      </object_component>
      <object_component id="oc-170">
         <name>.TI.ramfunc</name>
         <load_address>0x121</load_address>
         <run_address>0x121</run_address>
         <size>0x4</size>
         <input_file_ref idref="fl-21"/>
      </object_component>
      <object_component id="oc-1f9">
         <name>.text</name>
         <load_address>0x125</load_address>
         <run_address>0x125</run_address>
         <size>0x2d4</size>
         <input_file_ref idref="fl-30"/>
      </object_component>
      <object_component id="oc-1ef">
         <name>.text</name>
         <load_address>0x3f9</load_address>
         <run_address>0x3f9</run_address>
         <size>0x2</size>
         <input_file_ref idref="fl-46"/>
      </object_component>
      <object_component id="oc-1f1">
         <name>.text</name>
         <load_address>0x3fb</load_address>
         <run_address>0x3fb</run_address>
         <size>0x1</size>
         <input_file_ref idref="fl-47"/>
      </object_component>
      <object_component id="oc-197">
         <name>.text:retain</name>
         <load_address>0x8000</load_address>
         <run_address>0x8000</run_address>
         <size>0x4b3</size>
         <input_file_ref idref="fl-2a"/>
      </object_component>
      <object_component id="oc-1fa">
         <name>.text</name>
         <load_address>0x84b3</load_address>
         <run_address>0x84b3</run_address>
         <size>0x1ee</size>
         <input_file_ref idref="fl-2c"/>
      </object_component>
      <object_component id="oc-1f5">
         <name>.text</name>
         <load_address>0x86a1</load_address>
         <run_address>0x86a1</run_address>
         <size>0x158</size>
         <input_file_ref idref="fl-3"/>
      </object_component>
      <object_component id="oc-1f4">
         <name>.text</name>
         <load_address>0x8800</load_address>
         <run_address>0x8800</run_address>
         <size>0x1ee</size>
         <input_file_ref idref="fl-1e"/>
      </object_component>
      <object_component id="oc-1fb">
         <name>.text</name>
         <load_address>0x89ee</load_address>
         <run_address>0x89ee</run_address>
         <size>0x1eb</size>
         <input_file_ref idref="fl-15"/>
      </object_component>
      <object_component id="oc-1fe">
         <name>.text</name>
         <load_address>0x8bd9</load_address>
         <run_address>0x8bd9</run_address>
         <size>0x187</size>
         <input_file_ref idref="fl-19"/>
      </object_component>
      <object_component id="oc-e7">
         <name>.text:retain</name>
         <load_address>0x8d60</load_address>
         <run_address>0x8d60</run_address>
         <size>0xa7</size>
         <input_file_ref idref="fl-3"/>
      </object_component>
      <object_component id="oc-1c5">
         <name>.text</name>
         <load_address>0x8e07</load_address>
         <run_address>0x8e07</run_address>
         <size>0x88</size>
         <input_file_ref idref="fl-43"/>
      </object_component>
      <object_component id="oc-7c">
         <name>.text</name>
         <load_address>0x8e8f</load_address>
         <run_address>0x8e8f</run_address>
         <size>0x56</size>
         <input_file_ref idref="fl-42"/>
      </object_component>
      <object_component id="oc-1f3">
         <name>.text</name>
         <load_address>0x8ee5</load_address>
         <run_address>0x8ee5</run_address>
         <size>0x29</size>
         <input_file_ref idref="fl-48"/>
      </object_component>
      <object_component id="oc-1fc">
         <name>.text</name>
         <load_address>0x8f0e</load_address>
         <run_address>0x8f0e</run_address>
         <size>0x28</size>
         <input_file_ref idref="fl-2d"/>
      </object_component>
      <object_component id="oc-1fd">
         <name>.text</name>
         <load_address>0x8f36</load_address>
         <run_address>0x8f36</run_address>
         <size>0x26</size>
         <input_file_ref idref="fl-2e"/>
      </object_component>
      <object_component id="oc-1f0">
         <name>.text</name>
         <load_address>0x8f5c</load_address>
         <run_address>0x8f5c</run_address>
         <size>0x24</size>
         <input_file_ref idref="fl-44"/>
      </object_component>
      <object_component id="oc-1f6">
         <name>.text</name>
         <load_address>0x8f80</load_address>
         <run_address>0x8f80</run_address>
         <size>0x1d</size>
         <input_file_ref idref="fl-45"/>
      </object_component>
      <object_component id="oc-1f2">
         <name>.text</name>
         <load_address>0x8f9d</load_address>
         <run_address>0x8f9d</run_address>
         <size>0x12</size>
         <input_file_ref idref="fl-4a"/>
      </object_component>
      <object_component id="oc-1ff">
         <name>.text</name>
         <load_address>0x8faf</load_address>
         <run_address>0x8faf</run_address>
         <size>0x9</size>
         <input_file_ref idref="fl-49"/>
      </object_component>
      <object_component id="oc-1df">
         <name>.cinit</name>
         <load_address>0xf5</load_address>
         <run_address>0xf5</run_address>
         <size>0xe</size>
         <input_file_ref idref="fl-48"/>
      </object_component>
      <object_component id="oc-180">
         <name>.cinit</name>
         <load_address>0x103</load_address>
         <run_address>0x103</run_address>
         <size>0xa</size>
         <input_file_ref idref="fl-24"/>
      </object_component>
      <object_component id="oc-1f8">
         <name>.cinit:__lock</name>
         <load_address>0x10d</load_address>
         <run_address>0x10d</run_address>
         <size>0x5</size>
         <input_file_ref idref="fl-49"/>
      </object_component>
      <object_component id="oc-200">
         <name>.cinit:__unlock</name>
         <load_address>0x112</load_address>
         <run_address>0x112</run_address>
         <size>0x5</size>
         <input_file_ref idref="fl-49"/>
      </object_component>
      <object_component id="oc-e5">
         <name>.cinit</name>
         <load_address>0x117</load_address>
         <run_address>0x117</run_address>
         <size>0x4</size>
         <input_file_ref idref="fl-3"/>
      </object_component>
      <object_component id="oc-1c0">
         <name>.reset</name>
         <load_address>0x3fffc0</load_address>
         <run_address>0x3fffc0</run_address>
         <size>0x2</size>
         <input_file_ref idref="fl-42"/>
      </object_component>
      <object_component id="oc-1bf">
         <name>.stack</name>
         <uninitialized>true</uninitialized>
         <run_address>0x400</run_address>
         <size>0x0</size>
         <input_file_ref idref="fl-42"/>
      </object_component>
      <object_component id="oc-286">
         <name>.stack</name>
         <uninitialized>true</uninitialized>
         <run_address>0x400</run_address>
         <size>0x0</size>
      </object_component>
      <object_component id="oc-e6">
         <name>.ebss</name>
         <uninitialized>true</uninitialized>
         <run_address>0xaa5c</run_address>
         <size>0x4</size>
         <input_file_ref idref="fl-3"/>
      </object_component>
      <object_component id="oc-181">
         <name>.ebss</name>
         <uninitialized>true</uninitialized>
         <run_address>0xaa58</run_address>
         <size>0x4</size>
         <input_file_ref idref="fl-24"/>
      </object_component>
      <object_component id="oc-191">
         <name>.ebss</name>
         <uninitialized>true</uninitialized>
         <run_address>0xaa40</run_address>
         <size>0x18</size>
         <input_file_ref idref="fl-27"/>
      </object_component>
      <object_component id="oc-1e0">
         <name>.ebss</name>
         <uninitialized>true</uninitialized>
         <run_address>0xaa3a</run_address>
         <size>0x6</size>
         <input_file_ref idref="fl-48"/>
      </object_component>
      <object_component id="oc-1f7">
         <name>.ebss:__lock</name>
         <uninitialized>true</uninitialized>
         <run_address>0xaa60</run_address>
         <size>0x2</size>
         <input_file_ref idref="fl-49"/>
      </object_component>
      <object_component id="oc-202">
         <name>.ebss:__unlock</name>
         <uninitialized>true</uninitialized>
         <run_address>0xaa62</run_address>
         <size>0x2</size>
         <input_file_ref idref="fl-49"/>
      </object_component>
      <object_component id="oc-201">
         <name>.econst:_PieVectTableInit</name>
         <load_address>0xa800</load_address>
         <run_address>0xa800</run_address>
         <size>0x1c0</size>
         <input_file_ref idref="fl-2e"/>
      </object_component>
      <object_component id="oc-e8">
         <name>.econst:.string</name>
         <load_address>0xa9c0</load_address>
         <run_address>0xa9c0</run_address>
         <size>0x7a</size>
         <input_file_ref idref="fl-3"/>
      </object_component>
      <object_component id="oc-de">
         <name>PieVectTableFile</name>
         <uninitialized>true</uninitialized>
         <run_address>0xd00</run_address>
         <size>0x1c0</size>
         <input_file_ref idref="fl-2"/>
      </object_component>
      <object_component id="oc-a0">
         <name>AdcaResultFile</name>
         <uninitialized>true</uninitialized>
         <run_address>0xb00</run_address>
         <size>0x18</size>
         <input_file_ref idref="fl-2"/>
      </object_component>
      <object_component id="oc-a1">
         <name>AdcbResultFile</name>
         <uninitialized>true</uninitialized>
         <run_address>0xb20</run_address>
         <size>0x18</size>
         <input_file_ref idref="fl-2"/>
      </object_component>
      <object_component id="oc-a2">
         <name>AdccResultFile</name>
         <uninitialized>true</uninitialized>
         <run_address>0xb40</run_address>
         <size>0x18</size>
         <input_file_ref idref="fl-2"/>
      </object_component>
      <object_component id="oc-ca">
         <name>AdcaRegsFile</name>
         <uninitialized>true</uninitialized>
         <run_address>0x7400</run_address>
         <size>0x80</size>
         <input_file_ref idref="fl-2"/>
      </object_component>
      <object_component id="oc-cb">
         <name>AdcbRegsFile</name>
         <uninitialized>true</uninitialized>
         <run_address>0x7480</run_address>
         <size>0x80</size>
         <input_file_ref idref="fl-2"/>
      </object_component>
      <object_component id="oc-cc">
         <name>AdccRegsFile</name>
         <uninitialized>true</uninitialized>
         <run_address>0x7500</run_address>
         <size>0x80</size>
         <input_file_ref idref="fl-2"/>
      </object_component>
      <object_component id="oc-d0">
         <name>AnalogSubsysRegsFile</name>
         <uninitialized>true</uninitialized>
         <run_address>0x5d700</run_address>
         <size>0x90</size>
         <input_file_ref idref="fl-2"/>
      </object_component>
      <object_component id="oc-df">
         <name>CanaRegsFile</name>
         <uninitialized>true</uninitialized>
         <run_address>0x48000</run_address>
         <size>0x200</size>
         <input_file_ref idref="fl-2"/>
      </object_component>
      <object_component id="oc-e0">
         <name>CanbRegsFile</name>
         <uninitialized>true</uninitialized>
         <run_address>0x4a000</run_address>
         <size>0x200</size>
         <input_file_ref idref="fl-2"/>
      </object_component>
      <object_component id="oc-cd">
         <name>Cla1RegsFile</name>
         <uninitialized>true</uninitialized>
         <run_address>0x1400</run_address>
         <size>0x80</size>
         <input_file_ref idref="fl-2"/>
      </object_component>
      <object_component id="oc-8e">
         <name>Cla1SoftIntRegsFile</name>
         <uninitialized>true</uninitialized>
         <run_address>0xce0</run_address>
         <size>0xf</size>
         <input_file_ref idref="fl-2"/>
      </object_component>
      <object_component id="oc-a5">
         <name>ClaPromCrc0RegsFile</name>
         <uninitialized>true</uninitialized>
         <run_address>0x61c0</run_address>
         <size>0x20</size>
         <input_file_ref idref="fl-2"/>
      </object_component>
      <object_component id="oc-a6">
         <name>Cmpss1RegsFile</name>
         <uninitialized>true</uninitialized>
         <run_address>0x5c80</run_address>
         <size>0x20</size>
         <input_file_ref idref="fl-2"/>
      </object_component>
      <object_component id="oc-a7">
         <name>Cmpss2RegsFile</name>
         <uninitialized>true</uninitialized>
         <run_address>0x5ca0</run_address>
         <size>0x20</size>
         <input_file_ref idref="fl-2"/>
      </object_component>
      <object_component id="oc-a8">
         <name>Cmpss3RegsFile</name>
         <uninitialized>true</uninitialized>
         <run_address>0x5cc0</run_address>
         <size>0x20</size>
         <input_file_ref idref="fl-2"/>
      </object_component>
      <object_component id="oc-a9">
         <name>Cmpss4RegsFile</name>
         <uninitialized>true</uninitialized>
         <run_address>0x5ce0</run_address>
         <size>0x20</size>
         <input_file_ref idref="fl-2"/>
      </object_component>
      <object_component id="oc-aa">
         <name>Cmpss5RegsFile</name>
         <uninitialized>true</uninitialized>
         <run_address>0x5d00</run_address>
         <size>0x20</size>
         <input_file_ref idref="fl-2"/>
      </object_component>
      <object_component id="oc-ab">
         <name>Cmpss6RegsFile</name>
         <uninitialized>true</uninitialized>
         <run_address>0x5d20</run_address>
         <size>0x20</size>
         <input_file_ref idref="fl-2"/>
      </object_component>
      <object_component id="oc-ac">
         <name>Cmpss7RegsFile</name>
         <uninitialized>true</uninitialized>
         <run_address>0x5d40</run_address>
         <size>0x20</size>
         <input_file_ref idref="fl-2"/>
      </object_component>
      <object_component id="oc-80">
         <name>CpuTimer0RegsFile</name>
         <uninitialized>true</uninitialized>
         <run_address>0xc00</run_address>
         <size>0x8</size>
         <input_file_ref idref="fl-2"/>
      </object_component>
      <object_component id="oc-81">
         <name>CpuTimer1RegsFile</name>
         <uninitialized>true</uninitialized>
         <run_address>0xc08</run_address>
         <size>0x8</size>
         <input_file_ref idref="fl-2"/>
      </object_component>
      <object_component id="oc-82">
         <name>CpuTimer2RegsFile</name>
         <uninitialized>true</uninitialized>
         <run_address>0xc10</run_address>
         <size>0x8</size>
         <input_file_ref idref="fl-2"/>
      </object_component>
      <object_component id="oc-83">
         <name>DacaRegsFile</name>
         <uninitialized>true</uninitialized>
         <run_address>0x5c00</run_address>
         <size>0x8</size>
         <input_file_ref idref="fl-2"/>
      </object_component>
      <object_component id="oc-84">
         <name>DacbRegsFile</name>
         <uninitialized>true</uninitialized>
         <run_address>0x5c10</run_address>
         <size>0x8</size>
         <input_file_ref idref="fl-2"/>
      </object_component>
      <object_component id="oc-be">
         <name>Dcc0RegsFile</name>
         <uninitialized>true</uninitialized>
         <run_address>0x5e700</run_address>
         <size>0x2c</size>
         <input_file_ref idref="fl-2"/>
      </object_component>
      <object_component id="oc-b8">
         <name>DcsmBank0Z1RegsFile</name>
         <uninitialized>true</uninitialized>
         <run_address>0x5f000</run_address>
         <size>0x24</size>
         <input_file_ref idref="fl-2"/>
      </object_component>
      <object_component id="oc-b9">
         <name>DcsmBank0Z2RegsFile</name>
         <uninitialized>true</uninitialized>
         <run_address>0x5f040</run_address>
         <size>0x24</size>
         <input_file_ref idref="fl-2"/>
      </object_component>
      <object_component id="oc-ba">
         <name>DcsmBank1Z1RegsFile</name>
         <uninitialized>true</uninitialized>
         <run_address>0x5f100</run_address>
         <size>0x24</size>
         <input_file_ref idref="fl-2"/>
      </object_component>
      <object_component id="oc-bb">
         <name>DcsmBank1Z2RegsFile</name>
         <uninitialized>true</uninitialized>
         <run_address>0x5f140</run_address>
         <size>0x24</size>
         <input_file_ref idref="fl-2"/>
      </object_component>
      <object_component id="oc-8f">
         <name>DcsmCommonRegsFile</name>
         <uninitialized>true</uninitialized>
         <run_address>0x5f070</run_address>
         <size>0x10</size>
         <input_file_ref idref="fl-2"/>
      </object_component>
      <object_component id="oc-d1">
         <name>DmaRegsFile</name>
         <uninitialized>true</uninitialized>
         <run_address>0x1000</run_address>
         <size>0xe0</size>
         <input_file_ref idref="fl-2"/>
      </object_component>
      <object_component id="oc-ad">
         <name>ECap1RegsFile</name>
         <uninitialized>true</uninitialized>
         <run_address>0x5200</run_address>
         <size>0x20</size>
         <input_file_ref idref="fl-2"/>
      </object_component>
      <object_component id="oc-ae">
         <name>ECap2RegsFile</name>
         <uninitialized>true</uninitialized>
         <run_address>0x5240</run_address>
         <size>0x20</size>
         <input_file_ref idref="fl-2"/>
      </object_component>
      <object_component id="oc-af">
         <name>ECap3RegsFile</name>
         <uninitialized>true</uninitialized>
         <run_address>0x5280</run_address>
         <size>0x20</size>
         <input_file_ref idref="fl-2"/>
      </object_component>
      <object_component id="oc-b0">
         <name>ECap4RegsFile</name>
         <uninitialized>true</uninitialized>
         <run_address>0x52c0</run_address>
         <size>0x20</size>
         <input_file_ref idref="fl-2"/>
      </object_component>
      <object_component id="oc-b1">
         <name>ECap5RegsFile</name>
         <uninitialized>true</uninitialized>
         <run_address>0x5300</run_address>
         <size>0x20</size>
         <input_file_ref idref="fl-2"/>
      </object_component>
      <object_component id="oc-b2">
         <name>ECap6RegsFile</name>
         <uninitialized>true</uninitialized>
         <run_address>0x5340</run_address>
         <size>0x20</size>
         <input_file_ref idref="fl-2"/>
      </object_component>
      <object_component id="oc-b3">
         <name>ECap7RegsFile</name>
         <uninitialized>true</uninitialized>
         <run_address>0x5380</run_address>
         <size>0x20</size>
         <input_file_ref idref="fl-2"/>
      </object_component>
      <object_component id="oc-90">
         <name>Pga1RegsFile</name>
         <uninitialized>true</uninitialized>
         <run_address>0x5b00</run_address>
         <size>0x10</size>
         <input_file_ref idref="fl-2"/>
      </object_component>
      <object_component id="oc-91">
         <name>Pga2RegsFile</name>
         <uninitialized>true</uninitialized>
         <run_address>0x5b10</run_address>
         <size>0x10</size>
         <input_file_ref idref="fl-2"/>
      </object_component>
      <object_component id="oc-92">
         <name>Pga3RegsFile</name>
         <uninitialized>true</uninitialized>
         <run_address>0x5b20</run_address>
         <size>0x10</size>
         <input_file_ref idref="fl-2"/>
      </object_component>
      <object_component id="oc-93">
         <name>Pga4RegsFile</name>
         <uninitialized>true</uninitialized>
         <run_address>0x5b30</run_address>
         <size>0x10</size>
         <input_file_ref idref="fl-2"/>
      </object_component>
      <object_component id="oc-94">
         <name>Pga5RegsFile</name>
         <uninitialized>true</uninitialized>
         <run_address>0x5b40</run_address>
         <size>0x10</size>
         <input_file_ref idref="fl-2"/>
      </object_component>
      <object_component id="oc-95">
         <name>Pga6RegsFile</name>
         <uninitialized>true</uninitialized>
         <run_address>0x5b50</run_address>
         <size>0x10</size>
         <input_file_ref idref="fl-2"/>
      </object_component>
      <object_component id="oc-96">
         <name>Pga7RegsFile</name>
         <uninitialized>true</uninitialized>
         <run_address>0x5b60</run_address>
         <size>0x10</size>
         <input_file_ref idref="fl-2"/>
      </object_component>
      <object_component id="oc-d4">
         <name>EPwm1RegsFile</name>
         <uninitialized>true</uninitialized>
         <run_address>0x4000</run_address>
         <size>0x100</size>
         <input_file_ref idref="fl-2"/>
      </object_component>
      <object_component id="oc-d5">
         <name>EPwm2RegsFile</name>
         <uninitialized>true</uninitialized>
         <run_address>0x4100</run_address>
         <size>0x100</size>
         <input_file_ref idref="fl-2"/>
      </object_component>
      <object_component id="oc-d6">
         <name>EPwm3RegsFile</name>
         <uninitialized>true</uninitialized>
         <run_address>0x4200</run_address>
         <size>0x100</size>
         <input_file_ref idref="fl-2"/>
      </object_component>
      <object_component id="oc-d7">
         <name>EPwm4RegsFile</name>
         <uninitialized>true</uninitialized>
         <run_address>0x4300</run_address>
         <size>0x100</size>
         <input_file_ref idref="fl-2"/>
      </object_component>
      <object_component id="oc-d8">
         <name>EPwm5RegsFile</name>
         <uninitialized>true</uninitialized>
         <run_address>0x4400</run_address>
         <size>0x100</size>
         <input_file_ref idref="fl-2"/>
      </object_component>
      <object_component id="oc-d9">
         <name>EPwm6RegsFile</name>
         <uninitialized>true</uninitialized>
         <run_address>0x4500</run_address>
         <size>0x100</size>
         <input_file_ref idref="fl-2"/>
      </object_component>
      <object_component id="oc-da">
         <name>EPwm7RegsFile</name>
         <uninitialized>true</uninitialized>
         <run_address>0x4600</run_address>
         <size>0x100</size>
         <input_file_ref idref="fl-2"/>
      </object_component>
      <object_component id="oc-db">
         <name>EPwm8RegsFile</name>
         <uninitialized>true</uninitialized>
         <run_address>0x4700</run_address>
         <size>0x100</size>
         <input_file_ref idref="fl-2"/>
      </object_component>
      <object_component id="oc-c1">
         <name>EPwmXbarRegsFile</name>
         <uninitialized>true</uninitialized>
         <run_address>0x7a00</run_address>
         <size>0x40</size>
         <input_file_ref idref="fl-2"/>
      </object_component>
      <object_component id="oc-c2">
         <name>EQep1RegsFile</name>
         <uninitialized>true</uninitialized>
         <run_address>0x5100</run_address>
         <size>0x40</size>
         <input_file_ref idref="fl-2"/>
      </object_component>
      <object_component id="oc-c3">
         <name>EQep2RegsFile</name>
         <uninitialized>true</uninitialized>
         <run_address>0x5140</run_address>
         <size>0x40</size>
         <input_file_ref idref="fl-2"/>
      </object_component>
      <object_component id="oc-9f">
         <name>EradGlobalRegsFile</name>
         <uninitialized>true</uninitialized>
         <run_address>0x5e800</run_address>
         <size>0x13</size>
         <input_file_ref idref="fl-2"/>
      </object_component>
      <object_component id="oc-85">
         <name>EradHWBP1RegsFile</name>
         <uninitialized>true</uninitialized>
         <run_address>0x5e900</run_address>
         <size>0x8</size>
         <input_file_ref idref="fl-2"/>
      </object_component>
      <object_component id="oc-86">
         <name>EradHWBP2RegsFile</name>
         <uninitialized>true</uninitialized>
         <run_address>0x5e908</run_address>
         <size>0x8</size>
         <input_file_ref idref="fl-2"/>
      </object_component>
      <object_component id="oc-87">
         <name>EradHWBP3RegsFile</name>
         <uninitialized>true</uninitialized>
         <run_address>0x5e910</run_address>
         <size>0x8</size>
         <input_file_ref idref="fl-2"/>
      </object_component>
      <object_component id="oc-88">
         <name>EradHWBP4RegsFile</name>
         <uninitialized>true</uninitialized>
         <run_address>0x5e918</run_address>
         <size>0x8</size>
         <input_file_ref idref="fl-2"/>
      </object_component>
      <object_component id="oc-89">
         <name>EradHWBP5RegsFile</name>
         <uninitialized>true</uninitialized>
         <run_address>0x5e920</run_address>
         <size>0x8</size>
         <input_file_ref idref="fl-2"/>
      </object_component>
      <object_component id="oc-8a">
         <name>EradHWBP6RegsFile</name>
         <uninitialized>true</uninitialized>
         <run_address>0x5e928</run_address>
         <size>0x8</size>
         <input_file_ref idref="fl-2"/>
      </object_component>
      <object_component id="oc-8b">
         <name>EradHWBP7RegsFile</name>
         <uninitialized>true</uninitialized>
         <run_address>0x5e930</run_address>
         <size>0x8</size>
         <input_file_ref idref="fl-2"/>
      </object_component>
      <object_component id="oc-8c">
         <name>EradHWBP8RegsFile</name>
         <uninitialized>true</uninitialized>
         <run_address>0x5e938</run_address>
         <size>0x8</size>
         <input_file_ref idref="fl-2"/>
      </object_component>
      <object_component id="oc-9b">
         <name>EradCounter1RegsFile</name>
         <uninitialized>true</uninitialized>
         <run_address>0x5e980</run_address>
         <size>0x10</size>
         <input_file_ref idref="fl-2"/>
      </object_component>
      <object_component id="oc-9c">
         <name>EradCounter2RegsFile</name>
         <uninitialized>true</uninitialized>
         <run_address>0x5e990</run_address>
         <size>0x10</size>
         <input_file_ref idref="fl-2"/>
      </object_component>
      <object_component id="oc-9d">
         <name>EradCounter3RegsFile</name>
         <uninitialized>true</uninitialized>
         <run_address>0x5e9a0</run_address>
         <size>0x10</size>
         <input_file_ref idref="fl-2"/>
      </object_component>
      <object_component id="oc-9e">
         <name>EradCounter4RegsFile</name>
         <uninitialized>true</uninitialized>
         <run_address>0x5e9b0</run_address>
         <size>0x10</size>
         <input_file_ref idref="fl-2"/>
      </object_component>
      <object_component id="oc-dd">
         <name>Flash0CtrlRegsFile</name>
         <uninitialized>true</uninitialized>
         <run_address>0x5f800</run_address>
         <size>0x182</size>
         <input_file_ref idref="fl-2"/>
      </object_component>
      <object_component id="oc-bc">
         <name>Flash0EccRegsFile</name>
         <uninitialized>true</uninitialized>
         <run_address>0x5fb00</run_address>
         <size>0x28</size>
         <input_file_ref idref="fl-2"/>
      </object_component>
      <object_component id="oc-c7">
         <name>FsiTxaRegsFile</name>
         <uninitialized>true</uninitialized>
         <run_address>0x6600</run_address>
         <size>0x42</size>
         <input_file_ref idref="fl-2"/>
      </object_component>
      <object_component id="oc-c8">
         <name>FsiRxaRegsFile</name>
         <uninitialized>true</uninitialized>
         <run_address>0x6680</run_address>
         <size>0x42</size>
         <input_file_ref idref="fl-2"/>
      </object_component>
      <object_component id="oc-e1">
         <name>GpioCtrlRegsFile</name>
         <uninitialized>true</uninitialized>
         <run_address>0x7c00</run_address>
         <size>0x200</size>
         <input_file_ref idref="fl-2"/>
      </object_component>
      <object_component id="oc-c0">
         <name>GpioDataRegsFile</name>
         <uninitialized>true</uninitialized>
         <run_address>0x7f00</run_address>
         <size>0x3a</size>
         <input_file_ref idref="fl-2"/>
      </object_component>
      <object_component id="oc-b7">
         <name>I2caRegsFile</name>
         <uninitialized>true</uninitialized>
         <run_address>0x7300</run_address>
         <size>0x22</size>
         <input_file_ref idref="fl-2"/>
      </object_component>
      <object_component id="oc-b5">
         <name>InputXbarRegsFile</name>
         <uninitialized>true</uninitialized>
         <run_address>0x7900</run_address>
         <size>0x20</size>
         <input_file_ref idref="fl-2"/>
      </object_component>
      <object_component id="oc-b4">
         <name>XbarRegsFile</name>
         <uninitialized>true</uninitialized>
         <run_address>0x7920</run_address>
         <size>0x20</size>
         <input_file_ref idref="fl-2"/>
      </object_component>
      <object_component id="oc-d2">
         <name>LinaRegsFile</name>
         <uninitialized>true</uninitialized>
         <run_address>0x6a00</run_address>
         <size>0xec</size>
         <input_file_ref idref="fl-2"/>
      </object_component>
      <object_component id="oc-d3">
         <name>LinbRegsFile</name>
         <uninitialized>true</uninitialized>
         <run_address>0x6b00</run_address>
         <size>0xec</size>
         <input_file_ref idref="fl-2"/>
      </object_component>
      <object_component id="oc-ce">
         <name>MemCfgRegsFile</name>
         <uninitialized>true</uninitialized>
         <run_address>0x5f400</run_address>
         <size>0x80</size>
         <input_file_ref idref="fl-2"/>
      </object_component>
      <object_component id="oc-c4">
         <name>AccessProtectionRegsFile</name>
         <uninitialized>true</uninitialized>
         <run_address>0x5f4c0</run_address>
         <size>0x40</size>
         <input_file_ref idref="fl-2"/>
      </object_component>
      <object_component id="oc-c5">
         <name>MemoryErrorRegsFile</name>
         <uninitialized>true</uninitialized>
         <run_address>0x5f500</run_address>
         <size>0x40</size>
         <input_file_ref idref="fl-2"/>
      </object_component>
      <object_component id="oc-7f">
         <name>NmiIntruptRegsFile</name>
         <uninitialized>true</uninitialized>
         <run_address>0x7060</run_address>
         <size>0x7</size>
         <input_file_ref idref="fl-2"/>
      </object_component>
      <object_component id="oc-c6">
         <name>OutputXbarRegsFile</name>
         <uninitialized>true</uninitialized>
         <run_address>0x7a80</run_address>
         <size>0x40</size>
         <input_file_ref idref="fl-2"/>
      </object_component>
      <object_component id="oc-a3">
         <name>PieCtrlRegsFile</name>
         <uninitialized>true</uninitialized>
         <run_address>0xce0</run_address>
         <size>0x1a</size>
         <input_file_ref idref="fl-2"/>
      </object_component>
      <object_component id="oc-b6">
         <name>PmbusaRegsFile</name>
         <uninitialized>true</uninitialized>
         <run_address>0x6400</run_address>
         <size>0x20</size>
         <input_file_ref idref="fl-2"/>
      </object_component>
      <object_component id="oc-97">
         <name>SciaRegsFile</name>
         <uninitialized>true</uninitialized>
         <run_address>0x7200</run_address>
         <size>0x10</size>
         <input_file_ref idref="fl-2"/>
      </object_component>
      <object_component id="oc-98">
         <name>ScibRegsFile</name>
         <uninitialized>true</uninitialized>
         <run_address>0x7210</run_address>
         <size>0x10</size>
         <input_file_ref idref="fl-2"/>
      </object_component>
      <object_component id="oc-c9">
         <name>Sdfm1RegsFile</name>
         <uninitialized>true</uninitialized>
         <run_address>0x5e00</run_address>
         <size>0x70</size>
         <input_file_ref idref="fl-2"/>
      </object_component>
      <object_component id="oc-99">
         <name>SpiaRegsFile</name>
         <uninitialized>true</uninitialized>
         <run_address>0x6100</run_address>
         <size>0x10</size>
         <input_file_ref idref="fl-2"/>
      </object_component>
      <object_component id="oc-9a">
         <name>SpibRegsFile</name>
         <uninitialized>true</uninitialized>
         <run_address>0x6110</run_address>
         <size>0x10</size>
         <input_file_ref idref="fl-2"/>
      </object_component>
      <object_component id="oc-bd">
         <name>WdRegsFile</name>
         <uninitialized>true</uninitialized>
         <run_address>0x7000</run_address>
         <size>0x2b</size>
         <input_file_ref idref="fl-2"/>
      </object_component>
      <object_component id="oc-a4">
         <name>DmaClaSrcSelRegsFile</name>
         <uninitialized>true</uninitialized>
         <run_address>0x7980</run_address>
         <size>0x1a</size>
         <input_file_ref idref="fl-2"/>
      </object_component>
      <object_component id="oc-dc">
         <name>DevCfgRegsFile</name>
         <uninitialized>true</uninitialized>
         <run_address>0x5d000</run_address>
         <size>0x132</size>
         <input_file_ref idref="fl-2"/>
      </object_component>
      <object_component id="oc-bf">
         <name>ClkCfgRegsFile</name>
         <uninitialized>true</uninitialized>
         <run_address>0x5d200</run_address>
         <size>0x34</size>
         <input_file_ref idref="fl-2"/>
      </object_component>
      <object_component id="oc-cf">
         <name>CpuSysRegsFile</name>
         <uninitialized>true</uninitialized>
         <run_address>0x5d300</run_address>
         <size>0x82</size>
         <input_file_ref idref="fl-2"/>
      </object_component>
      <object_component id="oc-e2">
         <name>SysPeriphAcRegsFile</name>
         <uninitialized>true</uninitialized>
         <run_address>0x5d500</run_address>
         <size>0x200</size>
         <input_file_ref idref="fl-2"/>
      </object_component>
      <object_component id="oc-7e">
         <name>SyncSocRegsFile</name>
         <uninitialized>true</uninitialized>
         <run_address>0x7940</run_address>
         <size>0x6</size>
         <input_file_ref idref="fl-2"/>
      </object_component>
      <object_component id="oc-8d">
         <name>XintRegsFile</name>
         <uninitialized>true</uninitialized>
         <run_address>0x7070</run_address>
         <size>0xb</size>
         <input_file_ref idref="fl-2"/>
      </object_component>
      <object_component id="oc-7d">
         <name>.debug_info</name>
         <load_address>0x0</load_address>
         <run_address>0x0</run_address>
         <size>0x4c687</size>
         <input_file_ref idref="fl-2"/>
      </object_component>
      <object_component id="oc-e4">
         <name>.debug_info</name>
         <load_address>0x4c687</load_address>
         <run_address>0x4c687</run_address>
         <size>0x1fc0</size>
         <input_file_ref idref="fl-3"/>
      </object_component>
      <object_component id="oc-ed">
         <name>.debug_info</name>
         <load_address>0x4e647</load_address>
         <run_address>0x4e647</run_address>
         <size>0x504</size>
         <input_file_ref idref="fl-4"/>
      </object_component>
      <object_component id="oc-f2">
         <name>.debug_info</name>
         <load_address>0x4eb4b</load_address>
         <run_address>0x4eb4b</run_address>
         <size>0x1f4</size>
         <input_file_ref idref="fl-5"/>
      </object_component>
      <object_component id="oc-f4">
         <name>.debug_info</name>
         <load_address>0x4ed3f</load_address>
         <run_address>0x4ed3f</run_address>
         <size>0x52b</size>
         <input_file_ref idref="fl-6"/>
      </object_component>
      <object_component id="oc-f9">
         <name>.debug_info</name>
         <load_address>0x4f26a</load_address>
         <run_address>0x4f26a</run_address>
         <size>0x9f8</size>
         <input_file_ref idref="fl-7"/>
      </object_component>
      <object_component id="oc-fe">
         <name>.debug_info</name>
         <load_address>0x4fc62</load_address>
         <run_address>0x4fc62</run_address>
         <size>0x1f7</size>
         <input_file_ref idref="fl-8"/>
      </object_component>
      <object_component id="oc-100">
         <name>.debug_info</name>
         <load_address>0x4fe59</load_address>
         <run_address>0x4fe59</run_address>
         <size>0x431</size>
         <input_file_ref idref="fl-9"/>
      </object_component>
      <object_component id="oc-105">
         <name>.debug_info</name>
         <load_address>0x5028a</load_address>
         <run_address>0x5028a</run_address>
         <size>0x3f3</size>
         <input_file_ref idref="fl-a"/>
      </object_component>
      <object_component id="oc-10a">
         <name>.debug_info</name>
         <load_address>0x5067d</load_address>
         <run_address>0x5067d</run_address>
         <size>0x480</size>
         <input_file_ref idref="fl-b"/>
      </object_component>
      <object_component id="oc-10f">
         <name>.debug_info</name>
         <load_address>0x50afd</load_address>
         <run_address>0x50afd</run_address>
         <size>0x40e</size>
         <input_file_ref idref="fl-c"/>
      </object_component>
      <object_component id="oc-114">
         <name>.debug_info</name>
         <load_address>0x50f0b</load_address>
         <run_address>0x50f0b</run_address>
         <size>0x42a</size>
         <input_file_ref idref="fl-d"/>
      </object_component>
      <object_component id="oc-119">
         <name>.debug_info</name>
         <load_address>0x51335</load_address>
         <run_address>0x51335</run_address>
         <size>0x920</size>
         <input_file_ref idref="fl-e"/>
      </object_component>
      <object_component id="oc-11e">
         <name>.debug_info</name>
         <load_address>0x51c55</load_address>
         <run_address>0x51c55</run_address>
         <size>0xa00</size>
         <input_file_ref idref="fl-f"/>
      </object_component>
      <object_component id="oc-123">
         <name>.debug_info</name>
         <load_address>0x52655</load_address>
         <run_address>0x52655</run_address>
         <size>0x44e</size>
         <input_file_ref idref="fl-10"/>
      </object_component>
      <object_component id="oc-128">
         <name>.debug_info</name>
         <load_address>0x52aa3</load_address>
         <run_address>0x52aa3</run_address>
         <size>0x466</size>
         <input_file_ref idref="fl-11"/>
      </object_component>
      <object_component id="oc-12d">
         <name>.debug_info</name>
         <load_address>0x52f09</load_address>
         <run_address>0x52f09</run_address>
         <size>0x3f2</size>
         <input_file_ref idref="fl-12"/>
      </object_component>
      <object_component id="oc-132">
         <name>.debug_info</name>
         <load_address>0x532fb</load_address>
         <run_address>0x532fb</run_address>
         <size>0x4d5</size>
         <input_file_ref idref="fl-13"/>
      </object_component>
      <object_component id="oc-137">
         <name>.debug_info</name>
         <load_address>0x537d0</load_address>
         <run_address>0x537d0</run_address>
         <size>0x537</size>
         <input_file_ref idref="fl-14"/>
      </object_component>
      <object_component id="oc-13c">
         <name>.debug_info</name>
         <load_address>0x53d07</load_address>
         <run_address>0x53d07</run_address>
         <size>0x19c3</size>
         <input_file_ref idref="fl-15"/>
      </object_component>
      <object_component id="oc-141">
         <name>.debug_info</name>
         <load_address>0x556ca</load_address>
         <run_address>0x556ca</run_address>
         <size>0x1f2</size>
         <input_file_ref idref="fl-16"/>
      </object_component>
      <object_component id="oc-143">
         <name>.debug_info</name>
         <load_address>0x558bc</load_address>
         <run_address>0x558bc</run_address>
         <size>0x1f2</size>
         <input_file_ref idref="fl-17"/>
      </object_component>
      <object_component id="oc-145">
         <name>.debug_info</name>
         <load_address>0x55aae</load_address>
         <run_address>0x55aae</run_address>
         <size>0x421</size>
         <input_file_ref idref="fl-18"/>
      </object_component>
      <object_component id="oc-14a">
         <name>.debug_info</name>
         <load_address>0x55ecf</load_address>
         <run_address>0x55ecf</run_address>
         <size>0x11c7</size>
         <input_file_ref idref="fl-19"/>
      </object_component>
      <object_component id="oc-14f">
         <name>.debug_info</name>
         <load_address>0x57096</load_address>
         <run_address>0x57096</run_address>
         <size>0x5a2</size>
         <input_file_ref idref="fl-1a"/>
      </object_component>
      <object_component id="oc-154">
         <name>.debug_info</name>
         <load_address>0x57638</load_address>
         <run_address>0x57638</run_address>
         <size>0x4b5</size>
         <input_file_ref idref="fl-1b"/>
      </object_component>
      <object_component id="oc-159">
         <name>.debug_info</name>
         <load_address>0x57aed</load_address>
         <run_address>0x57aed</run_address>
         <size>0x1f0</size>
         <input_file_ref idref="fl-1c"/>
      </object_component>
      <object_component id="oc-15b">
         <name>.debug_info</name>
         <load_address>0x57cdd</load_address>
         <run_address>0x57cdd</run_address>
         <size>0x48f</size>
         <input_file_ref idref="fl-1d"/>
      </object_component>
      <object_component id="oc-160">
         <name>.debug_info</name>
         <load_address>0x5816c</load_address>
         <run_address>0x5816c</run_address>
         <size>0x1aef</size>
         <input_file_ref idref="fl-1e"/>
      </object_component>
      <object_component id="oc-165">
         <name>.debug_info</name>
         <load_address>0x59c5b</load_address>
         <run_address>0x59c5b</run_address>
         <size>0x50b</size>
         <input_file_ref idref="fl-1f"/>
      </object_component>
      <object_component id="oc-16a">
         <name>.debug_info</name>
         <load_address>0x5a166</load_address>
         <run_address>0x5a166</run_address>
         <size>0x4b4</size>
         <input_file_ref idref="fl-20"/>
      </object_component>
      <object_component id="oc-16f">
         <name>.debug_info</name>
         <load_address>0x5a61a</load_address>
         <run_address>0x5a61a</run_address>
         <size>0xc32</size>
         <input_file_ref idref="fl-21"/>
      </object_component>
      <object_component id="oc-175">
         <name>.debug_info</name>
         <load_address>0x5b24c</load_address>
         <run_address>0x5b24c</run_address>
         <size>0x3c4</size>
         <input_file_ref idref="fl-22"/>
      </object_component>
      <object_component id="oc-17a">
         <name>.debug_info</name>
         <load_address>0x5b610</load_address>
         <run_address>0x5b610</run_address>
         <size>0x2e03</size>
         <input_file_ref idref="fl-23"/>
      </object_component>
      <object_component id="oc-17f">
         <name>.debug_info</name>
         <load_address>0x5e413</load_address>
         <run_address>0x5e413</run_address>
         <size>0xd8f</size>
         <input_file_ref idref="fl-24"/>
      </object_component>
      <object_component id="oc-186">
         <name>.debug_info</name>
         <load_address>0x5f1a2</load_address>
         <run_address>0x5f1a2</run_address>
         <size>0x53a5</size>
         <input_file_ref idref="fl-25"/>
      </object_component>
      <object_component id="oc-18d">
         <name>.debug_info</name>
         <load_address>0x64547</load_address>
         <run_address>0x64547</run_address>
         <size>0x1b6</size>
         <input_file_ref idref="fl-26"/>
      </object_component>
      <object_component id="oc-190">
         <name>.debug_info</name>
         <load_address>0x646fd</load_address>
         <run_address>0x646fd</run_address>
         <size>0x88c</size>
         <input_file_ref idref="fl-27"/>
      </object_component>
      <object_component id="oc-196">
         <name>.debug_info</name>
         <load_address>0x64f89</load_address>
         <run_address>0x64f89</run_address>
         <size>0x7ca9</size>
         <input_file_ref idref="fl-2a"/>
      </object_component>
      <object_component id="oc-19c">
         <name>.debug_info</name>
         <load_address>0x6cc32</load_address>
         <run_address>0x6cc32</run_address>
         <size>0x4773</size>
         <input_file_ref idref="fl-2b"/>
      </object_component>
      <object_component id="oc-1a1">
         <name>.debug_info</name>
         <load_address>0x713a5</load_address>
         <run_address>0x713a5</run_address>
         <size>0xa740</size>
         <input_file_ref idref="fl-2c"/>
      </object_component>
      <object_component id="oc-1a6">
         <name>.debug_info</name>
         <load_address>0x7bae5</load_address>
         <run_address>0x7bae5</run_address>
         <size>0x3706</size>
         <input_file_ref idref="fl-2d"/>
      </object_component>
      <object_component id="oc-1ab">
         <name>.debug_info</name>
         <load_address>0x7f1eb</load_address>
         <run_address>0x7f1eb</run_address>
         <size>0x6782</size>
         <input_file_ref idref="fl-2e"/>
      </object_component>
      <object_component id="oc-1b0">
         <name>.debug_info</name>
         <load_address>0x8596d</load_address>
         <run_address>0x8596d</run_address>
         <size>0x7815</size>
         <input_file_ref idref="fl-2f"/>
      </object_component>
      <object_component id="oc-1b5">
         <name>.debug_info</name>
         <load_address>0x8d182</load_address>
         <run_address>0x8d182</run_address>
         <size>0x8b28</size>
         <input_file_ref idref="fl-30"/>
      </object_component>
      <object_component id="oc-1bc">
         <name>.debug_info</name>
         <load_address>0x95caa</load_address>
         <run_address>0x95caa</run_address>
         <size>0x1b0</size>
         <input_file_ref idref="fl-31"/>
      </object_component>
      <object_component id="oc-1c1">
         <name>.debug_info</name>
         <load_address>0x95e5a</load_address>
         <run_address>0x95e5a</run_address>
         <size>0x173</size>
         <input_file_ref idref="fl-42"/>
      </object_component>
      <object_component id="oc-1c6">
         <name>.debug_info</name>
         <load_address>0x95fcd</load_address>
         <run_address>0x95fcd</run_address>
         <size>0x114</size>
         <input_file_ref idref="fl-43"/>
      </object_component>
      <object_component id="oc-1ca">
         <name>.debug_info</name>
         <load_address>0x960e1</load_address>
         <run_address>0x960e1</run_address>
         <size>0x561</size>
         <input_file_ref idref="fl-44"/>
      </object_component>
      <object_component id="oc-1cf">
         <name>.debug_info</name>
         <load_address>0x96642</load_address>
         <run_address>0x96642</run_address>
         <size>0x43a</size>
         <input_file_ref idref="fl-45"/>
      </object_component>
      <object_component id="oc-1d4">
         <name>.debug_info</name>
         <load_address>0x96a7c</load_address>
         <run_address>0x96a7c</run_address>
         <size>0x3ad</size>
         <input_file_ref idref="fl-46"/>
      </object_component>
      <object_component id="oc-1d9">
         <name>.debug_info</name>
         <load_address>0x96e29</load_address>
         <run_address>0x96e29</run_address>
         <size>0x3aa</size>
         <input_file_ref idref="fl-47"/>
      </object_component>
      <object_component id="oc-1de">
         <name>.debug_info</name>
         <load_address>0x971d3</load_address>
         <run_address>0x971d3</run_address>
         <size>0x544</size>
         <input_file_ref idref="fl-48"/>
      </object_component>
      <object_component id="oc-1e5">
         <name>.debug_info</name>
         <load_address>0x97717</load_address>
         <run_address>0x97717</run_address>
         <size>0x4cc</size>
         <input_file_ref idref="fl-49"/>
      </object_component>
      <object_component id="oc-1ea">
         <name>.debug_info</name>
         <load_address>0x97be3</load_address>
         <run_address>0x97be3</run_address>
         <size>0x467</size>
         <input_file_ref idref="fl-4a"/>
      </object_component>
      <object_component id="oc-28a">
         <name>.debug_info</name>
         <load_address>0x9804a</load_address>
         <run_address>0x9804a</run_address>
         <size>0xc3</size>
      </object_component>
      <object_component id="oc-e3">
         <name>.debug_abbrev</name>
         <load_address>0x0</load_address>
         <run_address>0x0</run_address>
         <size>0xcb</size>
         <input_file_ref idref="fl-2"/>
      </object_component>
      <object_component id="oc-eb">
         <name>.debug_abbrev</name>
         <load_address>0xcb</load_address>
         <run_address>0xcb</run_address>
         <size>0x175</size>
         <input_file_ref idref="fl-3"/>
      </object_component>
      <object_component id="oc-f0">
         <name>.debug_abbrev</name>
         <load_address>0x240</load_address>
         <run_address>0x240</run_address>
         <size>0xa5</size>
         <input_file_ref idref="fl-4"/>
      </object_component>
      <object_component id="oc-f3">
         <name>.debug_abbrev</name>
         <load_address>0x2e5</load_address>
         <run_address>0x2e5</run_address>
         <size>0x21</size>
         <input_file_ref idref="fl-5"/>
      </object_component>
      <object_component id="oc-f7">
         <name>.debug_abbrev</name>
         <load_address>0x306</load_address>
         <run_address>0x306</run_address>
         <size>0x176</size>
         <input_file_ref idref="fl-6"/>
      </object_component>
      <object_component id="oc-fc">
         <name>.debug_abbrev</name>
         <load_address>0x47c</load_address>
         <run_address>0x47c</run_address>
         <size>0x9c</size>
         <input_file_ref idref="fl-7"/>
      </object_component>
      <object_component id="oc-ff">
         <name>.debug_abbrev</name>
         <load_address>0x518</load_address>
         <run_address>0x518</run_address>
         <size>0x21</size>
         <input_file_ref idref="fl-8"/>
      </object_component>
      <object_component id="oc-103">
         <name>.debug_abbrev</name>
         <load_address>0x539</load_address>
         <run_address>0x539</run_address>
         <size>0xe8</size>
         <input_file_ref idref="fl-9"/>
      </object_component>
      <object_component id="oc-108">
         <name>.debug_abbrev</name>
         <load_address>0x621</load_address>
         <run_address>0x621</run_address>
         <size>0x8a</size>
         <input_file_ref idref="fl-a"/>
      </object_component>
      <object_component id="oc-10d">
         <name>.debug_abbrev</name>
         <load_address>0x6ab</load_address>
         <run_address>0x6ab</run_address>
         <size>0xa5</size>
         <input_file_ref idref="fl-b"/>
      </object_component>
      <object_component id="oc-112">
         <name>.debug_abbrev</name>
         <load_address>0x750</load_address>
         <run_address>0x750</run_address>
         <size>0x98</size>
         <input_file_ref idref="fl-c"/>
      </object_component>
      <object_component id="oc-117">
         <name>.debug_abbrev</name>
         <load_address>0x7e8</load_address>
         <run_address>0x7e8</run_address>
         <size>0x9e</size>
         <input_file_ref idref="fl-d"/>
      </object_component>
      <object_component id="oc-11c">
         <name>.debug_abbrev</name>
         <load_address>0x886</load_address>
         <run_address>0x886</run_address>
         <size>0x17e</size>
         <input_file_ref idref="fl-e"/>
      </object_component>
      <object_component id="oc-121">
         <name>.debug_abbrev</name>
         <load_address>0xa04</load_address>
         <run_address>0xa04</run_address>
         <size>0xdc</size>
         <input_file_ref idref="fl-f"/>
      </object_component>
      <object_component id="oc-126">
         <name>.debug_abbrev</name>
         <load_address>0xae0</load_address>
         <run_address>0xae0</run_address>
         <size>0x9c</size>
         <input_file_ref idref="fl-10"/>
      </object_component>
      <object_component id="oc-12b">
         <name>.debug_abbrev</name>
         <load_address>0xb7c</load_address>
         <run_address>0xb7c</run_address>
         <size>0x9c</size>
         <input_file_ref idref="fl-11"/>
      </object_component>
      <object_component id="oc-130">
         <name>.debug_abbrev</name>
         <load_address>0xc18</load_address>
         <run_address>0xc18</run_address>
         <size>0x8a</size>
         <input_file_ref idref="fl-12"/>
      </object_component>
      <object_component id="oc-135">
         <name>.debug_abbrev</name>
         <load_address>0xca2</load_address>
         <run_address>0xca2</run_address>
         <size>0xf4</size>
         <input_file_ref idref="fl-13"/>
      </object_component>
      <object_component id="oc-13a">
         <name>.debug_abbrev</name>
         <load_address>0xd96</load_address>
         <run_address>0xd96</run_address>
         <size>0x15b</size>
         <input_file_ref idref="fl-14"/>
      </object_component>
      <object_component id="oc-13f">
         <name>.debug_abbrev</name>
         <load_address>0xef1</load_address>
         <run_address>0xef1</run_address>
         <size>0x18a</size>
         <input_file_ref idref="fl-15"/>
      </object_component>
      <object_component id="oc-142">
         <name>.debug_abbrev</name>
         <load_address>0x107b</load_address>
         <run_address>0x107b</run_address>
         <size>0x21</size>
         <input_file_ref idref="fl-16"/>
      </object_component>
      <object_component id="oc-144">
         <name>.debug_abbrev</name>
         <load_address>0x109c</load_address>
         <run_address>0x109c</run_address>
         <size>0x21</size>
         <input_file_ref idref="fl-17"/>
      </object_component>
      <object_component id="oc-148">
         <name>.debug_abbrev</name>
         <load_address>0x10bd</load_address>
         <run_address>0x10bd</run_address>
         <size>0xc5</size>
         <input_file_ref idref="fl-18"/>
      </object_component>
      <object_component id="oc-14d">
         <name>.debug_abbrev</name>
         <load_address>0x1182</load_address>
         <run_address>0x1182</run_address>
         <size>0x17c</size>
         <input_file_ref idref="fl-19"/>
      </object_component>
      <object_component id="oc-152">
         <name>.debug_abbrev</name>
         <load_address>0x12fe</load_address>
         <run_address>0x12fe</run_address>
         <size>0xe8</size>
         <input_file_ref idref="fl-1a"/>
      </object_component>
      <object_component id="oc-157">
         <name>.debug_abbrev</name>
         <load_address>0x13e6</load_address>
         <run_address>0x13e6</run_address>
         <size>0xec</size>
         <input_file_ref idref="fl-1b"/>
      </object_component>
      <object_component id="oc-15a">
         <name>.debug_abbrev</name>
         <load_address>0x14d2</load_address>
         <run_address>0x14d2</run_address>
         <size>0x21</size>
         <input_file_ref idref="fl-1c"/>
      </object_component>
      <object_component id="oc-15e">
         <name>.debug_abbrev</name>
         <load_address>0x14f3</load_address>
         <run_address>0x14f3</run_address>
         <size>0x187</size>
         <input_file_ref idref="fl-1d"/>
      </object_component>
      <object_component id="oc-163">
         <name>.debug_abbrev</name>
         <load_address>0x167a</load_address>
         <run_address>0x167a</run_address>
         <size>0x15f</size>
         <input_file_ref idref="fl-1e"/>
      </object_component>
      <object_component id="oc-168">
         <name>.debug_abbrev</name>
         <load_address>0x17d9</load_address>
         <run_address>0x17d9</run_address>
         <size>0xf6</size>
         <input_file_ref idref="fl-1f"/>
      </object_component>
      <object_component id="oc-16d">
         <name>.debug_abbrev</name>
         <load_address>0x18cf</load_address>
         <run_address>0x18cf</run_address>
         <size>0xec</size>
         <input_file_ref idref="fl-20"/>
      </object_component>
      <object_component id="oc-173">
         <name>.debug_abbrev</name>
         <load_address>0x19bb</load_address>
         <run_address>0x19bb</run_address>
         <size>0x1db</size>
         <input_file_ref idref="fl-21"/>
      </object_component>
      <object_component id="oc-178">
         <name>.debug_abbrev</name>
         <load_address>0x1b96</load_address>
         <run_address>0x1b96</run_address>
         <size>0x70</size>
         <input_file_ref idref="fl-22"/>
      </object_component>
      <object_component id="oc-17d">
         <name>.debug_abbrev</name>
         <load_address>0x1c06</load_address>
         <run_address>0x1c06</run_address>
         <size>0xf5</size>
         <input_file_ref idref="fl-23"/>
      </object_component>
      <object_component id="oc-184">
         <name>.debug_abbrev</name>
         <load_address>0x1cfb</load_address>
         <run_address>0x1cfb</run_address>
         <size>0x160</size>
         <input_file_ref idref="fl-24"/>
      </object_component>
      <object_component id="oc-189">
         <name>.debug_abbrev</name>
         <load_address>0x1e5b</load_address>
         <run_address>0x1e5b</run_address>
         <size>0x101</size>
         <input_file_ref idref="fl-25"/>
      </object_component>
      <object_component id="oc-18e">
         <name>.debug_abbrev</name>
         <load_address>0x1f5c</load_address>
         <run_address>0x1f5c</run_address>
         <size>0x21</size>
         <input_file_ref idref="fl-26"/>
      </object_component>
      <object_component id="oc-194">
         <name>.debug_abbrev</name>
         <load_address>0x1f7d</load_address>
         <run_address>0x1f7d</run_address>
         <size>0xfd</size>
         <input_file_ref idref="fl-27"/>
      </object_component>
      <object_component id="oc-19a">
         <name>.debug_abbrev</name>
         <load_address>0x207a</load_address>
         <run_address>0x207a</run_address>
         <size>0xde</size>
         <input_file_ref idref="fl-2a"/>
      </object_component>
      <object_component id="oc-19f">
         <name>.debug_abbrev</name>
         <load_address>0x2158</load_address>
         <run_address>0x2158</run_address>
         <size>0x14f</size>
         <input_file_ref idref="fl-2b"/>
      </object_component>
      <object_component id="oc-1a4">
         <name>.debug_abbrev</name>
         <load_address>0x22a7</load_address>
         <run_address>0x22a7</run_address>
         <size>0x197</size>
         <input_file_ref idref="fl-2c"/>
      </object_component>
      <object_component id="oc-1a9">
         <name>.debug_abbrev</name>
         <load_address>0x243e</load_address>
         <run_address>0x243e</run_address>
         <size>0xc8</size>
         <input_file_ref idref="fl-2d"/>
      </object_component>
      <object_component id="oc-1ae">
         <name>.debug_abbrev</name>
         <load_address>0x2506</load_address>
         <run_address>0x2506</run_address>
         <size>0x116</size>
         <input_file_ref idref="fl-2e"/>
      </object_component>
      <object_component id="oc-1b3">
         <name>.debug_abbrev</name>
         <load_address>0x261c</load_address>
         <run_address>0x261c</run_address>
         <size>0x109</size>
         <input_file_ref idref="fl-2f"/>
      </object_component>
      <object_component id="oc-1b8">
         <name>.debug_abbrev</name>
         <load_address>0x2725</load_address>
         <run_address>0x2725</run_address>
         <size>0x1c0</size>
         <input_file_ref idref="fl-30"/>
      </object_component>
      <object_component id="oc-1bd">
         <name>.debug_abbrev</name>
         <load_address>0x28e5</load_address>
         <run_address>0x28e5</run_address>
         <size>0x2f</size>
         <input_file_ref idref="fl-31"/>
      </object_component>
      <object_component id="oc-1c3">
         <name>.debug_abbrev</name>
         <load_address>0x2914</load_address>
         <run_address>0x2914</run_address>
         <size>0x46</size>
         <input_file_ref idref="fl-42"/>
      </object_component>
      <object_component id="oc-1c8">
         <name>.debug_abbrev</name>
         <load_address>0x295a</load_address>
         <run_address>0x295a</run_address>
         <size>0x38</size>
         <input_file_ref idref="fl-43"/>
      </object_component>
      <object_component id="oc-1cd">
         <name>.debug_abbrev</name>
         <load_address>0x2992</load_address>
         <run_address>0x2992</run_address>
         <size>0xe3</size>
         <input_file_ref idref="fl-44"/>
      </object_component>
      <object_component id="oc-1d2">
         <name>.debug_abbrev</name>
         <load_address>0x2a75</load_address>
         <run_address>0x2a75</run_address>
         <size>0xa8</size>
         <input_file_ref idref="fl-45"/>
      </object_component>
      <object_component id="oc-1d7">
         <name>.debug_abbrev</name>
         <load_address>0x2b1d</load_address>
         <run_address>0x2b1d</run_address>
         <size>0x68</size>
         <input_file_ref idref="fl-46"/>
      </object_component>
      <object_component id="oc-1dc">
         <name>.debug_abbrev</name>
         <load_address>0x2b85</load_address>
         <run_address>0x2b85</run_address>
         <size>0x66</size>
         <input_file_ref idref="fl-47"/>
      </object_component>
      <object_component id="oc-1e3">
         <name>.debug_abbrev</name>
         <load_address>0x2beb</load_address>
         <run_address>0x2beb</run_address>
         <size>0x130</size>
         <input_file_ref idref="fl-48"/>
      </object_component>
      <object_component id="oc-1e8">
         <name>.debug_abbrev</name>
         <load_address>0x2d1b</load_address>
         <run_address>0x2d1b</run_address>
         <size>0xb2</size>
         <input_file_ref idref="fl-49"/>
      </object_component>
      <object_component id="oc-1ed">
         <name>.debug_abbrev</name>
         <load_address>0x2dcd</load_address>
         <run_address>0x2dcd</run_address>
         <size>0xee</size>
         <input_file_ref idref="fl-4a"/>
      </object_component>
      <object_component id="oc-28b">
         <name>.debug_abbrev</name>
         <load_address>0x2ebb</load_address>
         <run_address>0x2ebb</run_address>
         <size>0xf</size>
      </object_component>
      <object_component id="oc-e9">
         <name>.debug_frame</name>
         <load_address>0x0</load_address>
         <run_address>0x0</run_address>
         <size>0x2ac</size>
         <input_file_ref idref="fl-3"/>
      </object_component>
      <object_component id="oc-ee">
         <name>.debug_frame</name>
         <load_address>0x2ac</load_address>
         <run_address>0x2ac</run_address>
         <size>0x28</size>
         <input_file_ref idref="fl-4"/>
      </object_component>
      <object_component id="oc-f5">
         <name>.debug_frame</name>
         <load_address>0x2d4</load_address>
         <run_address>0x2d4</run_address>
         <size>0x28</size>
         <input_file_ref idref="fl-6"/>
      </object_component>
      <object_component id="oc-fa">
         <name>.debug_frame</name>
         <load_address>0x2fc</load_address>
         <run_address>0x2fc</run_address>
         <size>0x28</size>
         <input_file_ref idref="fl-7"/>
      </object_component>
      <object_component id="oc-101">
         <name>.debug_frame</name>
         <load_address>0x324</load_address>
         <run_address>0x324</run_address>
         <size>0x28</size>
         <input_file_ref idref="fl-9"/>
      </object_component>
      <object_component id="oc-106">
         <name>.debug_frame</name>
         <load_address>0x34c</load_address>
         <run_address>0x34c</run_address>
         <size>0x28</size>
         <input_file_ref idref="fl-a"/>
      </object_component>
      <object_component id="oc-10b">
         <name>.debug_frame</name>
         <load_address>0x374</load_address>
         <run_address>0x374</run_address>
         <size>0x28</size>
         <input_file_ref idref="fl-b"/>
      </object_component>
      <object_component id="oc-110">
         <name>.debug_frame</name>
         <load_address>0x39c</load_address>
         <run_address>0x39c</run_address>
         <size>0x28</size>
         <input_file_ref idref="fl-c"/>
      </object_component>
      <object_component id="oc-115">
         <name>.debug_frame</name>
         <load_address>0x3c4</load_address>
         <run_address>0x3c4</run_address>
         <size>0x28</size>
         <input_file_ref idref="fl-d"/>
      </object_component>
      <object_component id="oc-11a">
         <name>.debug_frame</name>
         <load_address>0x3ec</load_address>
         <run_address>0x3ec</run_address>
         <size>0x28</size>
         <input_file_ref idref="fl-e"/>
      </object_component>
      <object_component id="oc-11f">
         <name>.debug_frame</name>
         <load_address>0x414</load_address>
         <run_address>0x414</run_address>
         <size>0x28</size>
         <input_file_ref idref="fl-f"/>
      </object_component>
      <object_component id="oc-124">
         <name>.debug_frame</name>
         <load_address>0x43c</load_address>
         <run_address>0x43c</run_address>
         <size>0x28</size>
         <input_file_ref idref="fl-10"/>
      </object_component>
      <object_component id="oc-129">
         <name>.debug_frame</name>
         <load_address>0x464</load_address>
         <run_address>0x464</run_address>
         <size>0x28</size>
         <input_file_ref idref="fl-11"/>
      </object_component>
      <object_component id="oc-12e">
         <name>.debug_frame</name>
         <load_address>0x48c</load_address>
         <run_address>0x48c</run_address>
         <size>0x28</size>
         <input_file_ref idref="fl-12"/>
      </object_component>
      <object_component id="oc-133">
         <name>.debug_frame</name>
         <load_address>0x4b4</load_address>
         <run_address>0x4b4</run_address>
         <size>0x28</size>
         <input_file_ref idref="fl-13"/>
      </object_component>
      <object_component id="oc-138">
         <name>.debug_frame</name>
         <load_address>0x4dc</load_address>
         <run_address>0x4dc</run_address>
         <size>0x28</size>
         <input_file_ref idref="fl-14"/>
      </object_component>
      <object_component id="oc-13d">
         <name>.debug_frame</name>
         <load_address>0x504</load_address>
         <run_address>0x504</run_address>
         <size>0x178</size>
         <input_file_ref idref="fl-15"/>
[...]
         <name>_DMA_CH5_ISR</name>
         <value>0x8262</value>
         <object_component_ref idref="oc-197"/>
      </symbol>
      <symbol id="sm-529">
         <name>_ECAP1_ISR</name>
         <value>0x81a4</value>
         <object_component_ref idref="oc-197"/>
      </symbol>
      <symbol id="sm-52b">
         <name>_TIMER2_ISR</name>
         <value>0x800a</value>
         <object_component_ref idref="oc-197"/>
      </symbol>
      <symbol id="sm-52d">
         <name>_ADCA4_ISR</name>
         <value>0x82f8</value>
         <object_component_ref idref="oc-197"/>
      </symbol>
      <symbol id="sm-52f">
         <name>_ADCB4_ISR</name>
         <value>0x8320</value>
         <object_component_ref idref="oc-197"/>
      </symbol>
      <symbol id="sm-531">
         <name>_ADCC4_ISR</name>
         <value>0x844c</value>
         <object_component_ref idref="oc-197"/>
      </symbol>
      <symbol id="sm-533">
         <name>_SD1DR2_ISR</name>
         <value>0x83c0</value>
         <object_component_ref idref="oc-197"/>
      </symbol>
      <symbol id="sm-535">
         <name>_EPWM7_ISR</name>
         <value>0x8190</value>
         <object_component_ref idref="oc-197"/>
      </symbol>
      <symbol id="sm-537">
         <name>_USER10_ISR</name>
         <value>0x80a0</value>
         <object_component_ref idref="oc-197"/>
      </symbol>
      <symbol id="sm-539">
         <name>_USER7_ISR</name>
         <value>0x8082</value>
         <object_component_ref idref="oc-197"/>
      </symbol>
      <symbol id="sm-53b">
         <name>_PMBUSA_ISR</name>
         <value>0x8424</value>
         <object_component_ref idref="oc-197"/>
      </symbol>
      <symbol id="sm-53d">
         <name>_XINT1_ISR</name>
         <value>0x80dc</value>
         <object_component_ref idref="oc-197"/>
      </symbol>
      <symbol id="sm-53f">
         <name>_DMA_CH6_ISR</name>
         <value>0x826c</value>
         <object_component_ref idref="oc-197"/>
      </symbol>
      <symbol id="sm-541">
         <name>_ECAP2_ISR</name>
         <value>0x81ae</value>
         <object_component_ref idref="oc-197"/>
      </symbol>
      <symbol id="sm-543">
         <name>_SD1DR3_ISR</name>
         <value>0x83ca</value>
         <object_component_ref idref="oc-197"/>
      </symbol>
      <symbol id="sm-545">
         <name>_USER6_ISR</name>
         <value>0x8078</value>
         <object_component_ref idref="oc-197"/>
      </symbol>
      <symbol id="sm-547">
         <name>_EPWM4_TZ_ISR</name>
         <value>0x8122</value>
         <object_component_ref idref="oc-197"/>
      </symbol>
      <symbol id="sm-549">
         <name>_EPWM3_TZ_ISR</name>
         <value>0x8118</value>
         <object_component_ref idref="oc-197"/>
      </symbol>
      <symbol id="sm-54b">
         <name>_I2CA_FIFO_ISR</name>
         <value>0x8280</value>
         <object_component_ref idref="oc-197"/>
      </symbol>
      <symbol id="sm-54d">
         <name>_ECAP3_ISR</name>
         <value>0x81b8</value>
         <object_component_ref idref="oc-197"/>
      </symbol>
      <symbol id="sm-54f">
         <name>_RTOS_ISR</name>
         <value>0x801e</value>
         <object_component_ref idref="oc-197"/>
      </symbol>
      <symbol id="sm-551">
         <name>_EPWM1_ISR</name>
         <value>0x8154</value>
         <object_component_ref idref="oc-197"/>
      </symbol>
      <symbol id="sm-553">
         <name>_USER12_ISR</name>
         <value>0x80b4</value>
         <object_component_ref idref="oc-197"/>
      </symbol>
      <symbol id="sm-555">
         <name>_CLA1_4_ISR</name>
         <value>0x8348</value>
         <object_component_ref idref="oc-197"/>
      </symbol>
      <symbol id="sm-557">
         <name>_USER1_ISR</name>
         <value>0x8046</value>
         <object_component_ref idref="oc-197"/>
      </symbol>
      <symbol id="sm-559">
         <name>_CLA_UNDERFLOW_ISR</name>
         <value>0x8488</value>
         <object_component_ref idref="oc-197"/>
      </symbol>
      <symbol id="sm-55b">
         <name>_ADCC_EVT_ISR</name>
         <value>0x842e</value>
         <object_component_ref idref="oc-197"/>
      </symbol>
      <symbol id="sm-55d">
         <name>_SYS_PLL_SLIP_ISR</name>
         <value>0x8474</value>
         <object_component_ref idref="oc-197"/>
      </symbol>
      <symbol id="sm-55f">
         <name>_XINT3_ISR</name>
         <value>0x837a</value>
         <object_component_ref idref="oc-197"/>
      </symbol>
      <symbol id="sm-561">
         <name>_NMI_ISR</name>
         <value>0x8032</value>
         <object_component_ref idref="oc-197"/>
      </symbol>
      <symbol id="sm-563">
         <name>_CANA0_ISR</name>
         <value>0x82b2</value>
         <object_component_ref idref="oc-197"/>
      </symbol>
      <symbol id="sm-565">
         <name>_CANB0_ISR</name>
         <value>0x82c6</value>
         <object_component_ref idref="oc-197"/>
      </symbol>
      <symbol id="sm-567">
         <name>_EPWM8_ISR</name>
         <value>0x819a</value>
         <object_component_ref idref="oc-197"/>
      </symbol>
      <symbol id="sm-569">
         <name>_EPWM2_ISR</name>
         <value>0x815e</value>
         <object_component_ref idref="oc-197"/>
      </symbol>
      <symbol id="sm-56b">
         <name>_CLA1_5_ISR</name>
         <value>0x8352</value>
         <object_component_ref idref="oc-197"/>
      </symbol>
      <symbol id="sm-56d">
         <name>_EPWM5_TZ_ISR</name>
         <value>0x812c</value>
         <object_component_ref idref="oc-197"/>
      </symbol>
      <symbol id="sm-56f">
         <name>_WAKE_ISR</name>
         <value>0x80fa</value>
         <object_component_ref idref="oc-197"/>
      </symbol>
      <symbol id="sm-571">
         <name>_XINT2_ISR</name>
         <value>0x80e6</value>
         <object_component_ref idref="oc-197"/>
      </symbol>
      <symbol id="sm-573">
         <name>_LINA_0_ISR</name>
         <value>0x8410</value>
         <object_component_ref idref="oc-197"/>
      </symbol>
      <symbol id="sm-575">
         <name>_DMA_CH1_ISR</name>
         <value>0x823a</value>
         <object_component_ref idref="oc-197"/>
      </symbol>
      <symbol id="sm-577">
         <name>_CANA1_ISR</name>
         <value>0x82bc</value>
         <object_component_ref idref="oc-197"/>
      </symbol>
      <symbol id="sm-579">
         <name>_CANB1_ISR</name>
         <value>0x82d0</value>
         <object_component_ref idref="oc-197"/>
      </symbol>
      <symbol id="sm-57b">
         <name>_ADCA_EVT_ISR</name>
         <value>0x82da</value>
         <object_component_ref idref="oc-197"/>
      </symbol>
      <symbol id="sm-57d">
         <name>_SD1DR4_ISR</name>
         <value>0x83d4</value>
         <object_component_ref idref="oc-197"/>
      </symbol>
      <symbol id="sm-57f">
         <name>_SPIB_RX_ISR</name>
         <value>0x8226</value>
         <object_component_ref idref="oc-197"/>
      </symbol>
      <symbol id="sm-581">
         <name>_CLA1PROMCRC_ISR</name>
         <value>0x8406</value>
         <object_component_ref idref="oc-197"/>
      </symbol>
      <symbol id="sm-583">
         <name>_SPIB_TX_ISR</name>
         <value>0x8230</value>
         <object_component_ref idref="oc-197"/>
      </symbol>
      <symbol id="sm-585">
         <name>_EPWM3_ISR</name>
         <value>0x8168</value>
         <object_component_ref idref="oc-197"/>
      </symbol>
      <symbol id="sm-587">
         <name>_USER9_ISR</name>
         <value>0x8096</value>
         <object_component_ref idref="oc-197"/>
      </symbol>
      <symbol id="sm-589">
         <name>_CLA1_6_ISR</name>
         <value>0x835c</value>
         <object_component_ref idref="oc-197"/>
      </symbol>
      <symbol id="sm-58b">
         <name>_USER3_ISR</name>
         <value>0x805a</value>
         <object_component_ref idref="oc-197"/>
      </symbol>
      <symbol id="sm-58d">
         <name>_NOTUSED_ISR</name>
         <value>0x84a9</value>
         <object_component_ref idref="oc-197"/>
      </symbol>
      <symbol id="sm-58f">
         <name>_LINA_1_ISR</name>
         <value>0x841a</value>
         <object_component_ref idref="oc-197"/>
      </symbol>
      <symbol id="sm-591">
         <name>_RAM_ACCESS_VIOLATION_ISR</name>
         <value>0x846a</value>
         <object_component_ref idref="oc-197"/>
      </symbol>
      <symbol id="sm-593">
         <name>_DMA_CH2_ISR</name>
         <value>0x8244</value>
         <object_component_ref idref="oc-197"/>
      </symbol>
      <symbol id="sm-595">
         <name>_ECAP4_ISR</name>
         <value>0x81c2</value>
         <object_component_ref idref="oc-197"/>
      </symbol>
      <symbol id="sm-597">
         <name>_ADCA1_ISR</name>
         <value>0x80be</value>
         <object_component_ref idref="oc-197"/>
      </symbol>
      <symbol id="sm-599">
         <name>_FPU_UNDERFLOW_ISR</name>
         <value>0x83a2</value>
         <object_component_ref idref="oc-197"/>
      </symbol>
      <symbol id="sm-59b">
         <name>_ADCB1_ISR</name>
         <value>0x80c8</value>
         <object_component_ref idref="oc-197"/>
      </symbol>
      <symbol id="sm-59d">
         <name>_ADCC1_ISR</name>
         <value>0x80d2</value>
         <object_component_ref idref="oc-197"/>
      </symbol>
      <symbol id="sm-59f">
         <name>_FSIRXA1_ISR</name>
         <value>0x83f2</value>
         <object_component_ref idref="oc-197"/>
      </symbol>
      <symbol id="sm-5a1">
         <name>_USER8_ISR</name>
         <value>0x808c</value>
         <object_component_ref idref="oc-197"/>
      </symbol>
      <symbol id="sm-5a3">
         <name>_CLA1_7_ISR</name>
         <value>0x8366</value>
         <object_component_ref idref="oc-197"/>
      </symbol>
      <symbol id="sm-5a5">
         <name>_USER2_ISR</name>
         <value>0x8050</value>
         <object_component_ref idref="oc-197"/>
      </symbol>
      <symbol id="sm-5a7">
         <name>_EPWM1_TZ_ISR</name>
         <value>0x8104</value>
         <object_component_ref idref="oc-197"/>
      </symbol>
      <symbol id="sm-5a9">
         <name>_DMA_CH3_ISR</name>
         <value>0x824e</value>
         <object_component_ref idref="oc-197"/>
      </symbol>
      <symbol id="sm-5ab">
         <name>_ECAP5_ISR</name>
         <value>0x81cc</value>
         <object_component_ref idref="oc-197"/>
      </symbol>
      <symbol id="sm-5ad">
         <name>_ADCA2_ISR</name>
         <value>0x82e4</value>
         <object_component_ref idref="oc-197"/>
      </symbol>
      <symbol id="sm-5af">
         <name>_ADCB2_ISR</name>
         <value>0x830c</value>
         <object_component_ref idref="oc-197"/>
      </symbol>
      <symbol id="sm-5b1">
         <name>_ADCC2_ISR</name>
         <value>0x8438</value>
         <object_component_ref idref="oc-197"/>
      </symbol>
      <symbol id="sm-5b3">
         <name>_SCIB_RX_ISR</name>
         <value>0x829e</value>
         <object_component_ref idref="oc-197"/>
      </symbol>
      <symbol id="sm-5b5">
         <name>_EMU_ISR</name>
         <value>0x8028</value>
         <object_component_ref idref="oc-197"/>
      </symbol>
      <symbol id="sm-5b7">
         <name>_SCIB_TX_ISR</name>
         <value>0x82a8</value>
         <object_component_ref idref="oc-197"/>
      </symbol>
      <symbol id="sm-5b9">
         <name>_SPIA_RX_ISR</name>
         <value>0x8212</value>
         <object_component_ref idref="oc-197"/>
      </symbol>
      <symbol id="sm-5bb">
         <name>_SPIA_TX_ISR</name>
         <value>0x821c</value>
         <object_component_ref idref="oc-197"/>
      </symbol>
      <symbol id="sm-5bd">
         <name>_FSIRXA2_ISR</name>
         <value>0x83fc</value>
         <object_component_ref idref="oc-197"/>
      </symbol>
      <symbol id="sm-5bf">
         <name>_XINT5_ISR</name>
         <value>0x838e</value>
         <object_component_ref idref="oc-197"/>
      </symbol>
      <symbol id="sm-5c1">
         <name>_CLA_OVERFLOW_ISR</name>
         <value>0x847e</value>
         <object_component_ref idref="oc-197"/>
      </symbol>
      <symbol id="sm-5eb">
         <name>_GPIO_SetupLock</name>
         <value>0x8611</value>
         <object_component_ref idref="oc-1fa"/>
      </symbol>
      <symbol id="sm-5ed">
         <name>_GPIO_SetupXINT4Gpio</name>
         <value>0x8658</value>
         <object_component_ref idref="oc-1fa"/>
      </symbol>
      <symbol id="sm-5ef">
         <name>_InitGpio</name>
         <value>0x84b3</value>
         <object_component_ref idref="oc-1fa"/>
      </symbol>
      <symbol id="sm-5f1">
         <name>_GPIO_SetupXINT5Gpio</name>
         <value>0x8662</value>
         <object_component_ref idref="oc-1fa"/>
      </symbol>
      <symbol id="sm-5f3">
         <name>_GPIO_SetupXINT2Gpio</name>
         <value>0x8644</value>
         <object_component_ref idref="oc-1fa"/>
      </symbol>
      <symbol id="sm-5f5">
         <name>_GPIO_SetupXINT3Gpio</name>
         <value>0x864e</value>
         <object_component_ref idref="oc-1fa"/>
      </symbol>
      <symbol id="sm-5f7">
         <name>_GPIO_WritePin</name>
         <value>0x8683</value>
         <object_component_ref idref="oc-1fa"/>
      </symbol>
      <symbol id="sm-5f9">
         <name>_GPIO_SetupPinOptions</name>
         <value>0x857d</value>
         <object_component_ref idref="oc-1fa"/>
      </symbol>
      <symbol id="sm-5fb">
         <name>_GPIO_SetupXINT1Gpio</name>
         <value>0x863a</value>
         <object_component_ref idref="oc-1fa"/>
      </symbol>
      <symbol id="sm-5fd">
         <name>_GPIO_SetupPinMux</name>
         <value>0x84f1</value>
         <object_component_ref idref="oc-1fa"/>
      </symbol>
      <symbol id="sm-5ff">
         <name>_GPIO_ReadPin</name>
         <value>0x866c</value>
         <object_component_ref idref="oc-1fa"/>
      </symbol>
      <symbol id="sm-60c">
         <name>_InitPieCtrl</name>
         <value>0x8f0e</value>
         <object_component_ref idref="oc-1fc"/>
      </symbol>
      <symbol id="sm-60e">
         <name>_EnableInterrupts</name>
         <value>0x8f2d</value>
         <object_component_ref idref="oc-1fc"/>
      </symbol>
      <symbol id="sm-61f">
         <name>_PieVectTableInit</name>
         <value>0xa800</value>
         <object_component_ref idref="oc-201"/>
      </symbol>
      <symbol id="sm-620">
         <name>_InitPieVectTable</name>
         <value>0x8f36</value>
         <object_component_ref idref="oc-1fd"/>
      </symbol>
      <symbol id="sm-65b">
         <name>_InitSysPll</name>
         <value>0x1e1</value>
         <object_component_ref idref="oc-1f9"/>
      </symbol>
      <symbol id="sm-65d">
         <name>_DisablePeripheralClocks</name>
         <value>0x1ab</value>
         <object_component_ref idref="oc-1f9"/>
      </symbol>
      <symbol id="sm-65f">
         <name>_DisableDog</name>
         <value>0x1d3</value>
         <object_component_ref idref="oc-1f9"/>
      </symbol>
      <symbol id="sm-661">
         <name>_SysIntOsc2Sel</name>
         <value>0x2df</value>
         <object_component_ref idref="oc-1f9"/>
      </symbol>
      <symbol id="sm-663">
         <name>_HALT</name>
         <value>0x34d</value>
         <object_component_ref idref="oc-1f9"/>
      </symbol>
      <symbol id="sm-665">
         <name>_IDLE</name>
         <value>0x344</value>
         <object_component_ref idref="oc-1f9"/>
      </symbol>
      <symbol id="sm-667">
         <name>_InitPeripheralClocks</name>
         <value>0x133</value>
         <object_component_ref idref="oc-1f9"/>
      </symbol>
      <symbol id="sm-669">
         <name>_SysXtalOscSel</name>
         <value>0x30b</value>
         <object_component_ref idref="oc-1f9"/>
      </symbol>
      <symbol id="sm-66b">
         <name>_CsmUnlock</name>
         <value>0x2b2</value>
         <object_component_ref idref="oc-1f9"/>
      </symbol>
      <symbol id="sm-66d">
         <name>_SysIntOsc1Sel</name>
         <value>0x2d3</value>
         <object_component_ref idref="oc-1f9"/>
      </symbol>
      <symbol id="sm-66f">
         <name>_ServiceDog</name>
         <value>0x1c5</value>
         <object_component_ref idref="oc-1f9"/>
      </symbol>
      <symbol id="sm-671">
         <name>_IsPLLValid</name>
         <value>0x35e</value>
         <object_component_ref idref="oc-1f9"/>
      </symbol>
      <symbol id="sm-673">
         <name>_InitSysCtrl</name>
         <value>0x125</value>
         <object_component_ref idref="oc-1f9"/>
      </symbol>
      <symbol id="sm-675">
         <name>_SysXtalOscSESel</name>
         <value>0x32e</value>
         <object_component_ref idref="oc-1f9"/>
      </symbol>
      <symbol id="sm-682">
         <name>_F28x_usDelay</name>
         <value>0x11d</value>
         <object_component_ref idref="oc-1ba"/>
      </symbol>
      <symbol id="sm-69d">
         <name>_c_int00</name>
         <value>0x8e8f</value>
         <object_component_ref idref="oc-7c"/>
      </symbol>
      <symbol id="sm-69e">
         <name>__stack</name>
         <value>0x400</value>
         <object_component_ref idref="oc-1bf"/>
      </symbol>
      <symbol id="sm-6af">
         <name>FS$$DIV</name>
         <value>0x8e07</value>
         <object_component_ref idref="oc-1c5"/>
      </symbol>
      <symbol id="sm-6be">
         <name>_copy_in</name>
         <value>0x8f5c</value>
         <object_component_ref idref="oc-1f0"/>
      </symbol>
      <symbol id="sm-6d0">
         <name>_memcpy</name>
         <value>0x8f80</value>
         <object_component_ref idref="oc-1f6"/>
      </symbol>
      <symbol id="sm-6dd">
         <name>__system_pre_init</name>
         <value>0x3f9</value>
         <object_component_ref idref="oc-1ef"/>
      </symbol>
      <symbol id="sm-6eb">
         <name>__system_post_cinit</name>
         <value>0x3fb</value>
         <object_component_ref idref="oc-1f1"/>
      </symbol>
      <symbol id="sm-700">
         <name>C$$EXIT</name>
         <value>0x8ee5</value>
         <object_component_ref idref="oc-1f3"/>
      </symbol>
      <symbol id="sm-701">
         <name>_exit</name>
         <value>0x8ee7</value>
         <object_component_ref idref="oc-1f3"/>
      </symbol>
      <symbol id="sm-703">
         <name>___TI_cleanup_ptr</name>
         <value>0xaa3c</value>
         <object_component_ref idref="oc-1e0"/>
      </symbol>
      <symbol id="sm-704">
         <name>___TI_enable_exit_profile_output</name>
         <value>0xaa3a</value>
         <object_component_ref idref="oc-1e0"/>
      </symbol>
      <symbol id="sm-705">
         <name>_abort</name>
         <value>0x8ee5</value>
         <object_component_ref idref="oc-1f3"/>
      </symbol>
      <symbol id="sm-707">
         <name>___TI_dtors_ptr</name>
         <value>0xaa3e</value>
         <object_component_ref idref="oc-1e0"/>
      </symbol>
      <symbol id="sm-71b">
         <name>__unlock</name>
         <value>0xaa62</value>
         <object_component_ref idref="oc-202"/>
      </symbol>
      <symbol id="sm-71c">
         <name>__lock</name>
         <value>0xaa60</value>
         <object_component_ref idref="oc-1f7"/>
      </symbol>
      <symbol id="sm-71d">
         <name>__register_lock</name>
         <value>0x8fb3</value>
         <object_component_ref idref="oc-1ff"/>
      </symbol>
      <symbol id="sm-71f">
         <name>__nop</name>
         <value>0x8fb7</value>
         <object_component_ref idref="oc-1ff"/>
      </symbol>
      <symbol id="sm-721">
         <name>__register_unlock</name>
         <value>0x8faf</value>
         <object_component_ref idref="oc-1ff"/>
      </symbol>
      <symbol id="sm-731">
         <name>__args_main</name>
         <value>0x8f9d</value>
         <object_component_ref idref="oc-1f2"/>
      </symbol>
   </symbol_table>
   <title>Link successful</title>
</link_info>
