<?xml version="1.0" encoding="ISO-8859-1" ?>
<link_info>
   <banner>TMS320C2000 Linker PC v20.2.2.LTS</banner>
   <copyright>Copyright (c) 1996-2018 Texas Instruments Incorporated</copyright>
   <link_time>0x5fb02af8</link_time>
   <link_errors>0x0</link_errors>
   <output_file>DSP_28004x_01_TS_CAN.out</output_file>
   <entry_point>
      <name>_c_int00</name>
      <address>0x82282</address>
   </entry_point>
   <input_file_list>
      <input_file id="fl-2">
         <path>.\</path>
         <kind>object</kind>
         <file>f28004x_globalvariabledefs.obj</file>
         <name>f28004x_globalvariabledefs.obj</name>
      </input_file>
      <input_file id="fl-3">
         <path>.\TS_SysMng\Src\</path>
         <kind>object</kind>
         <file>CAN_main.obj</file>
         <name>CAN_main.obj</name>
      </input_file>
      <input_file id="fl-4">
         <path>.\driverlib\f28004x\driverlib\</path>
         <kind>object</kind>
         <file>adc.obj</file>
         <name>adc.obj</name>
      </input_file>
      <input_file id="fl-5">
         <path>.\driverlib\f28004x\driverlib\</path>
         <kind>object</kind>
         <file>asysctl.obj</file>
         <name>asysctl.obj</name>
      </input_file>
      <input_file id="fl-6">
         <path>.\driverlib\f28004x\driverlib\</path>
         <kind>object</kind>
         <file>can.obj</file>
         <name>can.obj</name>
      </input_file>
      <input_file id="fl-7">
         <path>.\driverlib\f28004x\driverlib\</path>
         <kind>object</kind>
         <file>cla.obj</file>
         <name>cla.obj</name>
      </input_file>
      <input_file id="fl-8">
         <path>.\driverlib\f28004x\driverlib\</path>
         <kind>object</kind>
         <file>clapromcrc.obj</file>
         <name>clapromcrc.obj</name>
      </input_file>
      <input_file id="fl-9">
         <path>.\driverlib\f28004x\driverlib\</path>
         <kind>object</kind>
         <file>clb.obj</file>
         <name>clb.obj</name>
      </input_file>
      <input_file id="fl-a">
         <path>.\driverlib\f28004x\driverlib\</path>
         <kind>object</kind>
         <file>cmpss.obj</file>
         <name>cmpss.obj</name>
      </input_file>
      <input_file id="fl-b">
         <path>.\driverlib\f28004x\driverlib\</path>
         <kind>object</kind>
         <file>cputimer.obj</file>
         <name>cputimer.obj</name>
      </input_file>
      <input_file id="fl-c">
         <path>.\driverlib\f28004x\driverlib\</path>
         <kind>object</kind>
         <file>dac.obj</file>
         <name>dac.obj</name>
      </input_file>
      <input_file id="fl-d">
         <path>.\driverlib\f28004x\driverlib\</path>
         <kind>object</kind>
         <file>dcc.obj</file>
         <name>dcc.obj</name>
      </input_file>
      <input_file id="fl-e">
         <path>.\driverlib\f28004x\driverlib\</path>
         <kind>object</kind>
         <file>dcsm.obj</file>
         <name>dcsm.obj</name>
      </input_file>
      <input_file id="fl-f">
         <path>.\driverlib\f28004x\driverlib\</path>
         <kind>object</kind>
         <file>dma.obj</file>
         <name>dma.obj</name>
      </input_file>
      <input_file id="fl-10">
         <path>.\driverlib\f28004x\driverlib\</path>
         <kind>object</kind>
         <file>ecap.obj</file>
         <name>ecap.obj</name>
      </input_file>
      <input_file id="fl-11">
         <path>.\driverlib\f28004x\driverlib\</path>
         <kind>object</kind>
         <file>epwm.obj</file>
         <name>epwm.obj</name>
      </input_file>
      <input_file id="fl-12">
         <path>.\driverlib\f28004x\driverlib\</path>
         <kind>object</kind>
         <file>eqep.obj</file>
         <name>eqep.obj</name>
      </input_file>
      <input_file id="fl-13">
         <path>.\driverlib\f28004x\driverlib\</path>
         <kind>object</kind>
         <file>flash.obj</file>
         <name>flash.obj</name>
      </input_file>
      <input_file id="fl-14">
         <path>.\driverlib\f28004x\driverlib\</path>
         <kind>object</kind>
         <file>fsi.obj</file>
         <name>fsi.obj</name>
      </input_file>
      <input_file id="fl-15">
         <path>.\driverlib\f28004x\driverlib\</path>
         <kind>object</kind>
         <file>gpio.obj</file>
         <name>gpio.obj</name>
      </input_file>
      <input_file id="fl-16">
         <path>.\driverlib\f28004x\driverlib\</path>
         <kind>object</kind>
         <file>hrcap.obj</file>
         <name>hrcap.obj</name>
      </input_file>
      <input_file id="fl-17">
         <path>.\driverlib\f28004x\driverlib\</path>
         <kind>object</kind>
         <file>hrpwm.obj</file>
         <name>hrpwm.obj</name>
      </input_file>
      <input_file id="fl-18">
         <path>.\driverlib\f28004x\driverlib\</path>
         <kind>object</kind>
         <file>i2c.obj</file>
         <name>i2c.obj</name>
      </input_file>
      <input_file id="fl-19">
         <path>.\driverlib\f28004x\driverlib\</path>
         <kind>object</kind>
         <file>interrupt.obj</file>
         <name>interrupt.obj</name>
      </input_file>
      <input_file id="fl-1a">
         <path>.\driverlib\f28004x\driverlib\</path>
         <kind>object</kind>
         <file>lin.obj</file>
         <name>lin.obj</name>
      </input_file>
      <input_file id="fl-1b">
         <path>.\driverlib\f28004x\driverlib\</path>
         <kind>object</kind>
         <file>memcfg.obj</file>
         <name>memcfg.obj</name>
      </input_file>
      <input_file id="fl-1c">
         <path>.\driverlib\f28004x\driverlib\</path>
         <kind>object</kind>
         <file>pga.obj</file>
         <name>pga.obj</name>
      </input_file>
      <input_file id="fl-1d">
         <path>.\driverlib\f28004x\driverlib\</path>
         <kind>object</kind>
         <file>pmbus.obj</file>
         <name>pmbus.obj</name>
      </input_file>
      <input_file id="fl-1e">
         <path>.\driverlib\f28004x\driverlib\</path>
         <kind>object</kind>
         <file>sci.obj</file>
         <name>sci.obj</name>
      </input_file>
      <input_file id="fl-1f">
         <path>.\driverlib\f28004x\driverlib\</path>
         <kind>object</kind>
         <file>sdfm.obj</file>
         <name>sdfm.obj</name>
      </input_file>
      <input_file id="fl-20">
         <path>.\driverlib\f28004x\driverlib\</path>
         <kind>object</kind>
         <file>spi.obj</file>
         <name>spi.obj</name>
      </input_file>
      <input_file id="fl-21">
         <path>.\driverlib\f28004x\driverlib\</path>
         <kind>object</kind>
         <file>sysctl.obj</file>
         <name>sysctl.obj</name>
      </input_file>
      <input_file id="fl-22">
         <path>.\driverlib\f28004x\driverlib\</path>
         <kind>object</kind>
         <file>version.obj</file>
         <name>version.obj</name>
      </input_file>
      <input_file id="fl-23">
         <path>.\driverlib\f28004x\driverlib\</path>
         <kind>object</kind>
         <file>xbar.obj</file>
         <name>xbar.obj</name>
      </input_file>
      <input_file id="fl-24">
         <path>.\source\</path>
         <kind>object</kind>
         <file>device.obj</file>
         <name>device.obj</name>
      </input_file>
      <input_file id="fl-25">
         <path>.\source\</path>
         <kind>object</kind>
         <file>f28004x_adc.obj</file>
         <name>f28004x_adc.obj</name>
      </input_file>
      <input_file id="fl-26">
         <path>.\source\</path>
         <kind>object</kind>
         <file>f28004x_codestartbranch.obj</file>
         <name>f28004x_codestartbranch.obj</name>
      </input_file>
      <input_file id="fl-27">
         <path>.\source\</path>
         <kind>object</kind>
         <file>f28004x_cputimers.obj</file>
         <name>f28004x_cputimers.obj</name>
      </input_file>
      <input_file id="fl-28">
         <path>.\source\</path>
         <kind>object</kind>
         <file>f28004x_dcsm_z1otp.obj</file>
         <name>f28004x_dcsm_z1otp.obj</name>
      </input_file>
      <input_file id="fl-29">
         <path>.\source\</path>
         <kind>object</kind>
         <file>f28004x_dcsm_z2otp.obj</file>
         <name>f28004x_dcsm_z2otp.obj</name>
      </input_file>
      <input_file id="fl-2a">
         <path>.\source\</path>
         <kind>object</kind>
         <file>f28004x_defaultisr.obj</file>
         <name>f28004x_defaultisr.obj</name>
      </input_file>
      <input_file id="fl-2b">
         <path>.\source\</path>
         <kind>object</kind>
         <file>f28004x_dma.obj</file>
         <name>f28004x_dma.obj</name>
      </input_file>
      <input_file id="fl-2c">
         <path>.\source\</path>
         <kind>object</kind>
         <file>f28004x_gpio.obj</file>
         <name>f28004x_gpio.obj</name>
      </input_file>
      <input_file id="fl-2d">
         <path>.\source\</path>
         <kind>object</kind>
         <file>f28004x_piectrl.obj</file>
         <name>f28004x_piectrl.obj</name>
      </input_file>
      <input_file id="fl-2e">
         <path>.\source\</path>
         <kind>object</kind>
         <file>f28004x_pievect.obj</file>
         <name>f28004x_pievect.obj</name>
      </input_file>
      <input_file id="fl-2f">
         <path>.\source\</path>
         <kind>object</kind>
         <file>f28004x_spi.obj</file>
         <name>f28004x_spi.obj</name>
      </input_file>
      <input_file id="fl-30">
         <path>.\source\</path>
         <kind>object</kind>
         <file>f28004x_sysctrl.obj</file>
         <name>f28004x_sysctrl.obj</name>
      </input_file>
      <input_file id="fl-31">
         <path>.\source\</path>
         <kind>object</kind>
         <file>f28004x_usdelay.obj</file>
         <name>f28004x_usdelay.obj</name>
      </input_file>
      <input_file id="fl-36">
         <kind>object</kind>
         <file>&lt;internal&gt;</file>
         <name>&lt;internal&gt;</name>
      </input_file>
      <input_file id="fl-42">
         <path>C:\ti\ccs1000\ccs\tools\compiler\ti-cgt-c2000_20.2.2.LTS\lib\</path>
         <kind>archive</kind>
         <file>rts2800_fpu32.lib</file>
         <name>boot28.asm.obj</name>
      </input_file>
      <input_file id="fl-43">
         <path>C:\ti\ccs1000\ccs\tools\compiler\ti-cgt-c2000_20.2.2.LTS\lib\</path>
         <kind>archive</kind>
         <file>rts2800_fpu32.lib</file>
         <name>fs_div28.asm.obj</name>
      </input_file>
      <input_file id="fl-44">
         <path>C:\ti\ccs1000\ccs\tools\compiler\ti-cgt-c2000_20.2.2.LTS\lib\</path>
         <kind>archive</kind>
         <file>rts2800_fpu32.lib</file>
         <name>cpy_tbl.c.obj</name>
      </input_file>
      <input_file id="fl-45">
         <path>C:\ti\ccs1000\ccs\tools\compiler\ti-cgt-c2000_20.2.2.LTS\lib\</path>
         <kind>archive</kind>
         <file>rts2800_fpu32.lib</file>
         <name>memcpy.c.obj</name>
      </input_file>
      <input_file id="fl-46">
         <path>C:\ti\ccs1000\ccs\tools\compiler\ti-cgt-c2000_20.2.2.LTS\lib\</path>
         <kind>archive</kind>
         <file>rts2800_fpu32.lib</file>
         <name>pre_init.c.obj</name>
      </input_file>
      <input_file id="fl-47">
         <path>C:\ti\ccs1000\ccs\tools\compiler\ti-cgt-c2000_20.2.2.LTS\lib\</path>
         <kind>archive</kind>
         <file>rts2800_fpu32.lib</file>
         <name>startup.c.obj</name>
      </input_file>
      <input_file id="fl-48">
         <path>C:\ti\ccs1000\ccs\tools\compiler\ti-cgt-c2000_20.2.2.LTS\lib\</path>
         <kind>archive</kind>
         <file>rts2800_fpu32.lib</file>
         <name>exit.c.obj</name>
      </input_file>
      <input_file id="fl-49">
         <path>C:\ti\ccs1000\ccs\tools\compiler\ti-cgt-c2000_20.2.2.LTS\lib\</path>
         <kind>archive</kind>
         <file>rts2800_fpu32.lib</file>
         <name>_lock.c.obj</name>
      </input_file>
      <input_file id="fl-4a">
         <path>C:\ti\ccs1000\ccs\tools\compiler\ti-cgt-c2000_20.2.2.LTS\lib\</path>
         <kind>archive</kind>
         <file>rts2800_fpu32.lib</file>
         <name>args_main.c.obj</name>
      </input_file>
   </input_file_list>
   <object_component_list>
      <object_component id="oc-18a">
         <name>codestart</name>
         <load_address>0x80000</load_address>
         <run_address>0x80000</run_address>
         <size>0x2</size>
         <input_file_ref idref="fl-26"/>
      </object_component>
      <object_component id="oc-196">
         <name>.text:retain</name>
         <load_address>0x8103c</load_address>
         <run_address>0x8103c</run_address>
         <size>0x4b3</size>
         <input_file_ref idref="fl-2a"/>
      </object_component>
      <object_component id="oc-1ff">
         <name>.text</name>
         <load_address>0x814ef</load_address>
         <run_address>0x814ef</run_address>
         <size>0x394</size>
         <input_file_ref idref="fl-21"/>
      </object_component>
      <object_component id="oc-1f5">
         <name>.text</name>
         <load_address>0x81883</load_address>
         <run_address>0x81883</run_address>
         <size>0x2db</size>
         <input_file_ref idref="fl-6"/>
      </object_component>
      <object_component id="oc-1fa">
         <name>.text</name>
         <load_address>0x81b5e</load_address>
         <run_address>0x81b5e</run_address>
         <size>0x1eb</size>
         <input_file_ref idref="fl-15"/>
      </object_component>
      <object_component id="oc-1f9">
         <name>.text</name>
         <load_address>0x81d49</load_address>
         <run_address>0x81d49</run_address>
         <size>0x187</size>
         <input_file_ref idref="fl-24"/>
      </object_component>
      <object_component id="oc-1f3">
         <name>.text</name>
         <load_address>0x81ed0</load_address>
         <run_address>0x81ed0</run_address>
         <size>0x11c</size>
         <input_file_ref idref="fl-3"/>
      </object_component>
      <object_component id="oc-1f1">
         <name>.text</name>
         <load_address>0x81fec</load_address>
         <run_address>0x81fec</run_address>
         <size>0x12</size>
         <input_file_ref idref="fl-4a"/>
      </object_component>
      <object_component id="oc-1ee">
         <name>.text</name>
         <load_address>0x81ffe</load_address>
         <run_address>0x81ffe</run_address>
         <size>0x2</size>
         <input_file_ref idref="fl-46"/>
      </object_component>
      <object_component id="oc-1fb">
         <name>.text</name>
         <load_address>0x82000</load_address>
         <run_address>0x82000</run_address>
         <size>0x187</size>
         <input_file_ref idref="fl-19"/>
      </object_component>
      <object_component id="oc-1c4">
         <name>.text</name>
         <load_address>0x82187</load_address>
         <run_address>0x82187</run_address>
         <size>0x88</size>
         <input_file_ref idref="fl-43"/>
      </object_component>
      <object_component id="oc-e7">
         <name>.text:retain</name>
         <load_address>0x8220f</load_address>
         <run_address>0x8220f</run_address>
         <size>0x73</size>
         <input_file_ref idref="fl-3"/>
      </object_component>
      <object_component id="oc-7c">
         <name>.text</name>
         <load_address>0x82282</load_address>
         <run_address>0x82282</run_address>
         <size>0x56</size>
         <input_file_ref idref="fl-42"/>
      </object_component>
      <object_component id="oc-1f2">
         <name>.text</name>
         <load_address>0x822d8</load_address>
         <run_address>0x822d8</run_address>
         <size>0x29</size>
         <input_file_ref idref="fl-48"/>
      </object_component>
      <object_component id="oc-1ef">
         <name>.text</name>
         <load_address>0x82301</load_address>
         <run_address>0x82301</run_address>
         <size>0x24</size>
         <input_file_ref idref="fl-44"/>
      </object_component>
      <object_component id="oc-1f6">
         <name>.text</name>
         <load_address>0x82325</load_address>
         <run_address>0x82325</run_address>
         <size>0x1d</size>
         <input_file_ref idref="fl-45"/>
      </object_component>
      <object_component id="oc-1fd">
         <name>.text</name>
         <load_address>0x82342</load_address>
         <run_address>0x82342</run_address>
         <size>0x9</size>
         <input_file_ref idref="fl-49"/>
      </object_component>
      <object_component id="oc-1f0">
         <name>.text</name>
         <load_address>0x8234b</load_address>
         <run_address>0x8234b</run_address>
         <size>0x1</size>
         <input_file_ref idref="fl-47"/>
      </object_component>
      <object_component id="oc-e5">
         <name>.cinit</name>
         <load_address>0x81000</load_address>
         <run_address>0x81000</run_address>
         <size>0xf</size>
         <input_file_ref idref="fl-3"/>
      </object_component>
      <object_component id="oc-1de">
         <name>.cinit</name>
         <load_address>0x8100f</load_address>
         <run_address>0x8100f</run_address>
         <size>0xe</size>
         <input_file_ref idref="fl-48"/>
      </object_component>
      <object_component id="oc-17f">
         <name>.cinit</name>
         <load_address>0x8101d</load_address>
         <run_address>0x8101d</run_address>
         <size>0xa</size>
         <input_file_ref idref="fl-24"/>
      </object_component>
      <object_component id="oc-1f8">
         <name>.cinit:__lock</name>
         <load_address>0x81027</load_address>
         <run_address>0x81027</run_address>
         <size>0x5</size>
         <input_file_ref idref="fl-49"/>
      </object_component>
      <object_component id="oc-1fe">
         <name>.cinit:__unlock</name>
         <load_address>0x8102c</load_address>
         <run_address>0x8102c</run_address>
         <size>0x5</size>
         <input_file_ref idref="fl-49"/>
      </object_component>
      <object_component id="oc-1bf">
         <name>.reset</name>
         <load_address>0x3fffc0</load_address>
         <run_address>0x3fffc0</run_address>
         <size>0x2</size>
         <input_file_ref idref="fl-42"/>
      </object_component>
      <object_component id="oc-1be">
         <name>.stack</name>
         <uninitialized>true</uninitialized>
         <run_address>0x400</run_address>
         <size>0x0</size>
         <input_file_ref idref="fl-42"/>
      </object_component>
      <object_component id="oc-284">
         <name>.stack</name>
         <uninitialized>true</uninitialized>
         <run_address>0x400</run_address>
         <size>0x0</size>
      </object_component>
      <object_component id="oc-e6">
         <name>.ebss</name>
         <uninitialized>true</uninitialized>
         <run_address>0xa818</run_address>
         <size>0x8</size>
         <input_file_ref idref="fl-3"/>
      </object_component>
      <object_component id="oc-1fc">
         <name>.ebss:_txMsgData</name>
         <uninitialized>true</uninitialized>
         <run_address>0xa828</run_address>
         <size>0x8</size>
         <input_file_ref idref="fl-3"/>
      </object_component>
      <object_component id="oc-1f4">
         <name>.ebss:_rxMsgData</name>
         <uninitialized>true</uninitialized>
         <run_address>0xa820</run_address>
         <size>0x8</size>
         <input_file_ref idref="fl-3"/>
      </object_component>
      <object_component id="oc-180">
         <name>.ebss</name>
         <uninitialized>true</uninitialized>
         <run_address>0xa836</run_address>
         <size>0x4</size>
         <input_file_ref idref="fl-24"/>
      </object_component>
      <object_component id="oc-190">
         <name>.ebss</name>
         <uninitialized>true</uninitialized>
         <run_address>0xa800</run_address>
         <size>0x18</size>
         <input_file_ref idref="fl-27"/>
      </object_component>
      <object_component id="oc-1df">
         <name>.ebss</name>
         <uninitialized>true</uninitialized>
         <run_address>0xa830</run_address>
         <size>0x6</size>
         <input_file_ref idref="fl-48"/>
      </object_component>
      <object_component id="oc-1f7">
         <name>.ebss:__lock</name>
         <uninitialized>true</uninitialized>
         <run_address>0xa83a</run_address>
         <size>0x2</size>
         <input_file_ref idref="fl-49"/>
      </object_component>
      <object_component id="oc-200">
         <name>.ebss:__unlock</name>
         <uninitialized>true</uninitialized>
         <run_address>0xa83c</run_address>
         <size>0x2</size>
         <input_file_ref idref="fl-49"/>
      </object_component>
      <object_component id="oc-1b9">
         <name>.TI.ramfunc</name>
         <load_address>0x81034</load_address>
         <run_address>0x8000</run_address>
         <size>0x4</size>
         <input_file_ref idref="fl-31"/>
      </object_component>
      <object_component id="oc-16f">
         <name>.TI.ramfunc</name>
         <load_address>0x81038</load_address>
         <run_address>0x8004</run_address>
         <size>0x4</size>
         <input_file_ref idref="fl-21"/>
      </object_component>
      <object_component id="oc-de">
         <name>PieVectTableFile</name>
         <uninitialized>true</uninitialized>
         <run_address>0xd00</run_address>
         <size>0x1c0</size>
         <input_file_ref idref="fl-2"/>
      </object_component>
      <object_component id="oc-a0">
         <name>AdcaResultFile</name>
         <uninitialized>true</uninitialized>
         <run_address>0xb00</run_address>
         <size>0x18</size>
         <input_file_ref idref="fl-2"/>
      </object_component>
      <object_component id="oc-a1">
         <name>AdcbResultFile</name>
         <uninitialized>true</uninitialized>
         <run_address>0xb20</run_address>
         <size>0x18</size>
         <input_file_ref idref="fl-2"/>
      </object_component>
      <object_component id="oc-a2">
         <name>AdccResultFile</name>
         <uninitialized>true</uninitialized>
         <run_address>0xb40</run_address>
         <size>0x18</size>
         <input_file_ref idref="fl-2"/>
      </object_component>
      <object_component id="oc-ca">
         <name>AdcaRegsFile</name>
         <uninitialized>true</uninitialized>
         <run_address>0x7400</run_address>
         <size>0x80</size>
         <input_file_ref idref="fl-2"/>
      </object_component>
      <object_component id="oc-cb">
         <name>AdcbRegsFile</name>
         <uninitialized>true</uninitialized>
         <run_address>0x7480</run_address>
         <size>0x80</size>
         <input_file_ref idref="fl-2"/>
      </object_component>
      <object_component id="oc-cc">
         <name>AdccRegsFile</name>
         <uninitialized>true</uninitialized>
         <run_address>0x7500</run_address>
         <size>0x80</size>
         <input_file_ref idref="fl-2"/>
      </object_component>
      <object_component id="oc-d0">
         <name>AnalogSubsysRegsFile</name>
         <uninitialized>true</uninitialized>
         <run_address>0x5d700</run_address>
         <size>0x90</size>
         <input_file_ref idref="fl-2"/>
      </object_component>
      <object_component id="oc-df">
         <name>CanaRegsFile</name>
         <uninitialized>true</uninitialized>
         <run_address>0x48000</run_address>
         <size>0x200</size>
         <input_file_ref idref="fl-2"/>
      </object_component>
      <object_component id="oc-e0">
         <name>CanbRegsFile</name>
         <uninitialized>true</uninitialized>
         <run_address>0x4a000</run_address>
         <size>0x200</size>
         <input_file_ref idref="fl-2"/>
      </object_component>
      <object_component id="oc-cd">
         <name>Cla1RegsFile</name>
         <uninitialized>true</uninitialized>
         <run_address>0x1400</run_address>
         <size>0x80</size>
         <input_file_ref idref="fl-2"/>
      </object_component>
      <object_component id="oc-8e">
         <name>Cla1SoftIntRegsFile</name>
         <uninitialized>true</uninitialized>
         <run_address>0xce0</run_address>
         <size>0xf</size>
         <input_file_ref idref="fl-2"/>
      </object_component>
      <object_component id="oc-a5">
         <name>ClaPromCrc0RegsFile</name>
         <uninitialized>true</uninitialized>
         <run_address>0x61c0</run_address>
         <size>0x20</size>
         <input_file_ref idref="fl-2"/>
      </object_component>
      <object_component id="oc-a6">
         <name>Cmpss1RegsFile</name>
         <uninitialized>true</uninitialized>
         <run_address>0x5c80</run_address>
         <size>0x20</size>
         <input_file_ref idref="fl-2"/>
      </object_component>
      <object_component id="oc-a7">
         <name>Cmpss2RegsFile</name>
         <uninitialized>true</uninitialized>
         <run_address>0x5ca0</run_address>
         <size>0x20</size>
         <input_file_ref idref="fl-2"/>
      </object_component>
      <object_component id="oc-a8">
         <name>Cmpss3RegsFile</name>
         <uninitialized>true</uninitialized>
         <run_address>0x5cc0</run_address>
         <size>0x20</size>
         <input_file_ref idref="fl-2"/>
      </object_component>
      <object_component id="oc-a9">
         <name>Cmpss4RegsFile</name>
         <uninitialized>true</uninitialized>
         <run_address>0x5ce0</run_address>
         <size>0x20</size>
         <input_file_ref idref="fl-2"/>
      </object_component>
      <object_component id="oc-aa">
         <name>Cmpss5RegsFile</name>
         <uninitialized>true</uninitialized>
         <run_address>0x5d00</run_address>
         <size>0x20</size>
         <input_file_ref idref="fl-2"/>
      </object_component>
      <object_component id="oc-ab">
         <name>Cmpss6RegsFile</name>
         <uninitialized>true</uninitialized>
         <run_address>0x5d20</run_address>
         <size>0x20</size>
         <input_file_ref idref="fl-2"/>
      </object_component>
      <object_component id="oc-ac">
         <name>Cmpss7RegsFile</name>
         <uninitialized>true</uninitialized>
         <run_address>0x5d40</run_address>
         <size>0x20</size>
         <input_file_ref idref="fl-2"/>
      </object_component>
      <object_component id="oc-80">
         <name>CpuTimer0RegsFile</name>
         <uninitialized>true</uninitialized>
         <run_address>0xc00</run_address>
         <size>0x8</size>
         <input_file_ref idref="fl-2"/>
      </object_component>
      <object_component id="oc-81">
         <name>CpuTimer1RegsFile</name>
         <uninitialized>true</uninitialized>
         <run_address>0xc08</run_address>
         <size>0x8</size>
         <input_file_ref idref="fl-2"/>
      </object_component>
      <object_component id="oc-82">
         <name>CpuTimer2RegsFile</name>
         <uninitialized>true</uninitialized>
         <run_address>0xc10</run_address>
         <size>0x8</size>
         <input_file_ref idref="fl-2"/>
      </object_component>
      <object_component id="oc-83">
         <name>DacaRegsFile</name>
         <uninitialized>true</uninitialized>
         <run_address>0x5c00</run_address>
         <size>0x8</size>
         <input_file_ref idref="fl-2"/>
      </object_component>
      <object_component id="oc-84">
         <name>DacbRegsFile</name>
         <uninitialized>true</uninitialized>
         <run_address>0x5c10</run_address>
         <size>0x8</size>
         <input_file_ref idref="fl-2"/>
      </object_component>
      <object_component id="oc-be">
         <name>Dcc0RegsFile</name>
         <uninitialized>true</uninitialized>
         <run_address>0x5e700</run_address>
         <size>0x2c</size>
         <input_file_ref idref="fl-2"/>
      </object_component>
      <object_component id="oc-b8">
         <name>DcsmBank0Z1RegsFile</name>
         <uninitialized>true</uninitialized>
         <run_address>0x5f000</run_address>
         <size>0x24</size>
         <input_file_ref idref="fl-2"/>
      </object_component>
      <object_component id="oc-b9">
         <name>DcsmBank0Z2RegsFile</name>
         <uninitialized>true</uninitialized>
         <run_address>0x5f040</run_address>
         <size>0x24</size>
         <input_file_ref idref="fl-2"/>
      </object_component>
      <object_component id="oc-ba">
         <name>DcsmBank1Z1RegsFile</name>
         <uninitialized>true</uninitialized>
         <run_address>0x5f100</run_address>
         <size>0x24</size>
         <input_file_ref idref="fl-2"/>
      </object_component>
      <object_component id="oc-bb">
         <name>DcsmBank1Z2RegsFile</name>
         <uninitialized>true</uninitialized>
         <run_address>0x5f140</run_address>
         <size>0x24</size>
         <input_file_ref idref="fl-2"/>
      </object_component>
      <object_component id="oc-8f">
         <name>DcsmCommonRegsFile</name>
         <uninitialized>true</uninitialized>
         <run_address>0x5f070</run_address>
         <size>0x10</size>
         <input_file_ref idref="fl-2"/>
      </object_component>
      <object_component id="oc-d1">
         <name>DmaRegsFile</name>
         <uninitialized>true</uninitialized>
         <run_address>0x1000</run_address>
         <size>0xe0</size>
         <input_file_ref idref="fl-2"/>
      </object_component>
      <object_component id="oc-ad">
         <name>ECap1RegsFile</name>
         <uninitialized>true</uninitialized>
         <run_address>0x5200</run_address>
         <size>0x20</size>
         <input_file_ref idref="fl-2"/>
      </object_component>
      <object_component id="oc-ae">
         <name>ECap2RegsFile</name>
         <uninitialized>true</uninitialized>
         <run_address>0x5240</run_address>
         <size>0x20</size>
         <input_file_ref idref="fl-2"/>
      </object_component>
      <object_component id="oc-af">
         <name>ECap3RegsFile</name>
         <uninitialized>true</uninitialized>
         <run_address>0x5280</run_address>
         <size>0x20</size>
         <input_file_ref idref="fl-2"/>
      </object_component>
      <object_component id="oc-b0">
         <name>ECap4RegsFile</name>
         <uninitialized>true</uninitialized>
         <run_address>0x52c0</run_address>
         <size>0x20</size>
         <input_file_ref idref="fl-2"/>
      </object_component>
      <object_component id="oc-b1">
         <name>ECap5RegsFile</name>
         <uninitialized>true</uninitialized>
         <run_address>0x5300</run_address>
         <size>0x20</size>
         <input_file_ref idref="fl-2"/>
      </object_component>
      <object_component id="oc-b2">
         <name>ECap6RegsFile</name>
         <uninitialized>true</uninitialized>
         <run_address>0x5340</run_address>
         <size>0x20</size>
         <input_file_ref idref="fl-2"/>
      </object_component>
      <object_component id="oc-b3">
         <name>ECap7RegsFile</name>
         <uninitialized>true</uninitialized>
         <run_address>0x5380</run_address>
         <size>0x20</size>
         <input_file_ref idref="fl-2"/>
      </object_component>
      <object_component id="oc-90">
         <name>Pga1RegsFile</name>
         <uninitialized>true</uninitialized>
         <run_address>0x5b00</run_address>
         <size>0x10</size>
         <input_file_ref idref="fl-2"/>
      </object_component>
      <object_component id="oc-91">
         <name>Pga2RegsFile</name>
         <uninitialized>true</uninitialized>
         <run_address>0x5b10</run_address>
         <size>0x10</size>
         <input_file_ref idref="fl-2"/>
      </object_component>
      <object_component id="oc-92">
         <name>Pga3RegsFile</name>
         <uninitialized>true</uninitialized>
         <run_address>0x5b20</run_address>
         <size>0x10</size>
         <input_file_ref idref="fl-2"/>
      </object_component>
      <object_component id="oc-93">
         <name>Pga4RegsFile</name>
         <uninitialized>true</uninitialized>
         <run_address>0x5b30</run_address>
         <size>0x10</size>
         <input_file_ref idref="fl-2"/>
      </object_component>
      <object_component id="oc-94">
         <name>Pga5RegsFile</name>
         <uninitialized>true</uninitialized>
         <run_address>0x5b40</run_address>
         <size>0x10</size>
         <input_file_ref idref="fl-2"/>
      </object_component>
      <object_component id="oc-95">
         <name>Pga6RegsFile</name>
         <uninitialized>true</uninitialized>
         <run_address>0x5b50</run_address>
         <size>0x10</size>
         <input_file_ref idref="fl-2"/>
      </object_component>
      <object_component id="oc-96">
         <name>Pga7RegsFile</name>
         <uninitialized>true</uninitialized>
         <run_address>0x5b60</run_address>
         <size>0x10</size>
         <input_file_ref idref="fl-2"/>
      </object_component>
      <object_component id="oc-d4">
         <name>EPwm1RegsFile</name>
         <uninitialized>true</uninitialized>
         <run_address>0x4000</run_address>
         <size>0x100</size>
         <input_file_ref idref="fl-2"/>
      </object_component>
      <object_component id="oc-d5">
         <name>EPwm2RegsFile</name>
         <uninitialized>true</uninitialized>
         <run_address>0x4100</run_address>
         <size>0x100</size>
         <input_file_ref idref="fl-2"/>
      </object_component>
      <object_component id="oc-d6">
         <name>EPwm3RegsFile</name>
         <uninitialized>true</uninitialized>
         <run_address>0x4200</run_address>
         <size>0x100</size>
         <input_file_ref idref="fl-2"/>
      </object_component>
      <object_component id="oc-d7">
         <name>EPwm4RegsFile</name>
         <uninitialized>true</uninitialized>
         <run_address>0x4300</run_address>
         <size>0x100</size>
         <input_file_ref idref="fl-2"/>
      </object_component>
      <object_component id="oc-d8">
         <name>EPwm5RegsFile</name>
         <uninitialized>true</uninitialized>
         <run_address>0x4400</run_address>
         <size>0x100</size>
         <input_file_ref idref="fl-2"/>
      </object_component>
      <object_component id="oc-d9">
         <name>EPwm6RegsFile</name>
         <uninitialized>true</uninitialized>
         <run_address>0x4500</run_address>
         <size>0x100</size>
         <input_file_ref idref="fl-2"/>
      </object_component>
      <object_component id="oc-da">
         <name>EPwm7RegsFile</name>
         <uninitialized>true</uninitialized>
         <run_address>0x4600</run_address>
         <size>0x100</size>
         <input_file_ref idref="fl-2"/>
      </object_component>
      <object_component id="oc-db">
         <name>EPwm8RegsFile</name>
         <uninitialized>true</uninitialized>
         <run_address>0x4700</run_address>
         <size>0x100</size>
         <input_file_ref idref="fl-2"/>
      </object_component>
      <object_component id="oc-c1">
         <name>EPwmXbarRegsFile</name>
         <uninitialized>true</uninitialized>
         <run_address>0x7a00</run_address>
         <size>0x40</size>
         <input_file_ref idref="fl-2"/>
      </object_component>
      <object_component id="oc-c2">
         <name>EQep1RegsFile</name>
         <uninitialized>true</uninitialized>
         <run_address>0x5100</run_address>
         <size>0x40</size>
         <input_file_ref idref="fl-2"/>
      </object_component>
      <object_component id="oc-c3">
         <name>EQep2RegsFile</name>
         <uninitialized>true</uninitialized>
         <run_address>0x5140</run_address>
         <size>0x40</size>
         <input_file_ref idref="fl-2"/>
      </object_component>
      <object_component id="oc-9f">
         <name>EradGlobalRegsFile</name>
         <uninitialized>true</uninitialized>
         <run_address>0x5e800</run_address>
         <size>0x13</size>
         <input_file_ref idref="fl-2"/>
      </object_component>
      <object_component id="oc-85">
         <name>EradHWBP1RegsFile</name>
         <uninitialized>true</uninitialized>
         <run_address>0x5e900</run_address>
         <size>0x8</size>
         <input_file_ref idref="fl-2"/>
      </object_component>
      <object_component id="oc-86">
         <name>EradHWBP2RegsFile</name>
         <uninitialized>true</uninitialized>
         <run_address>0x5e908</run_address>
         <size>0x8</size>
         <input_file_ref idref="fl-2"/>
      </object_component>
      <object_component id="oc-87">
         <name>EradHWBP3RegsFile</name>
         <uninitialized>true</uninitialized>
         <run_address>0x5e910</run_address>
         <size>0x8</size>
         <input_file_ref idref="fl-2"/>
      </object_component>
      <object_component id="oc-88">
         <name>EradHWBP4RegsFile</name>
         <uninitialized>true</uninitialized>
         <run_address>0x5e918</run_address>
         <size>0x8</size>
         <input_file_ref idref="fl-2"/>
      </object_component>
      <object_component id="oc-89">
         <name>EradHWBP5RegsFile</name>
         <uninitialized>true</uninitialized>
         <run_address>0x5e920</run_address>
         <size>0x8</size>
         <input_file_ref idref="fl-2"/>
      </object_component>
      <object_component id="oc-8a">
         <name>EradHWBP6RegsFile</name>
         <uninitialized>true</uninitialized>
         <run_address>0x5e928</run_address>
         <size>0x8</size>
         <input_file_ref idref="fl-2"/>
      </object_component>
      <object_component id="oc-8b">
         <name>EradHWBP7RegsFile</name>
         <uninitialized>true</uninitialized>
         <run_address>0x5e930</run_address>
         <size>0x8</size>
         <input_file_ref idref="fl-2"/>
      </object_component>
      <object_component id="oc-8c">
         <name>EradHWBP8RegsFile</name>
         <uninitialized>true</uninitialized>
         <run_address>0x5e938</run_address>
         <size>0x8</size>
         <input_file_ref idref="fl-2"/>
      </object_component>
      <object_component id="oc-9b">
         <name>EradCounter1RegsFile</name>
         <uninitialized>true</uninitialized>
         <run_address>0x5e980</run_address>
         <size>0x10</size>
         <input_file_ref idref="fl-2"/>
      </object_component>
      <object_component id="oc-9c">
         <name>EradCounter2RegsFile</name>
         <uninitialized>true</uninitialized>
         <run_address>0x5e990</run_address>
         <size>0x10</size>
         <input_file_ref idref="fl-2"/>
      </object_component>
      <object_component id="oc-9d">
         <name>EradCounter3RegsFile</name>
         <uninitialized>true</uninitialized>
         <run_address>0x5e9a0</run_address>
         <size>0x10</size>
         <input_file_ref idref="fl-2"/>
      </object_component>
      <object_component id="oc-9e">
         <name>EradCounter4RegsFile</name>
         <uninitialized>true</uninitialized>
         <run_address>0x5e9b0</run_address>
         <size>0x10</size>
         <input_file_ref idref="fl-2"/>
      </object_component>
      <object_component id="oc-dd">
         <name>Flash0CtrlRegsFile</name>
         <uninitialized>true</uninitialized>
         <run_address>0x5f800</run_address>
         <size>0x182</size>
         <input_file_ref idref="fl-2"/>
      </object_component>
      <object_component id="oc-bc">
         <name>Flash0EccRegsFile</name>
         <uninitialized>true</uninitialized>
         <run_address>0x5fb00</run_address>
         <size>0x28</size>
         <input_file_ref idref="fl-2"/>
      </object_component>
      <object_component id="oc-c7">
         <name>FsiTxaRegsFile</name>
         <uninitialized>true</uninitialized>
         <run_address>0x6600</run_address>
         <size>0x42</size>
         <input_file_ref idref="fl-2"/>
      </object_component>
      <object_component id="oc-c8">
         <name>FsiRxaRegsFile</name>
         <uninitialized>true</uninitialized>
         <run_address>0x6680</run_address>
         <size>0x42</size>
         <input_file_ref idref="fl-2"/>
      </object_component>
      <object_component id="oc-e1">
         <name>GpioCtrlRegsFile</name>
         <uninitialized>true</uninitialized>
         <run_address>0x7c00</run_address>
         <size>0x200</size>
         <input_file_ref idref="fl-2"/>
      </object_component>
      <object_component id="oc-c0">
         <name>GpioDataRegsFile</name>
         <uninitialized>true</uninitialized>
         <run_address>0x7f00</run_address>
         <size>0x3a</size>
         <input_file_ref idref="fl-2"/>
      </object_component>
      <object_component id="oc-b7">
         <name>I2caRegsFile</name>
         <uninitialized>true</uninitialized>
         <run_address>0x7300</run_address>
         <size>0x22</size>
         <input_file_ref idref="fl-2"/>
      </object_component>
      <object_component id="oc-b5">
         <name>InputXbarRegsFile</name>
         <uninitialized>true</uninitialized>
         <run_address>0x7900</run_address>
         <size>0x20</size>
         <input_file_ref idref="fl-2"/>
      </object_component>
      <object_component id="oc-b4">
         <name>XbarRegsFile</name>
         <uninitialized>true</uninitialized>
         <run_address>0x7920</run_address>
         <size>0x20</size>
         <input_file_ref idref="fl-2"/>
      </object_component>
      <object_component id="oc-d2">
         <name>LinaRegsFile</name>
         <uninitialized>true</uninitialized>
         <run_address>0x6a00</run_address>
         <size>0xec</size>
         <input_file_ref idref="fl-2"/>
      </object_component>
      <object_component id="oc-d3">
         <name>LinbRegsFile</name>
         <uninitialized>true</uninitialized>
         <run_address>0x6b00</run_address>
         <size>0xec</size>
         <input_file_ref idref="fl-2"/>
      </object_component>
      <object_component id="oc-ce">
         <name>MemCfgRegsFile</name>
         <uninitialized>true</uninitialized>
         <run_address>0x5f400</run_address>
         <size>0x80</size>
         <input_file_ref idref="fl-2"/>
      </object_component>
      <object_component id="oc-c4">
         <name>AccessProtectionRegsFile</name>
         <uninitialized>true</uninitialized>
         <run_address>0x5f4c0</run_address>
         <size>0x40</size>
         <input_file_ref idref="fl-2"/>
      </object_component>
      <object_component id="oc-c5">
         <name>MemoryErrorRegsFile</name>
         <uninitialized>true</uninitialized>
         <run_address>0x5f500</run_address>
         <size>0x40</size>
         <input_file_ref idref="fl-2"/>
      </object_component>
      <object_component id="oc-7f">
         <name>NmiIntruptRegsFile</name>
         <uninitialized>true</uninitialized>
         <run_address>0x7060</run_address>
         <size>0x7</size>
         <input_file_ref idref="fl-2"/>
      </object_component>
      <object_component id="oc-c6">
         <name>OutputXbarRegsFile</name>
         <uninitialized>true</uninitialized>
         <run_address>0x7a80</run_address>
         <size>0x40</size>
         <input_file_ref idref="fl-2"/>
      </object_component>
      <object_component id="oc-a3">
         <name>PieCtrlRegsFile</name>
         <uninitialized>true</uninitialized>
         <run_address>0xce0</run_address>
         <size>0x1a</size>
         <input_file_ref idref="fl-2"/>
      </object_component>
      <object_component id="oc-b6">
         <name>PmbusaRegsFile</name>
         <uninitialized>true</uninitialized>
         <run_address>0x6400</run_address>
         <size>0x20</size>
         <input_file_ref idref="fl-2"/>
      </object_component>
      <object_component id="oc-97">
         <name>SciaRegsFile</name>
         <uninitialized>true</uninitialized>
         <run_address>0x7200</run_address>
         <size>0x10</size>
         <input_file_ref idref="fl-2"/>
      </object_component>
      <object_component id="oc-98">
         <name>ScibRegsFile</name>
         <uninitialized>true</uninitialized>
         <run_address>0x7210</run_address>
         <size>0x10</size>
         <input_file_ref idref="fl-2"/>
      </object_component>
      <object_component id="oc-c9">
         <name>Sdfm1RegsFile</name>
         <uninitialized>true</uninitialized>
         <run_address>0x5e00</run_address>
         <size>0x70</size>
         <input_file_ref idref="fl-2"/>
      </object_component>
      <object_component id="oc-99">
         <name>SpiaRegsFile</name>
         <uninitialized>true</uninitialized>
         <run_address>0x6100</run_address>
         <size>0x10</size>
         <input_file_ref idref="fl-2"/>
      </object_component>
      <object_component id="oc-9a">
         <name>SpibRegsFile</name>
         <uninitialized>true</uninitialized>
         <run_address>0x6110</run_address>
         <size>0x10</size>
         <input_file_ref idref="fl-2"/>
      </object_component>
      <object_component id="oc-bd">
         <name>WdRegsFile</name>
         <uninitialized>true</uninitialized>
         <run_address>0x7000</run_address>
         <size>0x2b</size>
         <input_file_ref idref="fl-2"/>
      </object_component>
      <object_component id="oc-a4">
         <name>DmaClaSrcSelRegsFile</name>
         <uninitialized>true</uninitialized>
         <run_address>0x7980</run_address>
         <size>0x1a</size>
         <input_file_ref idref="fl-2"/>
      </object_component>
      <object_component id="oc-dc">
         <name>DevCfgRegsFile</name>
         <uninitialized>true</uninitialized>
         <run_address>0x5d000</run_address>
         <size>0x132</size>
         <input_file_ref idref="fl-2"/>
      </object_component>
      <object_component id="oc-bf">
         <name>ClkCfgRegsFile</name>
         <uninitialized>true</uninitialized>
         <run_address>0x5d200</run_address>
         <size>0x34</size>
         <input_file_ref idref="fl-2"/>
      </object_component>
      <object_component id="oc-cf">
         <name>CpuSysRegsFile</name>
         <uninitialized>true</uninitialized>
         <run_address>0x5d300</run_address>
         <size>0x82</size>
         <input_file_ref idref="fl-2"/>
      </object_component>
      <object_component id="oc-e2">
         <name>SysPeriphAcRegsFile</name>
         <uninitialized>true</uninitialized>
         <run_address>0x5d500</run_address>
         <size>0x200</size>
         <input_file_ref idref="fl-2"/>
      </object_component>
      <object_component id="oc-7e">
         <name>SyncSocRegsFile</name>
         <uninitialized>true</uninitialized>
         <run_address>0x7940</run_address>
         <size>0x6</size>
         <input_file_ref idref="fl-2"/>
      </object_component>
      <object_component id="oc-8d">
         <name>XintRegsFile</name>
         <uninitialized>true</uninitialized>
         <run_address>0x7070</run_address>
         <size>0xb</size>
         <input_file_ref idref="fl-2"/>
      </object_component>
      <object_component id="oc-7d">
         <name>.debug_info</name>
         <load_address>0x0</load_address>
         <run_address>0x0</run_address>
         <size>0x4c687</size>
         <input_file_ref idref="fl-2"/>
      </object_component>
      <object_component id="oc-e4">
         <name>.debug_info</name>
         <load_address>0x4c687</load_address>
         <run_address>0x4c687</run_address>
         <size>0x161a</size>
         <input_file_ref idref="fl-3"/>
      </object_component>
      <object_component id="oc-ec">
         <name>.debug_info</name>
         <load_address>0x4dca1</load_address>
         <run_address>0x4dca1</run_address>
         <size>0x504</size>
         <input_file_ref idref="fl-4"/>
      </object_component>
      <object_component id="oc-f1">
         <name>.debug_info</name>
         <load_address>0x4e1a5</load_address>
         <run_address>0x4e1a5</run_address>
         <size>0x1f4</size>
         <input_file_ref idref="fl-5"/>
      </object_component>
      <object_component id="oc-f3">
         <name>.debug_info</name>
         <load_address>0x4e399</load_address>
         <run_address>0x4e399</run_address>
         <size>0x19f3</size>
         <input_file_ref idref="fl-6"/>
      </object_component>
      <object_component id="oc-f8">
         <name>.debug_info</name>
         <load_address>0x4fd8c</load_address>
         <run_address>0x4fd8c</run_address>
         <size>0x9f8</size>
         <input_file_ref idref="fl-7"/>
      </object_component>
      <object_component id="oc-fd">
         <name>.debug_info</name>
         <load_address>0x50784</load_address>
         <run_address>0x50784</run_address>
         <size>0x1f7</size>
         <input_file_ref idref="fl-8"/>
      </object_component>
      <object_component id="oc-ff">
         <name>.debug_info</name>
         <load_address>0x5097b</load_address>
         <run_address>0x5097b</run_address>
         <size>0x431</size>
         <input_file_ref idref="fl-9"/>
      </object_component>
      <object_component id="oc-104">
         <name>.debug_info</name>
         <load_address>0x50dac</load_address>
         <run_address>0x50dac</run_address>
         <size>0x3f3</size>
         <input_file_ref idref="fl-a"/>
      </object_component>
      <object_component id="oc-109">
         <name>.debug_info</name>
         <load_address>0x5119f</load_address>
         <run_address>0x5119f</run_address>
         <size>0x480</size>
         <input_file_ref idref="fl-b"/>
      </object_component>
      <object_component id="oc-10e">
         <name>.debug_info</name>
         <load_address>0x5161f</load_address>
         <run_address>0x5161f</run_address>
         <size>0x40e</size>
         <input_file_ref idref="fl-c"/>
      </object_component>
      <object_component id="oc-113">
         <name>.debug_info</name>
         <load_address>0x51a2d</load_address>
         <run_address>0x51a2d</run_address>
         <size>0x42a</size>
         <input_file_ref idref="fl-d"/>
      </object_component>
      <object_component id="oc-118">
         <name>.debug_info</name>
         <load_address>0x51e57</load_address>
         <run_address>0x51e57</run_address>
         <size>0x920</size>
         <input_file_ref idref="fl-e"/>
      </object_component>
      <object_component id="oc-11d">
         <name>.debug_info</name>
         <load_address>0x52777</load_address>
         <run_address>0x52777</run_address>
         <size>0xa00</size>
         <input_file_ref idref="fl-f"/>
      </object_component>
      <object_component id="oc-122">
         <name>.debug_info</name>
         <load_address>0x53177</load_address>
         <run_address>0x53177</run_address>
         <size>0x44e</size>
         <input_file_ref idref="fl-10"/>
      </object_component>
      <object_component id="oc-127">
         <name>.debug_info</name>
         <load_address>0x535c5</load_address>
         <run_address>0x535c5</run_address>
         <size>0x466</size>
         <input_file_ref idref="fl-11"/>
      </object_component>
      <object_component id="oc-12c">
         <name>.debug_info</name>
         <load_address>0x53a2b</load_address>
         <run_address>0x53a2b</run_address>
         <size>0x3f2</size>
         <input_file_ref idref="fl-12"/>
      </object_component>
      <object_component id="oc-131">
         <name>.debug_info</name>
         <load_address>0x53e1d</load_address>
         <run_address>0x53e1d</run_address>
         <size>0x4d5</size>
         <input_file_ref idref="fl-13"/>
      </object_component>
      <object_component id="oc-136">
         <name>.debug_info</name>
         <load_address>0x542f2</load_address>
         <run_address>0x542f2</run_address>
         <size>0x537</size>
         <input_file_ref idref="fl-14"/>
      </object_component>
      <object_component id="oc-13b">
         <name>.debug_info</name>
         <load_address>0x54829</load_address>
         <run_address>0x54829</run_address>
         <size>0x19c3</size>
         <input_file_ref idref="fl-15"/>
      </object_component>
      <object_component id="oc-140">
         <name>.debug_info</name>
         <load_address>0x561ec</load_address>
         <run_address>0x561ec</run_address>
         <size>0x1f2</size>
         <input_file_ref idref="fl-16"/>
      </object_component>
      <object_component id="oc-142">
         <name>.debug_info</name>
         <load_address>0x563de</load_address>
         <run_address>0x563de</run_address>
         <size>0x1f2</size>
         <input_file_ref idref="fl-17"/>
      </object_component>
      <object_component id="oc-144">
         <name>.debug_info</name>
         <load_address>0x565d0</load_address>
         <run_address>0x565d0</run_address>
         <size>0x421</size>
         <input_file_ref idref="fl-18"/>
      </object_component>
      <object_component id="oc-149">
         <name>.debug_info</name>
         <load_address>0x569f1</load_address>
         <run_address>0x569f1</run_address>
         <size>0x11c7</size>
         <input_file_ref idref="fl-19"/>
      </object_component>
      <object_component id="oc-14e">
         <name>.debug_info</name>
         <load_address>0x57bb8</load_address>
         <run_address>0x57bb8</run_address>
         <size>0x5a2</size>
         <input_file_ref idref="fl-1a"/>
      </object_component>
      <object_component id="oc-153">
         <name>.debug_info</name>
         <load_address>0x5815a</load_address>
         <run_address>0x5815a</run_address>
         <size>0x4b5</size>
         <input_file_ref idref="fl-1b"/>
      </object_component>
      <object_component id="oc-158">
         <name>.debug_info</name>
         <load_address>0x5860f</load_address>
         <run_address>0x5860f</run_address>
         <size>0x1f0</size>
         <input_file_ref idref="fl-1c"/>
      </object_component>
      <object_component id="oc-15a">
         <name>.debug_info</name>
         <load_address>0x587ff</load_address>
         <run_address>0x587ff</run_address>
         <size>0x48f</size>
         <input_file_ref idref="fl-1d"/>
      </object_component>
      <object_component id="oc-15f">
         <name>.debug_info</name>
         <load_address>0x58c8e</load_address>
         <run_address>0x58c8e</run_address>
         <size>0x661</size>
         <input_file_ref idref="fl-1e"/>
      </object_component>
      <object_component id="oc-164">
         <name>.debug_info</name>
         <load_address>0x592ef</load_address>
         <run_address>0x592ef</run_address>
         <size>0x50b</size>
         <input_file_ref idref="fl-1f"/>
      </object_component>
      <object_component id="oc-169">
         <name>.debug_info</name>
         <load_address>0x597fa</load_address>
         <run_address>0x597fa</run_address>
         <size>0x4b4</size>
         <input_file_ref idref="fl-20"/>
      </object_component>
      <object_component id="oc-16e">
         <name>.debug_info</name>
         <load_address>0x59cae</load_address>
         <run_address>0x59cae</run_address>
         <size>0x2ff0</size>
         <input_file_ref idref="fl-21"/>
      </object_component>
      <object_component id="oc-174">
         <name>.debug_info</name>
         <load_address>0x5cc9e</load_address>
         <run_address>0x5cc9e</run_address>
         <size>0x3c4</size>
         <input_file_ref idref="fl-22"/>
      </object_component>
      <object_component id="oc-179">
         <name>.debug_info</name>
         <load_address>0x5d062</load_address>
         <run_address>0x5d062</run_address>
         <size>0x2e03</size>
         <input_file_ref idref="fl-23"/>
      </object_component>
      <object_component id="oc-17e">
         <name>.debug_info</name>
         <load_address>0x5fe65</load_address>
         <run_address>0x5fe65</run_address>
         <size>0x2250</size>
         <input_file_ref idref="fl-24"/>
      </object_component>
      <object_component id="oc-185">
         <name>.debug_info</name>
         <load_address>0x620b5</load_address>
         <run_address>0x620b5</run_address>
         <size>0x53a5</size>
         <input_file_ref idref="fl-25"/>
      </object_component>
      <object_component id="oc-18c">
         <name>.debug_info</name>
         <load_address>0x6745a</load_address>
         <run_address>0x6745a</run_address>
         <size>0x1b6</size>
         <input_file_ref idref="fl-26"/>
      </object_component>
      <object_component id="oc-18f">
         <name>.debug_info</name>
         <load_address>0x67610</load_address>
         <run_address>0x67610</run_address>
         <size>0x88c</size>
         <input_file_ref idref="fl-27"/>
      </object_component>
      <object_component id="oc-195">
         <name>.debug_info</name>
         <load_address>0x67e9c</load_address>
         <run_address>0x67e9c</run_address>
         <size>0x7ca9</size>
         <input_file_ref idref="fl-2a"/>
      </object_component>
      <object_component id="oc-19b">
         <name>.debug_info</name>
         <load_address>0x6fb45</load_address>
         <run_address>0x6fb45</run_address>
         <size>0x4773</size>
         <input_file_ref idref="fl-2b"/>
      </object_component>
      <object_component id="oc-1a0">
         <name>.debug_info</name>
         <load_address>0x742b8</load_address>
         <run_address>0x742b8</run_address>
         <size>0x95d7</size>
         <input_file_ref idref="fl-2c"/>
      </object_component>
      <object_component id="oc-1a5">
         <name>.debug_info</name>
         <load_address>0x7d88f</load_address>
         <run_address>0x7d88f</run_address>
         <size>0x34f2</size>
         <input_file_ref idref="fl-2d"/>
      </object_component>
      <object_component id="oc-1aa">
         <name>.debug_info</name>
         <load_address>0x80d81</load_address>
         <run_address>0x80d81</run_address>
         <size>0x660b</size>
         <input_file_ref idref="fl-2e"/>
      </object_component>
      <object_component id="oc-1af">
         <name>.debug_info</name>
         <load_address>0x8738c</load_address>
         <run_address>0x8738c</run_address>
         <size>0x7815</size>
         <input_file_ref idref="fl-2f"/>
      </object_component>
      <object_component id="oc-1b4">
         <name>.debug_info</name>
         <load_address>0x8eba1</load_address>
         <run_address>0x8eba1</run_address>
         <size>0x7815</size>
         <input_file_ref idref="fl-30"/>
      </object_component>
      <object_component id="oc-1bb">
         <name>.debug_info</name>
         <load_address>0x963b6</load_address>
         <run_address>0x963b6</run_address>
         <size>0x1b0</size>
         <input_file_ref idref="fl-31"/>
      </object_component>
      <object_component id="oc-1c0">
         <name>.debug_info</name>
         <load_address>0x96566</load_address>
         <run_address>0x96566</run_address>
         <size>0x173</size>
         <input_file_ref idref="fl-42"/>
      </object_component>
      <object_component id="oc-1c5">
         <name>.debug_info</name>
         <load_address>0x966d9</load_address>
         <run_address>0x966d9</run_address>
         <size>0x114</size>
         <input_file_ref idref="fl-43"/>
      </object_component>
      <object_component id="oc-1c9">
         <name>.debug_info</name>
         <load_address>0x967ed</load_address>
         <run_address>0x967ed</run_address>
         <size>0x561</size>
         <input_file_ref idref="fl-44"/>
      </object_component>
      <object_component id="oc-1ce">
         <name>.debug_info</name>
         <load_address>0x96d4e</load_address>
         <run_address>0x96d4e</run_address>
         <size>0x43a</size>
         <input_file_ref idref="fl-45"/>
      </object_component>
      <object_component id="oc-1d3">
         <name>.debug_info</name>
         <load_address>0x97188</load_address>
         <run_address>0x97188</run_address>
         <size>0x3ad</size>
         <input_file_ref idref="fl-46"/>
      </object_component>
      <object_component id="oc-1d8">
         <name>.debug_info</name>
         <load_address>0x97535</load_address>
         <run_address>0x97535</run_address>
         <size>0x3aa</size>
         <input_file_ref idref="fl-47"/>
      </object_component>
      <object_component id="oc-1dd">
         <name>.debug_info</name>
         <load_address>0x978df</load_address>
         <run_address>0x978df</run_address>
         <size>0x544</size>
         <input_file_ref idref="fl-48"/>
      </object_component>
      <object_component id="oc-1e4">
         <name>.debug_info</name>
         <load_address>0x97e23</load_address>
         <run_address>0x97e23</run_address>
         <size>0x4cc</size>
         <input_file_ref idref="fl-49"/>
      </object_component>
      <object_component id="oc-1e9">
         <name>.debug_info</name>
         <load_address>0x982ef</load_address>
         <run_address>0x982ef</run_address>
         <size>0x467</size>
         <input_file_ref idref="fl-4a"/>
      </object_component>
      <object_component id="oc-287">
         <name>.debug_info</name>
         <load_address>0x98756</load_address>
         <run_address>0x98756</run_address>
         <size>0xc3</size>
      </object_component>
      <object_component id="oc-e3">
         <name>.debug_abbrev</name>
         <load_address>0x0</load_address>
         <run_address>0x0</run_address>
         <size>0xcb</size>
         <input_file_ref idref="fl-2"/>
      </object_component>
      <object_component id="oc-ea">
         <name>.debug_abbrev</name>
         <load_address>0xcb</load_address>
         <run_address>0xcb</run_address>
         <size>0x1a2</size>
         <input_file_ref idref="fl-3"/>
      </object_component>
      <object_component id="oc-ef">
         <name>.debug_abbrev</name>
         <load_address>0x26d</load_address>
         <run_address>0x26d</run_address>
         <size>0xa5</size>
         <input_file_ref idref="fl-4"/>
      </object_component>
      <object_component id="oc-f2">
         <name>.debug_abbrev</name>
         <load_address>0x312</load_address>
         <run_address>0x312</run_address>
         <size>0x21</size>
         <input_file_ref idref="fl-5"/>
      </object_component>
      <object_component id="oc-f6">
         <name>.debug_abbrev</name>
         <load_address>0x333</load_address>
         <run_address>0x333</run_address>
         <size>0x176</size>
         <input_file_ref idref="fl-6"/>
      </object_component>
      <object_component id="oc-fb">
         <name>.debug_abbrev</name>
         <load_address>0x4a9</load_address>
         <run_address>0x4a9</run_address>
         <size>0x9c</size>
         <input_file_ref idref="fl-7"/>
      </object_component>
      <object_component id="oc-fe">
         <name>.debug_abbrev</name>
         <load_address>0x545</load_address>
         <run_address>0x545</run_address>
         <size>0x21</size>
         <input_file_ref idref="fl-8"/>
      </object_component>
      <object_component id="oc-102">
         <name>.debug_abbrev</name>
         <load_address>0x566</load_address>
         <run_address>0x566</run_address>
         <size>0xe8</size>
         <input_file_ref idref="fl-9"/>
      </object_component>
      <object_component id="oc-107">
         <name>.debug_abbrev</name>
         <load_address>0x64e</load_address>
         <run_address>0x64e</run_address>
         <size>0x8a</size>
         <input_file_ref idref="fl-a"/>
      </object_component>
      <object_component id="oc-10c">
         <name>.debug_abbrev</name>
         <load_address>0x6d8</load_address>
         <run_address>0x6d8</run_address>
         <size>0xa5</size>
         <input_file_ref idref="fl-b"/>
      </object_component>
      <object_component id="oc-111">
         <name>.debug_abbrev</name>
         <load_address>0x77d</load_address>
         <run_address>0x77d</run_address>
         <size>0x98</size>
         <input_file_ref idref="fl-c"/>
      </object_component>
      <object_component id="oc-116">
         <name>.debug_abbrev</name>
         <load_address>0x815</load_address>
         <run_address>0x815</run_address>
         <size>0x9e</size>
         <input_file_ref idref="fl-d"/>
      </object_component>
      <object_component id="oc-11b">
         <name>.debug_abbrev</name>
         <load_address>0x8b3</load_address>
         <run_address>0x8b3</run_address>
         <size>0x17e</size>
         <input_file_ref idref="fl-e"/>
      </object_component>
      <object_component id="oc-120">
         <name>.debug_abbrev</name>
         <load_address>0xa31</load_address>
         <run_address>0xa31</run_address>
         <size>0xdc</size>
         <input_file_ref idref="fl-f"/>
      </object_component>
      <object_component id="oc-125">
         <name>.debug_abbrev</name>
         <load_address>0xb0d</load_address>
         <run_address>0xb0d</run_address>
         <size>0x9c</size>
         <input_file_ref idref="fl-10"/>
      </object_component>
      <object_component id="oc-12a">
         <name>.debug_abbrev</name>
         <load_address>0xba9</load_address>
         <run_address>0xba9</run_address>
         <size>0x9c</size>
         <input_file_ref idref="fl-11"/>
      </object_component>
      <object_component id="oc-12f">
         <name>.debug_abbrev</name>
         <load_address>0xc45</load_address>
         <run_address>0xc45</run_address>
         <size>0x8a</size>
         <input_file_ref idref="fl-12"/>
      </object_component>
      <object_component id="oc-134">
         <name>.debug_abbrev</name>
         <load_address>0xccf</load_address>
         <run_address>0xccf</run_address>
         <size>0xf4</size>
         <input_file_ref idref="fl-13"/>
      </object_component>
      <object_component id="oc-139">
         <name>.debug_abbrev</name>
         <load_address>0xdc3</load_address>
         <run_address>0xdc3</run_address>
         <size>0x15b</size>
         <input_file_ref idref="fl-14"/>
      </object_component>
      <object_component id="oc-13e">
         <name>.debug_abbrev</name>
         <load_address>0xf1e</load_address>
         <run_address>0xf1e</run_address>
         <size>0x18a</size>
         <input_file_ref idref="fl-15"/>
      </object_component>
      <object_component id="oc-141">
         <name>.debug_abbrev</name>
         <load_address>0x10a8</load_address>
         <run_address>0x10a8</run_address>
         <size>0x21</size>
         <input_file_ref idref="fl-16"/>
      </object_component>
      <object_component id="oc-143">
         <name>.debug_abbrev</name>
         <load_address>0x10c9</load_address>
         <run_address>0x10c9</run_address>
         <size>0x21</size>
         <input_file_ref idref="fl-17"/>
      </object_component>
      <object_component id="oc-147">
         <name>.debug_abbrev</name>
         <load_address>0x10ea</load_address>
         <run_address>0x10ea</run_address>
         <size>0xc5</size>
         <input_file_ref idref="fl-18"/>
      </object_component>
      <object_component id="oc-14c">
         <name>.debug_abbrev</name>
         <load_address>0x11af</load_address>
         <run_address>0x11af</run_address>
         <size>0x17c</size>
         <input_file_ref idref="fl-19"/>
      </object_component>
      <object_component id="oc-151">
         <name>.debug_abbrev</name>
         <load_address>0x132b</load_address>
         <run_address>0x132b</run_address>
         <size>0xe8</size>
         <input_file_ref idref="fl-1a"/>
      </object_component>
      <object_component id="oc-156">
         <name>.debug_abbrev</name>
         <load_address>0x1413</load_address>
         <run_address>0x1413</run_address>
         <size>0xec</size>
         <input_file_ref idref="fl-1b"/>
      </object_component>
      <object_component id="oc-159">
         <name>.debug_abbrev</name>
         <load_address>0x14ff</load_address>
         <run_address>0x14ff</run_address>
         <size>0x21</size>
         <input_file_ref idref="fl-1c"/>
      </object_component>
      <object_component id="oc-15d">
         <name>.debug_abbrev</name>
         <load_address>0x1520</load_address>
         <run_address>0x1520</run_address>
         <size>0x187</size>
         <input_file_ref idref="fl-1d"/>
      </object_component>
      <object_component id="oc-162">
         <name>.debug_abbrev</name>
         <load_address>0x16a7</load_address>
         <run_address>0x16a7</run_address>
         <size>0x15f</size>
         <input_file_ref idref="fl-1e"/>
      </object_component>
      <object_component id="oc-167">
         <name>.debug_abbrev</name>
         <load_address>0x1806</load_address>
         <run_address>0x1806</run_address>
         <size>0xf6</size>
         <input_file_ref idref="fl-1f"/>
      </object_component>
      <object_component id="oc-16c">
         <name>.debug_abbrev</name>
         <load_address>0x18fc</load_address>
         <run_address>0x18fc</run_address>
         <size>0xec</size>
         <input_file_ref idref="fl-20"/>
      </object_component>
      <object_component id="oc-172">
         <name>.debug_abbrev</name>
         <load_address>0x19e8</load_address>
         <run_address>0x19e8</run_address>
         <size>0x1db</size>
         <input_file_ref idref="fl-21"/>
      </object_component>
      <object_component id="oc-177">
         <name>.debug_abbrev</name>
         <load_address>0x1bc3</load_address>
         <run_address>0x1bc3</run_address>
         <size>0x70</size>
         <input_file_ref idref="fl-22"/>
      </object_component>
      <object_component id="oc-17c">
         <name>.debug_abbrev</name>
         <load_address>0x1c33</load_address>
         <run_address>0x1c33</run_address>
         <size>0xf5</size>
         <input_file_ref idref="fl-23"/>
      </object_component>
      <object_component id="oc-183">
         <name>.debug_abbrev</name>
         <load_address>0x1d28</load_address>
         <run_address>0x1d28</run_address>
         <size>0x160</size>
         <input_file_ref idref="fl-24"/>
      </object_component>
      <object_component id="oc-188">
         <name>.debug_abbrev</name>
         <load_address>0x1e88</load_address>
         <run_address>0x1e88</run_address>
         <size>0x101</size>
         <input_file_ref idref="fl-25"/>
      </object_component>
      <object_component id="oc-18d">
         <name>.debug_abbrev</name>
         <load_address>0x1f89</load_address>
         <run_address>0x1f89</run_address>
         <size>0x21</size>
         <input_file_ref idref="fl-26"/>
      </object_component>
      <object_component id="oc-193">
         <name>.debug_abbrev</name>
         <load_address>0x1faa</load_address>
         <run_address>0x1faa</run_address>
         <size>0xfd</size>
         <input_file_ref idref="fl-27"/>
      </object_component>
      <object_component id="oc-199">
         <name>.debug_abbrev</name>
         <load_address>0x20a7</load_address>
         <run_address>0x20a7</run_address>
         <size>0xde</size>
         <input_file_ref idref="fl-2a"/>
      </object_component>
      <object_component id="oc-19e">
         <name>.debug_abbrev</name>
         <load_address>0x2185</load_address>
         <run_address>0x2185</run_address>
         <size>0x14f</size>
         <input_file_ref idref="fl-2b"/>
      </object_component>
      <object_component id="oc-1a3">
         <name>.debug_abbrev</name>
         <load_address>0x22d4</load_address>
         <run_address>0x22d4</run_address>
         <size>0x197</size>
         <input_file_ref idref="fl-2c"/>
      </object_component>
      <object_component id="oc-1a8">
         <name>.debug_abbrev</name>
         <load_address>0x246b</load_address>
         <run_address>0x246b</run_address>
         <size>0xc8</size>
         <input_file_ref idref="fl-2d"/>
      </object_component>
      <object_component id="oc-1ad">
         <name>.debug_abbrev</name>
         <load_address>0x2533</load_address>
         <run_address>0x2533</run_address>
         <size>0x116</size>
         <input_file_ref idref="fl-2e"/>
      </object_component>
      <object_component id="oc-1b2">
         <name>.debug_abbrev</name>
         <load_address>0x2649</load_address>
         <run_address>0x2649</run_address>
         <size>0x109</size>
         <input_file_ref idref="fl-2f"/>
      </object_component>
      <object_component id="oc-1b7">
         <name>.debug_abbrev</name>
         <load_address>0x2752</load_address>
         <run_address>0x2752</run_address>
         <size>0x1c0</size>
         <input_file_ref idref="fl-30"/>
      </object_component>
      <object_component id="oc-1bc">
         <name>.debug_abbrev</name>
         <load_address>0x2912</load_address>
         <run_address>0x2912</run_address>
         <size>0x2f</size>
         <input_file_ref idref="fl-31"/>
      </object_component>
      <object_component id="oc-1c2">
         <name>.debug_abbrev</name>
         <load_address>0x2941</load_address>
         <run_address>0x2941</run_address>
         <size>0x46</size>
         <input_file_ref idref="fl-42"/>
      </object_component>
      <object_component id="oc-1c7">
         <name>.debug_abbrev</name>
         <load_address>0x2987</load_address>
         <run_address>0x2987</run_address>
         <size>0x38</size>
         <input_file_ref idref="fl-43"/>
      </object_component>
      <object_component id="oc-1cc">
         <name>.debug_abbrev</name>
         <load_address>0x29bf</load_address>
         <run_address>0x29bf</run_address>
         <size>0xe3</size>
         <input_file_ref idref="fl-44"/>
      </object_component>
      <object_component id="oc-1d1">
         <name>.debug_abbrev</name>
         <load_address>0x2aa2</load_address>
         <run_address>0x2aa2</run_address>
         <size>0xa8</size>
         <input_file_ref idref="fl-45"/>
      </object_component>
      <object_component id="oc-1d6">
         <name>.debug_abbrev</name>
         <load_address>0x2b4a</load_address>
         <run_address>0x2b4a</run_address>
         <size>0x68</size>
         <input_file_ref idref="fl-46"/>
      </object_component>
      <object_component id="oc-1db">
         <name>.debug_abbrev</name>
         <load_address>0x2bb2</load_address>
         <run_address>0x2bb2</run_address>
         <size>0x66</size>
         <input_file_ref idref="fl-47"/>
      </object_component>
      <object_component id="oc-1e2">
         <name>.debug_abbrev</name>
         <load_address>0x2c18</load_address>
         <run_address>0x2c18</run_address>
         <size>0x130</size>
         <input_file_ref idref="fl-48"/>
      </object_component>
      <object_component id="oc-1e7">
         <name>.debug_abbrev</name>
         <load_address>0x2d48</load_address>
         <run_address>0x2d48</run_address>
         <size>0xb2</size>
         <input_file_ref idref="fl-49"/>
      </object_component>
      <object_component id="oc-1ec">
         <name>.debug_abbrev</name>
         <load_address>0x2dfa</load_address>
         <run_address>0x2dfa</run_address>
         <size>0xee</size>
         <input_file_ref idref="fl-4a"/>
      </object_component>
      <object_component id="oc-288">
         <name>.debug_abbrev</name>
         <load_address>0x2ee8</load_address>
         <run_address>0x2ee8</run_address>
         <size>0xf</size>
      </object_component>
      <object_component id="oc-e8">
         <name>.debug_frame</name>
         <load_address>0x0</load_address>
         <run_address>0x0</run_address>
         <size>0x1b0</size>
         <input_file_ref idref="fl-3"/>
      </object_component>
      <object_component id="oc-ed">
         <name>.debug_frame</name>
         <load_address>0x1b0</load_address>
         <run_address>0x1b0</run_address>
         <size>0x28</size>
         <input_file_ref idref="fl-4"/>
      </object_component>
      <object_component id="oc-f4">
         <name>.debug_frame</name>
         <load_address>0x1d8</load_address>
         <run_address>0x1d8</run_address>
         <size>0x178</size>
         <input_file_ref idref="fl-6"/>
      </object_component>
      <object_component id="oc-f9">
         <name>.debug_frame</name>
         <load_address>0x350</load_address>
         <run_address>0x350</run_address>
         <size>0x28</size>
         <input_file_ref idref="fl-7"/>
      </object_component>
      <object_component id="oc-100">
         <name>.debug_frame</name>
         <load_address>0x378</load_address>
         <run_address>0x378</run_address>
         <size>0x28</size>
         <input_file_ref idref="fl-9"/>
      </object_component>
      <object_component id="oc-105">
         <name>.debug_frame</name>
         <load_address>0x3a0</load_address>
         <run_address>0x3a0</run_address>
         <size>0x28</size>
         <input_file_ref idref="fl-a"/>
      </object_component>
      <object_component id="oc-10a">
         <name>.debug_frame</name>
         <load_address>0x3c8</load_address>
         <run_address>0x3c8</run_address>
         <size>0x28</size>
         <input_file_ref idref="fl-b"/>
      </object_component>
      <object_component id="oc-10f">
         <name>.debug_frame</name>
         <load_address>0x3f0</load_address>
         <run_address>0x3f0</run_address>
         <size>0x28</size>
         <input_file_ref idref="fl-c"/>
      </object_component>
      <object_component id="oc-114">
         <name>.debug_frame</name>
         <load_address>0x418</load_address>
         <run_address>0x418</run_address>
         <size>0x28</size>
         <input_file_ref idref="fl-d"/>
      </object_component>
      <object_component id="oc-119">
         <name>.debug_frame</name>
         <load_address>0x440</load_address>
         <run_address>0x440</run_address>
         <size>0x28</size>
         <input_file_ref idref="fl-e"/>
      </object_component>
      <object_component id="oc-11e">
         <name>.debug_frame</name>
         <load_address>0x468</load_address>
         <run_address>0x468</run_address>
         <size>0x28</size>
         <input_file_ref idref="fl-f"/>
      </object_component>
      <object_component id="oc-123">
         <name>.debug_frame</name>
         <load_address>0x490</load_address>
         <run_address>0x490</run_address>
         <size>0x28</size>
         <input_file_ref idref="fl-10"/>
      </object_component>
      <object_component id="oc-128">
         <name>.debug_frame</name>
         <load_address>0x4b8</load_address>
         <run_address>0x4b8</run_address>
         <size>0x28</size>
         <input_file_ref idref="fl-11"/>
      </object_component>
      <object_component id="oc-12d">
         <name>.debug_frame</name>
         <load_address>0x4e0</load_address>
         <run_address>0x4e0</run_address>
         <size>0x28</size>
         <input_file_ref idref="fl-12"/>
      </object_component>
      <object_component id="oc-132">
         <name>.debug_frame</name>
         <load_address>0x508</load_address>
         <run_address>0x508</run_address>
         <size>0x28</size>
         <input_file_ref idref="fl-13"/>
      </object_component>
      <object_component id="oc-137">
         <name>.debug_frame</name>
         <load_address>0x530</load_address>
         <run_address>0x530</run_address>
         <size>0x28</size>
         <input_file_ref idref="fl-14"/>
      </object_component>
      <object_component id="oc-13c">
         <name>.debug_frame</name>
         <load_address>0x558</load_address>
         <run_address>0x558</run_address>
         <size>0x178</size>
         <input_file_ref idref="fl-15"/>
      </object_component>
      <object_component id="oc-145">
         <name>.debug_frame</name>
         <load_address>0x6d0</load_address>
         <run_address>0x6d0</run_address>
         <size>0x28</size>
         <input_file_ref idref="fl-18"/>
      </object_component>
      <object_component id="oc-14a">
         <name>.debug_frame</name>
         <load_address>0x6f8</load_address>
[...]
         <object_component_ref idref="oc-196"/>
      </symbol>
      <symbol id="sm-56d">
         <name>_XINT4_ISR</name>
         <value>0x813c0</value>
         <object_component_ref idref="oc-196"/>
      </symbol>
      <symbol id="sm-56f">
         <name>_CLA1_1_ISR</name>
         <value>0x81366</value>
         <object_component_ref idref="oc-196"/>
      </symbol>
      <symbol id="sm-571">
         <name>_EPWM6_TZ_ISR</name>
         <value>0x81172</value>
         <object_component_ref idref="oc-196"/>
      </symbol>
      <symbol id="sm-573">
         <name>_EPWM8_TZ_ISR</name>
         <value>0x81186</value>
         <object_component_ref idref="oc-196"/>
      </symbol>
      <symbol id="sm-575">
         <name>_ECAP7_ISR</name>
         <value>0x8121c</value>
         <object_component_ref idref="oc-196"/>
      </symbol>
      <symbol id="sm-577">
         <name>_TIMER0_ISR</name>
         <value>0x8112c</value>
         <object_component_ref idref="oc-196"/>
      </symbol>
      <symbol id="sm-579">
         <name>_I2CA_ISR</name>
         <value>0x812b2</value>
         <object_component_ref idref="oc-196"/>
      </symbol>
      <symbol id="sm-57b">
         <name>_SCIA_RX_ISR</name>
         <value>0x812c6</value>
         <object_component_ref idref="oc-196"/>
      </symbol>
      <symbol id="sm-57d">
         <name>_SCIA_TX_ISR</name>
         <value>0x812d0</value>
         <object_component_ref idref="oc-196"/>
      </symbol>
      <symbol id="sm-57f">
         <name>_EPWM5_ISR</name>
         <value>0x811b8</value>
         <object_component_ref idref="oc-196"/>
      </symbol>
      <symbol id="sm-581">
         <name>_FSITXA2_ISR</name>
         <value>0x81424</value>
         <object_component_ref idref="oc-196"/>
      </symbol>
      <symbol id="sm-583">
         <name>_CLA1_8_ISR</name>
         <value>0x813ac</value>
         <object_component_ref idref="oc-196"/>
      </symbol>
      <symbol id="sm-585">
         <name>_USER5_ISR</name>
         <value>0x810aa</value>
         <object_component_ref idref="oc-196"/>
      </symbol>
      <symbol id="sm-587">
         <name>_EQEP2_ISR</name>
         <value>0x81244</value>
         <object_component_ref idref="oc-196"/>
      </symbol>
      <symbol id="sm-589">
         <name>_EMPTY_ISR</name>
         <value>0x814d8</value>
         <object_component_ref idref="oc-196"/>
      </symbol>
      <symbol id="sm-58b">
         <name>_CLA1_2_ISR</name>
         <value>0x81370</value>
         <object_component_ref idref="oc-196"/>
      </symbol>
      <symbol id="sm-58d">
         <name>_DMA_CH4_ISR</name>
         <value>0x81294</value>
         <object_component_ref idref="oc-196"/>
      </symbol>
      <symbol id="sm-58f">
         <name>_FLASH_CORRECTABLE_ERROR_ISR</name>
         <value>0x8149c</value>
         <object_component_ref idref="oc-196"/>
      </symbol>
      <symbol id="sm-591">
         <name>_TIMER1_ISR</name>
         <value>0x8103c</value>
         <object_component_ref idref="oc-196"/>
      </symbol>
      <symbol id="sm-593">
         <name>_ECAP6_2_ISR</name>
         <value>0x81226</value>
         <object_component_ref idref="oc-196"/>
      </symbol>
      <symbol id="sm-595">
         <name>_SD1DR1_ISR</name>
         <value>0x813f2</value>
         <object_component_ref idref="oc-196"/>
      </symbol>
      <symbol id="sm-597">
         <name>_EPWM6_ISR</name>
         <value>0x811c2</value>
         <object_component_ref idref="oc-196"/>
      </symbol>
      <symbol id="sm-599">
         <name>_USER11_ISR</name>
         <value>0x810e6</value>
         <object_component_ref idref="oc-196"/>
      </symbol>
      <symbol id="sm-59b">
         <name>_FPU_OVERFLOW_ISR</name>
         <value>0x813d4</value>
         <object_component_ref idref="oc-196"/>
      </symbol>
      <symbol id="sm-59d">
         <name>_USER4_ISR</name>
         <value>0x810a0</value>
         <object_component_ref idref="oc-196"/>
      </symbol>
      <symbol id="sm-59f">
         <name>_EPWM7_TZ_ISR</name>
         <value>0x8117c</value>
         <object_component_ref idref="oc-196"/>
      </symbol>
      <symbol id="sm-5a1">
         <name>_CLA1_3_ISR</name>
         <value>0x8137a</value>
         <object_component_ref idref="oc-196"/>
      </symbol>
      <symbol id="sm-5a3">
         <name>_EPWM2_TZ_ISR</name>
         <value>0x8114a</value>
         <object_component_ref idref="oc-196"/>
      </symbol>
      <symbol id="sm-5a5">
         <name>_DMA_CH5_ISR</name>
         <value>0x8129e</value>
         <object_component_ref idref="oc-196"/>
      </symbol>
      <symbol id="sm-5a7">
         <name>_ECAP1_ISR</name>
         <value>0x811e0</value>
         <object_component_ref idref="oc-196"/>
      </symbol>
      <symbol id="sm-5a9">
         <name>_TIMER2_ISR</name>
         <value>0x81046</value>
         <object_component_ref idref="oc-196"/>
      </symbol>
      <symbol id="sm-5ab">
         <name>_ADCA4_ISR</name>
         <value>0x81334</value>
         <object_component_ref idref="oc-196"/>
      </symbol>
      <symbol id="sm-5ad">
         <name>_ADCB4_ISR</name>
         <value>0x8135c</value>
         <object_component_ref idref="oc-196"/>
      </symbol>
      <symbol id="sm-5af">
         <name>_ADCC4_ISR</name>
         <value>0x81488</value>
         <object_component_ref idref="oc-196"/>
      </symbol>
      <symbol id="sm-5b1">
         <name>_SD1DR2_ISR</name>
         <value>0x813fc</value>
         <object_component_ref idref="oc-196"/>
      </symbol>
      <symbol id="sm-5b3">
         <name>_EPWM7_ISR</name>
         <value>0x811cc</value>
         <object_component_ref idref="oc-196"/>
      </symbol>
      <symbol id="sm-5b5">
         <name>_USER10_ISR</name>
         <value>0x810dc</value>
         <object_component_ref idref="oc-196"/>
      </symbol>
      <symbol id="sm-5b7">
         <name>_USER7_ISR</name>
         <value>0x810be</value>
         <object_component_ref idref="oc-196"/>
      </symbol>
      <symbol id="sm-5b9">
         <name>_PMBUSA_ISR</name>
         <value>0x81460</value>
         <object_component_ref idref="oc-196"/>
      </symbol>
      <symbol id="sm-5bb">
         <name>_XINT1_ISR</name>
         <value>0x81118</value>
         <object_component_ref idref="oc-196"/>
      </symbol>
      <symbol id="sm-5bd">
         <name>_DMA_CH6_ISR</name>
         <value>0x812a8</value>
         <object_component_ref idref="oc-196"/>
      </symbol>
      <symbol id="sm-5bf">
         <name>_ECAP2_ISR</name>
         <value>0x811ea</value>
         <object_component_ref idref="oc-196"/>
      </symbol>
      <symbol id="sm-5c1">
         <name>_SD1DR3_ISR</name>
         <value>0x81406</value>
         <object_component_ref idref="oc-196"/>
      </symbol>
      <symbol id="sm-5c3">
         <name>_USER6_ISR</name>
         <value>0x810b4</value>
         <object_component_ref idref="oc-196"/>
      </symbol>
      <symbol id="sm-5c5">
         <name>_EPWM4_TZ_ISR</name>
         <value>0x8115e</value>
         <object_component_ref idref="oc-196"/>
      </symbol>
      <symbol id="sm-5c7">
         <name>_EPWM3_TZ_ISR</name>
         <value>0x81154</value>
         <object_component_ref idref="oc-196"/>
      </symbol>
      <symbol id="sm-5c9">
         <name>_I2CA_FIFO_ISR</name>
         <value>0x812bc</value>
         <object_component_ref idref="oc-196"/>
      </symbol>
      <symbol id="sm-5cb">
         <name>_ECAP3_ISR</name>
         <value>0x811f4</value>
         <object_component_ref idref="oc-196"/>
      </symbol>
      <symbol id="sm-5cd">
         <name>_RTOS_ISR</name>
         <value>0x8105a</value>
         <object_component_ref idref="oc-196"/>
      </symbol>
      <symbol id="sm-5cf">
         <name>_EPWM1_ISR</name>
         <value>0x81190</value>
         <object_component_ref idref="oc-196"/>
      </symbol>
      <symbol id="sm-5d1">
         <name>_USER12_ISR</name>
         <value>0x810f0</value>
         <object_component_ref idref="oc-196"/>
      </symbol>
      <symbol id="sm-5d3">
         <name>_CLA1_4_ISR</name>
         <value>0x81384</value>
         <object_component_ref idref="oc-196"/>
      </symbol>
      <symbol id="sm-5d5">
         <name>_USER1_ISR</name>
         <value>0x81082</value>
         <object_component_ref idref="oc-196"/>
      </symbol>
      <symbol id="sm-5d7">
         <name>_CLA_UNDERFLOW_ISR</name>
         <value>0x814c4</value>
         <object_component_ref idref="oc-196"/>
      </symbol>
      <symbol id="sm-5d9">
         <name>_ADCC_EVT_ISR</name>
         <value>0x8146a</value>
         <object_component_ref idref="oc-196"/>
      </symbol>
      <symbol id="sm-5db">
         <name>_SYS_PLL_SLIP_ISR</name>
         <value>0x814b0</value>
         <object_component_ref idref="oc-196"/>
      </symbol>
      <symbol id="sm-5dd">
         <name>_XINT3_ISR</name>
         <value>0x813b6</value>
         <object_component_ref idref="oc-196"/>
      </symbol>
      <symbol id="sm-5df">
         <name>_NMI_ISR</name>
         <value>0x8106e</value>
         <object_component_ref idref="oc-196"/>
      </symbol>
      <symbol id="sm-5e1">
         <name>_CANA0_ISR</name>
         <value>0x812ee</value>
         <object_component_ref idref="oc-196"/>
      </symbol>
      <symbol id="sm-5e3">
         <name>_CANB0_ISR</name>
         <value>0x81302</value>
         <object_component_ref idref="oc-196"/>
      </symbol>
      <symbol id="sm-5e5">
         <name>_EPWM8_ISR</name>
         <value>0x811d6</value>
         <object_component_ref idref="oc-196"/>
      </symbol>
      <symbol id="sm-5e7">
         <name>_EPWM2_ISR</name>
         <value>0x8119a</value>
         <object_component_ref idref="oc-196"/>
      </symbol>
      <symbol id="sm-5e9">
         <name>_CLA1_5_ISR</name>
         <value>0x8138e</value>
         <object_component_ref idref="oc-196"/>
      </symbol>
      <symbol id="sm-5eb">
         <name>_EPWM5_TZ_ISR</name>
         <value>0x81168</value>
         <object_component_ref idref="oc-196"/>
      </symbol>
      <symbol id="sm-5ed">
         <name>_WAKE_ISR</name>
         <value>0x81136</value>
         <object_component_ref idref="oc-196"/>
      </symbol>
      <symbol id="sm-5ef">
         <name>_XINT2_ISR</name>
         <value>0x81122</value>
         <object_component_ref idref="oc-196"/>
      </symbol>
      <symbol id="sm-5f1">
         <name>_LINA_0_ISR</name>
         <value>0x8144c</value>
         <object_component_ref idref="oc-196"/>
      </symbol>
      <symbol id="sm-5f3">
         <name>_DMA_CH1_ISR</name>
         <value>0x81276</value>
         <object_component_ref idref="oc-196"/>
      </symbol>
      <symbol id="sm-5f5">
         <name>_CANA1_ISR</name>
         <value>0x812f8</value>
         <object_component_ref idref="oc-196"/>
      </symbol>
      <symbol id="sm-5f7">
         <name>_CANB1_ISR</name>
         <value>0x8130c</value>
         <object_component_ref idref="oc-196"/>
      </symbol>
      <symbol id="sm-5f9">
         <name>_ADCA_EVT_ISR</name>
         <value>0x81316</value>
         <object_component_ref idref="oc-196"/>
      </symbol>
      <symbol id="sm-5fb">
         <name>_SD1DR4_ISR</name>
         <value>0x81410</value>
         <object_component_ref idref="oc-196"/>
      </symbol>
      <symbol id="sm-5fd">
         <name>_SPIB_RX_ISR</name>
         <value>0x81262</value>
         <object_component_ref idref="oc-196"/>
      </symbol>
      <symbol id="sm-5ff">
         <name>_CLA1PROMCRC_ISR</name>
         <value>0x81442</value>
         <object_component_ref idref="oc-196"/>
      </symbol>
      <symbol id="sm-601">
         <name>_SPIB_TX_ISR</name>
         <value>0x8126c</value>
         <object_component_ref idref="oc-196"/>
      </symbol>
      <symbol id="sm-603">
         <name>_EPWM3_ISR</name>
         <value>0x811a4</value>
         <object_component_ref idref="oc-196"/>
      </symbol>
      <symbol id="sm-605">
         <name>_USER9_ISR</name>
         <value>0x810d2</value>
         <object_component_ref idref="oc-196"/>
      </symbol>
      <symbol id="sm-607">
         <name>_CLA1_6_ISR</name>
         <value>0x81398</value>
         <object_component_ref idref="oc-196"/>
      </symbol>
      <symbol id="sm-609">
         <name>_USER3_ISR</name>
         <value>0x81096</value>
         <object_component_ref idref="oc-196"/>
      </symbol>
      <symbol id="sm-60b">
         <name>_NOTUSED_ISR</name>
         <value>0x814e5</value>
         <object_component_ref idref="oc-196"/>
      </symbol>
      <symbol id="sm-60d">
         <name>_LINA_1_ISR</name>
         <value>0x81456</value>
         <object_component_ref idref="oc-196"/>
      </symbol>
      <symbol id="sm-60f">
         <name>_RAM_ACCESS_VIOLATION_ISR</name>
         <value>0x814a6</value>
         <object_component_ref idref="oc-196"/>
      </symbol>
      <symbol id="sm-611">
         <name>_DMA_CH2_ISR</name>
         <value>0x81280</value>
         <object_component_ref idref="oc-196"/>
      </symbol>
      <symbol id="sm-613">
         <name>_ECAP4_ISR</name>
         <value>0x811fe</value>
         <object_component_ref idref="oc-196"/>
      </symbol>
      <symbol id="sm-615">
         <name>_ADCA1_ISR</name>
         <value>0x810fa</value>
         <object_component_ref idref="oc-196"/>
      </symbol>
      <symbol id="sm-617">
         <name>_FPU_UNDERFLOW_ISR</name>
         <value>0x813de</value>
         <object_component_ref idref="oc-196"/>
      </symbol>
      <symbol id="sm-619">
         <name>_ADCB1_ISR</name>
         <value>0x81104</value>
         <object_component_ref idref="oc-196"/>
      </symbol>
      <symbol id="sm-61b">
         <name>_ADCC1_ISR</name>
         <value>0x8110e</value>
         <object_component_ref idref="oc-196"/>
      </symbol>
      <symbol id="sm-61d">
         <name>_FSIRXA1_ISR</name>
         <value>0x8142e</value>
         <object_component_ref idref="oc-196"/>
      </symbol>
      <symbol id="sm-61f">
         <name>_USER8_ISR</name>
         <value>0x810c8</value>
         <object_component_ref idref="oc-196"/>
      </symbol>
      <symbol id="sm-621">
         <name>_CLA1_7_ISR</name>
         <value>0x813a2</value>
         <object_component_ref idref="oc-196"/>
      </symbol>
      <symbol id="sm-623">
         <name>_USER2_ISR</name>
         <value>0x8108c</value>
         <object_component_ref idref="oc-196"/>
      </symbol>
      <symbol id="sm-625">
         <name>_EPWM1_TZ_ISR</name>
         <value>0x81140</value>
         <object_component_ref idref="oc-196"/>
      </symbol>
      <symbol id="sm-627">
         <name>_DMA_CH3_ISR</name>
         <value>0x8128a</value>
         <object_component_ref idref="oc-196"/>
      </symbol>
      <symbol id="sm-629">
         <name>_ECAP5_ISR</name>
         <value>0x81208</value>
         <object_component_ref idref="oc-196"/>
      </symbol>
      <symbol id="sm-62b">
         <name>_ADCA2_ISR</name>
         <value>0x81320</value>
         <object_component_ref idref="oc-196"/>
      </symbol>
      <symbol id="sm-62d">
         <name>_ADCB2_ISR</name>
         <value>0x81348</value>
         <object_component_ref idref="oc-196"/>
      </symbol>
      <symbol id="sm-62f">
         <name>_ADCC2_ISR</name>
         <value>0x81474</value>
         <object_component_ref idref="oc-196"/>
      </symbol>
      <symbol id="sm-631">
         <name>_SCIB_RX_ISR</name>
         <value>0x812da</value>
         <object_component_ref idref="oc-196"/>
      </symbol>
      <symbol id="sm-633">
         <name>_EMU_ISR</name>
         <value>0x81064</value>
         <object_component_ref idref="oc-196"/>
      </symbol>
      <symbol id="sm-635">
         <name>_SCIB_TX_ISR</name>
         <value>0x812e4</value>
         <object_component_ref idref="oc-196"/>
      </symbol>
      <symbol id="sm-637">
         <name>_SPIA_RX_ISR</name>
         <value>0x8124e</value>
         <object_component_ref idref="oc-196"/>
      </symbol>
      <symbol id="sm-639">
         <name>_SPIA_TX_ISR</name>
         <value>0x81258</value>
         <object_component_ref idref="oc-196"/>
      </symbol>
      <symbol id="sm-63b">
         <name>_FSIRXA2_ISR</name>
         <value>0x81438</value>
         <object_component_ref idref="oc-196"/>
      </symbol>
      <symbol id="sm-63d">
         <name>_XINT5_ISR</name>
         <value>0x813ca</value>
         <object_component_ref idref="oc-196"/>
      </symbol>
      <symbol id="sm-63f">
         <name>_CLA_OVERFLOW_ISR</name>
         <value>0x814ba</value>
         <object_component_ref idref="oc-196"/>
      </symbol>
      <symbol id="sm-682">
         <name>_F28x_usDelay</name>
         <value>0x8000</value>
         <object_component_ref idref="oc-1b9"/>
      </symbol>
      <symbol id="sm-69d">
         <name>_c_int00</name>
         <value>0x82282</value>
         <object_component_ref idref="oc-7c"/>
      </symbol>
      <symbol id="sm-69e">
         <name>__stack</name>
         <value>0x400</value>
         <object_component_ref idref="oc-1be"/>
      </symbol>
      <symbol id="sm-6af">
         <name>FS$$DIV</name>
         <value>0x82187</value>
         <object_component_ref idref="oc-1c4"/>
      </symbol>
      <symbol id="sm-6be">
         <name>_copy_in</name>
         <value>0x82301</value>
         <object_component_ref idref="oc-1ef"/>
      </symbol>
      <symbol id="sm-6d0">
         <name>_memcpy</name>
         <value>0x82325</value>
         <object_component_ref idref="oc-1f6"/>
      </symbol>
      <symbol id="sm-6dd">
         <name>__system_pre_init</name>
         <value>0x81ffe</value>
         <object_component_ref idref="oc-1ee"/>
      </symbol>
      <symbol id="sm-6eb">
         <name>__system_post_cinit</name>
         <value>0x8234b</value>
         <object_component_ref idref="oc-1f0"/>
      </symbol>
      <symbol id="sm-700">
         <name>C$$EXIT</name>
         <value>0x822d8</value>
         <object_component_ref idref="oc-1f2"/>
      </symbol>
      <symbol id="sm-701">
         <name>_exit</name>
         <value>0x822da</value>
         <object_component_ref idref="oc-1f2"/>
      </symbol>
      <symbol id="sm-703">
         <name>___TI_cleanup_ptr</name>
         <value>0xa832</value>
         <object_component_ref idref="oc-1df"/>
      </symbol>
      <symbol id="sm-704">
         <name>___TI_enable_exit_profile_output</name>
         <value>0xa830</value>
         <object_component_ref idref="oc-1df"/>
      </symbol>
      <symbol id="sm-705">
         <name>_abort</name>
         <value>0x822d8</value>
         <object_component_ref idref="oc-1f2"/>
      </symbol>
      <symbol id="sm-707">
         <name>___TI_dtors_ptr</name>
         <value>0xa834</value>
         <object_component_ref idref="oc-1df"/>
      </symbol>
      <symbol id="sm-71b">
         <name>__unlock</name>
         <value>0xa83c</value>
         <object_component_ref idref="oc-200"/>
      </symbol>
      <symbol id="sm-71c">
         <name>__lock</name>
         <value>0xa83a</value>
         <object_component_ref idref="oc-1f7"/>
      </symbol>
      <symbol id="sm-71d">
         <name>__register_lock</name>
         <value>0x82346</value>
         <object_component_ref idref="oc-1fd"/>
      </symbol>
      <symbol id="sm-71f">
         <name>__nop</name>
         <value>0x8234a</value>
         <object_component_ref idref="oc-1fd"/>
      </symbol>
      <symbol id="sm-721">
         <name>__register_unlock</name>
         <value>0x82342</value>
         <object_component_ref idref="oc-1fd"/>
      </symbol>
      <symbol id="sm-731">
         <name>__args_main</name>
         <value>0x81fec</value>
         <object_component_ref idref="oc-1f1"/>
      </symbol>
   </symbol_table>
   <title>Link successful</title>
</link_info>
